Archive member included to satisfy reference by file (symbol)

.\CortexM3\ARM_GCC_541\Debug\Control_velocidad_giro.a(isr_Serial.o)
                              .\CortexM3\ARM_GCC_541\Debug\main.o (isr_Serial_StartEx)
.\CortexM3\ARM_GCC_541\Debug\Control_velocidad_giro.a(CyLib.o)
                              .\CortexM3\ARM_GCC_541\Debug\Cm3Start.o (CyHalt)
.\CortexM3\ARM_GCC_541\Debug\Control_velocidad_giro.a(cyPm.o)
                              .\CortexM3\ARM_GCC_541\Debug\Control_velocidad_giro.a(CyLib.o) (CyPmReadStatus)
.\CortexM3\ARM_GCC_541\Debug\Control_velocidad_giro.a(UART_Serial.o)
                              .\CortexM3\ARM_GCC_541\Debug\main.o (UART_Serial_Start)
.\CortexM3\ARM_GCC_541\Debug\Control_velocidad_giro.a(UART_Serial_IntClock.o)
                              .\CortexM3\ARM_GCC_541\Debug\Control_velocidad_giro.a(UART_Serial.o) (UART_Serial_IntClock_Start)
.\CortexM3\ARM_GCC_541\Debug\Control_velocidad_giro.a(I2C.o)
                              .\CortexM3\ARM_GCC_541\Debug\main.o (I2C_Start)
.\CortexM3\ARM_GCC_541\Debug\Control_velocidad_giro.a(I2C_INT.o)
                              .\CortexM3\ARM_GCC_541\Debug\Control_velocidad_giro.a(I2C.o) (I2C_ISR)
.\CortexM3\ARM_GCC_541\Debug\Control_velocidad_giro.a(I2C_PM.o)
                              .\CortexM3\ARM_GCC_541\Debug\Control_velocidad_giro.a(I2C.o) (I2C_backup)
.\CortexM3\ARM_GCC_541\Debug\Control_velocidad_giro.a(I2C_MASTER.o)
                              .\CortexM3\ARM_GCC_541\Debug\Control_velocidad_giro.a(I2C.o) (I2C_mstrStatus)
.\CortexM3\ARM_GCC_541\Debug\Control_velocidad_giro.a(LCD_I2C_FUNCS.o)
                              .\CortexM3\ARM_GCC_541\Debug\main.o (LCD_I2C_print)
.\CortexM3\ARM_GCC_541\Debug\Control_velocidad_giro.a(Counter.o)
                              .\CortexM3\ARM_GCC_541\Debug\main.o (Counter_Stop)
.\CortexM3\ARM_GCC_541\Debug\Control_velocidad_giro.a(Timer.o)
                              .\CortexM3\ARM_GCC_541\Debug\main.o (Timer_Start)
.\CortexM3\ARM_GCC_541\Debug\Control_velocidad_giro.a(isr_Timer.o)
                              .\CortexM3\ARM_GCC_541\Debug\main.o (isr_Timer_StartEx)
.\CortexM3\ARM_GCC_541\Debug\Control_velocidad_giro.a(Out_1.o)
                              .\CortexM3\ARM_GCC_541\Debug\main.o (Out_1_Write)
.\CortexM3\ARM_GCC_541\Debug\Control_velocidad_giro.a(Out_4.o)
                              .\CortexM3\ARM_GCC_541\Debug\main.o (Out_4_Write)
.\CortexM3\ARM_GCC_541\Debug\Control_velocidad_giro.a(Out_3.o)
                              .\CortexM3\ARM_GCC_541\Debug\main.o (Out_3_Write)
.\CortexM3\ARM_GCC_541\Debug\Control_velocidad_giro.a(Out_2.o)
                              .\CortexM3\ARM_GCC_541\Debug\main.o (Out_2_Write)
.\CortexM3\ARM_GCC_541\Debug\Control_velocidad_giro.a(Trigger.o)
                              .\CortexM3\ARM_GCC_541\Debug\main.o (Trigger_Write)
.\CortexM3\ARM_GCC_541\Debug\Control_velocidad_giro.a(CyBootAsmGnu.o)
                              .\CortexM3\ARM_GCC_541\Debug\cyfitter_cfg.o (CyDelayCycles)
.\CortexM3\ARM_GCC_541\Debug\Control_velocidad_giro.a(CyFlash.o)
                              .\CortexM3\ARM_GCC_541\Debug\Control_velocidad_giro.a(cyPm.o) (CyFlash_SetWaitCycles)
.\CortexM3\ARM_GCC_541\Debug\Control_velocidad_giro.a(CySpc.o)
                              .\CortexM3\ARM_GCC_541\Debug\Control_velocidad_giro.a(CyFlash.o) (CySpcStart)
.\CortexM3\ARM_GCC_541\Debug\Control_velocidad_giro.a(LCD_I2C_LL_I2C.o)
                              .\CortexM3\ARM_GCC_541\Debug\Control_velocidad_giro.a(LCD_I2C_FUNCS.o) (LCD_I2C_writeByte)
c:/program files (x86)/cypress/psoc creator/4.4/psoc creator/import/gnu/arm/5.4.1/bin/../lib/gcc/arm-none-eabi/5.4.1/../../../../arm-none-eabi/lib/armv7-m\libm.a(lib_a-w_pow.o)
                              .\CortexM3\ARM_GCC_541\Debug\main.o (pow)
c:/program files (x86)/cypress/psoc creator/4.4/psoc creator/import/gnu/arm/5.4.1/bin/../lib/gcc/arm-none-eabi/5.4.1/../../../../arm-none-eabi/lib/armv7-m\libm.a(lib_a-e_pow.o)
                              c:/program files (x86)/cypress/psoc creator/4.4/psoc creator/import/gnu/arm/5.4.1/bin/../lib/gcc/arm-none-eabi/5.4.1/../../../../arm-none-eabi/lib/armv7-m\libm.a(lib_a-w_pow.o) (__ieee754_pow)
c:/program files (x86)/cypress/psoc creator/4.4/psoc creator/import/gnu/arm/5.4.1/bin/../lib/gcc/arm-none-eabi/5.4.1/../../../../arm-none-eabi/lib/armv7-m\libm.a(lib_a-e_sqrt.o)
                              c:/program files (x86)/cypress/psoc creator/4.4/psoc creator/import/gnu/arm/5.4.1/bin/../lib/gcc/arm-none-eabi/5.4.1/../../../../arm-none-eabi/lib/armv7-m\libm.a(lib_a-e_pow.o) (__ieee754_sqrt)
c:/program files (x86)/cypress/psoc creator/4.4/psoc creator/import/gnu/arm/5.4.1/bin/../lib/gcc/arm-none-eabi/5.4.1/../../../../arm-none-eabi/lib/armv7-m\libm.a(lib_a-s_fabs.o)
[...]
Memory Configuration

Name             Origin             Length             Attributes
rom              0x00000000         0x00040000         xr
ram              0x1fff8000         0x00010000         xrw
*default*        0x00000000         0xffffffff

Linker script and memory map

LOAD c:/program files (x86)/cypress/psoc creator/4.4/psoc creator/import/gnu/arm/5.4.1/bin/../lib/gcc/arm-none-eabi/5.4.1/armv7-m/crti.o
LOAD c:/program files (x86)/cypress/psoc creator/4.4/psoc creator/import/gnu/arm/5.4.1/bin/../lib/gcc/arm-none-eabi/5.4.1/armv7-m/crtbegin.o
LOAD c:/program files (x86)/cypress/psoc creator/4.4/psoc creator/import/gnu/arm/5.4.1/bin/../lib/gcc/arm-none-eabi/5.4.1/../../../../arm-none-eabi/lib/armv7-m/crt0.o
START GROUP
LOAD .\CortexM3\ARM_GCC_541\Debug\main.o
LOAD .\CortexM3\ARM_GCC_541\Debug\LiquidCrystal_I2C.o
LOAD .\CortexM3\ARM_GCC_541\Debug\cyfitter_cfg.o
LOAD .\CortexM3\ARM_GCC_541\Debug\cymetadata.o
LOAD .\CortexM3\ARM_GCC_541\Debug\Cm3Start.o
LOAD .\CortexM3\ARM_GCC_541\Debug\Control_velocidad_giro.a
LOAD C:\Program Files (x86)\Cypress\PSoC Creator\4.4\PSoC Creator\psoc\content\cycomponentlibrary\CyComponentLibrary.cylib\CortexM3\ARM_GCC_541\Debug\CyComponentLibrary.a
LOAD c:/program files (x86)/cypress/psoc creator/4.4/psoc creator/import/gnu/arm/5.4.1/bin/../lib/gcc/arm-none-eabi/5.4.1/../../../../arm-none-eabi/lib/armv7-m\libm.a
END GROUP
START GROUP
LOAD c:/program files (x86)/cypress/psoc creator/4.4/psoc creator/import/gnu/arm/5.4.1/bin/../lib/gcc/arm-none-eabi/5.4.1/armv7-m\libgcc.a
LOAD c:/program files (x86)/cypress/psoc creator/4.4/psoc creator/import/gnu/arm/5.4.1/bin/../lib/gcc/arm-none-eabi/5.4.1/../../../../arm-none-eabi/lib/armv7-m\libg_nano.a
LOAD c:/program files (x86)/cypress/psoc creator/4.4/psoc creator/import/gnu/arm/5.4.1/bin/../lib/gcc/arm-none-eabi/5.4.1/../../../../arm-none-eabi/lib/armv7-m\libc_nano.a
END GROUP
START GROUP
LOAD c:/program files (x86)/cypress/psoc creator/4.4/psoc creator/import/gnu/arm/5.4.1/bin/../lib/gcc/arm-none-eabi/5.4.1/armv7-m\libgcc.a
LOAD c:/program files (x86)/cypress/psoc creator/4.4/psoc creator/import/gnu/arm/5.4.1/bin/../lib/gcc/arm-none-eabi/5.4.1/../../../../arm-none-eabi/lib/armv7-m\libc_nano.a
END GROUP
LOAD c:/program files (x86)/cypress/psoc creator/4.4/psoc creator/import/gnu/arm/5.4.1/bin/../lib/gcc/arm-none-eabi/5.4.1/armv7-m/crtend.o
LOAD c:/program files (x86)/cypress/psoc creator/4.4/psoc creator/import/gnu/arm/5.4.1/bin/../lib/gcc/arm-none-eabi/5.4.1/armv7-m/crtn.o
START GROUP
LOAD c:/program files (x86)/cypress/psoc creator/4.4/psoc creator/import/gnu/arm/5.4.1/bin/../lib/gcc/arm-none-eabi/5.4.1/armv7-m\libgcc.a
LOAD c:/program files (x86)/cypress/psoc creator/4.4/psoc creator/import/gnu/arm/5.4.1/bin/../lib/gcc/arm-none-eabi/5.4.1/../../../../arm-none-eabi/lib/armv7-m\libc.a
LOAD c:/program files (x86)/cypress/psoc creator/4.4/psoc creator/import/gnu/arm/5.4.1/bin/../lib/gcc/arm-none-eabi/5.4.1/../../../../arm-none-eabi/lib/armv7-m\libnosys.a
END GROUP
                0x00000000                CY_APPL_ORIGIN = 0x0
                0x00000100                CY_FLASH_ROW_SIZE = 0x100
                0x00000020                CY_ECC_ROW_SIZE = 0x20
                0x00000000                CY_EE_IN_BTLDR = 0x0
                0x00000000                CY_APPL_LOADABLE = 0x0
                0x00000800                CY_EE_SIZE = 0x800
                0x00000001                CY_APPL_NUM = 0x1
                0x00000001                CY_APPL_MAX = 0x1
                0x00000040                CY_METADATA_SIZE = 0x40
                0x00000000                CY_APPL_LOADABLE = 0x0
                0x00000000                CY_CHECKSUM_EXCLUDE_SIZE = ALIGN (0x0, CY_FLASH_ROW_SIZE)
                [!provide]                PROVIDE (__cy_heap_start, _end)
                0x00000001                PROVIDE (__cy_region_num, ((__cy_regions_end - __cy_regions) / 0x10))
                0x20008000                PROVIDE (__cy_stack, (ORIGIN (ram) + LENGTH (ram)))
                [!provide]                PROVIDE (__cy_heap_end, (__cy_stack - 0x800))

.cybootloader   0x00000000        0x0
 *(.cybootloader)
                0x00000000                appl1_start = CY_APPL_ORIGIN?CY_APPL_ORIGIN:ALIGN (CY_FLASH_ROW_SIZE)
                0x0001ff00                appl2_start = (appl1_start + ALIGN ((((LENGTH (rom) - appl1_start) - (0x2 * CY_FLASH_ROW_SIZE)) / 0x2), CY_FLASH_ROW_SIZE))
                0x00000000                appl_start = (CY_APPL_NUM == 0x1)?appl1_start:appl2_start
                0x00000000                ecc_offset = ((appl_start / CY_FLASH_ROW_SIZE) * CY_ECC_ROW_SIZE)
                0x00000000                ee_offset = (CY_APPL_LOADABLE && ! (CY_EE_IN_BTLDR))?((CY_EE_SIZE / CY_APPL_MAX) * (CY_APPL_NUM - 0x1)):0x0
                0x00000800                ee_size = (CY_APPL_LOADABLE && ! (CY_EE_IN_BTLDR))?(CY_EE_SIZE / CY_APPL_MAX):CY_EE_SIZE
                [!provide]                PROVIDE (CY_ECC_OFFSET, ecc_offset)

.text           0x00000000     0x5248
 CREATE_OBJECT_SYMBOLS
                0x00000000                PROVIDE (__cy_interrupt_vector, RomVectors)
 *(.romvectors)
 .romvectors    0x00000000       0x10 .\CortexM3\ARM_GCC_541\Debug\Cm3Start.o
                0x00000000                RomVectors
                0x00000001                ASSERT ((. != __cy_interrupt_vector), No interrupt vector)
                0x00000001                ASSERT (CY_APPL_ORIGIN?(SIZEOF (.cybootloader) <= CY_APPL_ORIGIN):0x1, Wrong image location)
                0x00000010                PROVIDE (__cy_reset, Reset)
 *(.text.Reset)
 .text.Reset    0x00000010       0x18 .\CortexM3\ARM_GCC_541\Debug\Cm3Start.o
                0x00000010                Reset
                0x00000001                ASSERT ((. != __cy_reset), No reset code)
 *(.dma_init)
                0x00000001                ASSERT ((((appl_start + .) <= 0x10000) || 0x1), DMA Init must be within the first 64k of flash)
 *(.text .text.* .gnu.linkonce.t.*)
 .text          0x00000028       0x5c c:/program files (x86)/cypress/psoc creator/4.4/psoc creator/import/gnu/arm/5.4.1/bin/../lib/gcc/arm-none-eabi/5.4.1/armv7-m/crtbegin.o
 .text.printLCD
                0x00000084       0x14 .\CortexM3\ARM_GCC_541\Debug\main.o
                0x00000084                printLCD
 .text.isrSerial
                0x00000098      0x13c .\CortexM3\ARM_GCC_541\Debug\main.o
                0x00000098                isrSerial
 *fill*         0x000001d4        0x4 
 .text.isrTimer
                0x000001d8      0x1c0 .\CortexM3\ARM_GCC_541\Debug\main.o
                0x000001d8                isrTimer
 .text.main     0x00000398      0x1a0 .\CortexM3\ARM_GCC_541\Debug\main.o
                0x00000398                main
 .text.CyClockStartupError
                0x00000538        0x4 .\CortexM3\ARM_GCC_541\Debug\cyfitter_cfg.o
 .text.cfg_write_bytes32
                0x0000053c       0x34 .\CortexM3\ARM_GCC_541\Debug\cyfitter_cfg.o
 .text.AnalogSetDefault
                0x00000570       0x28 .\CortexM3\ARM_GCC_541\Debug\cyfitter_cfg.o
 .text.CYMEMZERO
                0x00000598        0xc .\CortexM3\ARM_GCC_541\Debug\cyfitter_cfg.o
 .text.CYCONFIGCPYCODE
                0x000005a4        0x8 .\CortexM3\ARM_GCC_541\Debug\cyfitter_cfg.o
 .text.CYCONFIGCPY
                0x000005ac        0x8 .\CortexM3\ARM_GCC_541\Debug\cyfitter_cfg.o
 .text.ClockSetup
                0x000005b4       0xd8 .\CortexM3\ARM_GCC_541\Debug\cyfitter_cfg.o
 .text.cyfitter_cfg
                0x0000068c      0x118 .\CortexM3\ARM_GCC_541\Debug\cyfitter_cfg.o
                0x0000068c                cyfitter_cfg
 .text.IntDefaultHandler
                0x000007a4       0x10 .\CortexM3\ARM_GCC_541\Debug\Cm3Start.o
                0x000007a4                IntDefaultHandler
 .text._sbrk    0x000007b4       0x30 .\CortexM3\ARM_GCC_541\Debug\Cm3Start.o
                0x000007b4                _sbrk
 .text.Start_c  0x000007e4       0x4c .\CortexM3\ARM_GCC_541\Debug\Cm3Start.o
                0x000007e4                Start_c
 .text.initialize_psoc
                0x00000830       0x68 .\CortexM3\ARM_GCC_541\Debug\Cm3Start.o
                0x00000830                initialize_psoc
 .text.isr_Serial_SetVector
                0x00000898        0xc .\CortexM3\ARM_GCC_541\Debug\Control_velocidad_giro.a(isr_Serial.o)
                0x00000898                isr_Serial_SetVector
 .text.isr_Serial_SetPriority
                0x000008a4       0x10 .\CortexM3\ARM_GCC_541\Debug\Control_velocidad_giro.a(isr_Serial.o)
                0x000008a4                isr_Serial_SetPriority
 .text.isr_Serial_Enable
                0x000008b4        0xc .\CortexM3\ARM_GCC_541\Debug\Control_velocidad_giro.a(isr_Serial.o)
                0x000008b4                isr_Serial_Enable
 .text.isr_Serial_Disable
                0x000008c0        0xc .\CortexM3\ARM_GCC_541\Debug\Control_velocidad_giro.a(isr_Serial.o)
                0x000008c0                isr_Serial_Disable
 .text.isr_Serial_StartEx
                0x000008cc       0x1c .\CortexM3\ARM_GCC_541\Debug\Control_velocidad_giro.a(isr_Serial.o)
                0x000008cc                isr_Serial_StartEx
 .text.CyHalt   0x000008e8        0x4 .\CortexM3\ARM_GCC_541\Debug\Control_velocidad_giro.a(CyLib.o)
                0x000008e8                CyHalt
 .text.CyDelay  0x000008ec       0x2c .\CortexM3\ARM_GCC_541\Debug\Control_velocidad_giro.a(CyLib.o)
                0x000008ec                CyDelay
 .text.CyDelayUs
                0x00000918       0x14 .\CortexM3\ARM_GCC_541\Debug\Control_velocidad_giro.a(CyLib.o)
                0x00000918                CyDelayUs
 .text.CyIntSetVector
                0x0000092c       0x28 .\CortexM3\ARM_GCC_541\Debug\Control_velocidad_giro.a(CyLib.o)
                0x0000092c                CyIntSetVector
 .text.CyIntSetPriority
                0x00000954       0x30 .\CortexM3\ARM_GCC_541\Debug\Control_velocidad_giro.a(CyLib.o)
                0x00000954                CyIntSetPriority
 .text.UART_Serial_Init
                0x00000984       0x28 .\CortexM3\ARM_GCC_541\Debug\Control_velocidad_giro.a(UART_Serial.o)
                0x00000984                UART_Serial_Init
 .text.UART_Serial_Enable
                0x000009ac       0x38 .\CortexM3\ARM_GCC_541\Debug\Control_velocidad_giro.a(UART_Serial.o)
                0x000009ac                UART_Serial_Enable
 .text.UART_Serial_Start
                0x000009e4       0x1c .\CortexM3\ARM_GCC_541\Debug\Control_velocidad_giro.a(UART_Serial.o)
                0x000009e4                UART_Serial_Start
 .text.UART_Serial_GetChar
                0x00000a00       0x2c .\CortexM3\ARM_GCC_541\Debug\Control_velocidad_giro.a(UART_Serial.o)
                0x00000a00                UART_Serial_GetChar
 .text.UART_Serial_GetRxBufferSize
                0x00000a2c       0x18 .\CortexM3\ARM_GCC_541\Debug\Control_velocidad_giro.a(UART_Serial.o)
                0x00000a2c                UART_Serial_GetRxBufferSize
 .text.UART_Serial_ClearRxBuffer
                0x00000a44       0x24 .\CortexM3\ARM_GCC_541\Debug\Control_velocidad_giro.a(UART_Serial.o)
                0x00000a44                UART_Serial_ClearRxBuffer
 .text.UART_Serial_PutChar
                0x00000a68       0x18 .\CortexM3\ARM_GCC_541\Debug\Control_velocidad_giro.a(UART_Serial.o)
                0x00000a68                UART_Serial_PutChar
 .text.UART_Serial_PutString
                0x00000a80       0x24 .\CortexM3\ARM_GCC_541\Debug\Control_velocidad_giro.a(UART_Serial.o)
                0x00000a80                UART_Serial_PutString
 .text.UART_Serial_IntClock_Start
                0x00000aa4       0x1c .\CortexM3\ARM_GCC_541\Debug\Control_velocidad_giro.a(UART_Serial_IntClock.o)
                0x00000aa4                UART_Serial_IntClock_Start
 .text.I2C_Init
                0x00000ac0       0x68 .\CortexM3\ARM_GCC_541\Debug\Control_velocidad_giro.a(I2C.o)
                0x00000ac0                I2C_Init
 .text.I2C_Enable
                0x00000b28       0x24 .\CortexM3\ARM_GCC_541\Debug\Control_velocidad_giro.a(I2C.o)
                0x00000b28                I2C_Enable
 .text.I2C_Start
                0x00000b4c       0x28 .\CortexM3\ARM_GCC_541\Debug\Control_velocidad_giro.a(I2C.o)
                0x00000b4c                I2C_Start
 .text.I2C_ISR  0x00000b74      0x2d0 .\CortexM3\ARM_GCC_541\Debug\Control_velocidad_giro.a(I2C_INT.o)
                0x00000b74                I2C_ISR
 .text.I2C_MasterSendStart
                0x00000e44       0x80 .\CortexM3\ARM_GCC_541\Debug\Control_velocidad_giro.a(I2C_MASTER.o)
                0x00000e44                I2C_MasterSendStart
 .text.I2C_MasterSendStop
                0x00000ec4       0x38 .\CortexM3\ARM_GCC_541\Debug\Control_velocidad_giro.a(I2C_MASTER.o)
                0x00000ec4                I2C_MasterSendStop
 .text.I2C_MasterWriteByte
                0x00000efc       0x58 .\CortexM3\ARM_GCC_541\Debug\Control_velocidad_giro.a(I2C_MASTER.o)
                0x00000efc                I2C_MasterWriteByte
 .text.LCD_I2C_expanderWrite
                0x00000f54       0x14 .\CortexM3\ARM_GCC_541\Debug\Control_velocidad_giro.a(LCD_I2C_FUNCS.o)
                0x00000f54                LCD_I2C_expanderWrite
 .text.LCD_I2C_pulseEnable
                0x00000f68       0x24 .\CortexM3\ARM_GCC_541\Debug\Control_velocidad_giro.a(LCD_I2C_FUNCS.o)
                0x00000f68                LCD_I2C_pulseEnable
 .text.LCD_I2C_write4bits
                0x00000f8c       0x10 .\CortexM3\ARM_GCC_541\Debug\Control_velocidad_giro.a(LCD_I2C_FUNCS.o)
                0x00000f8c                LCD_I2C_write4bits
 .text.LCD_I2C_send
                0x00000f9c       0x20 .\CortexM3\ARM_GCC_541\Debug\Control_velocidad_giro.a(LCD_I2C_FUNCS.o)
                0x00000f9c                LCD_I2C_send
 .text.LCD_I2C_write
                0x00000fbc        0xc .\CortexM3\ARM_GCC_541\Debug\Control_velocidad_giro.a(LCD_I2C_FUNCS.o)
                0x00000fbc                LCD_I2C_write
 .text.LCD_I2C_print
                0x00000fc8       0x18 .\CortexM3\ARM_GCC_541\Debug\Control_velocidad_giro.a(LCD_I2C_FUNCS.o)
                0x00000fc8                LCD_I2C_print
 .text.LCD_I2C_command
                0x00000fe0        0xc .\CortexM3\ARM_GCC_541\Debug\Control_velocidad_giro.a(LCD_I2C_FUNCS.o)
                0x00000fe0                LCD_I2C_command
 .text.LCD_I2C_clear
                0x00000fec       0x10 .\CortexM3\ARM_GCC_541\Debug\Control_velocidad_giro.a(LCD_I2C_FUNCS.o)
                0x00000fec                LCD_I2C_clear
 .text.LCD_I2C_home
                0x00000ffc       0x10 .\CortexM3\ARM_GCC_541\Debug\Control_velocidad_giro.a(LCD_I2C_FUNCS.o)
                0x00000ffc                LCD_I2C_home
 .text.LCD_I2C_setCursor
                0x0000100c       0x3c .\CortexM3\ARM_GCC_541\Debug\Control_velocidad_giro.a(LCD_I2C_FUNCS.o)
                0x0000100c                LCD_I2C_setCursor
 .text.LCD_I2C_display
                0x00001048       0x1c .\CortexM3\ARM_GCC_541\Debug\Control_velocidad_giro.a(LCD_I2C_FUNCS.o)
                0x00001048                LCD_I2C_display
 .text.LCD_I2C_begin
                0x00001064       0x6c .\CortexM3\ARM_GCC_541\Debug\Control_velocidad_giro.a(LCD_I2C_FUNCS.o)
                0x00001064                LCD_I2C_begin
 .text.LCD_I2C_start
                0x000010d0       0x2c .\CortexM3\ARM_GCC_541\Debug\Control_velocidad_giro.a(LCD_I2C_FUNCS.o)
                0x000010d0                LCD_I2C_start
 .text.Counter_Enable
                0x000010fc       0x10 .\CortexM3\ARM_GCC_541\Debug\Control_velocidad_giro.a(Counter.o)
                0x000010fc                Counter_Enable
 .text.Counter_Stop
                0x0000110c       0x10 .\CortexM3\ARM_GCC_541\Debug\Control_velocidad_giro.a(Counter.o)
                0x0000110c                Counter_Stop
 .text.Counter_SetInterruptMode
                0x0000111c        0xc .\CortexM3\ARM_GCC_541\Debug\Control_velocidad_giro.a(Counter.o)
                0x0000111c                Counter_SetInterruptMode
 .text.Counter_ReadStatusRegister
                0x00001128        0xc .\CortexM3\ARM_GCC_541\Debug\Control_velocidad_giro.a(Counter.o)
                0x00001128                Counter_ReadStatusRegister
 .text.Counter_WriteCounter
                0x00001134        0xc .\CortexM3\ARM_GCC_541\Debug\Control_velocidad_giro.a(Counter.o)
                0x00001134                Counter_WriteCounter
 .text.Counter_ReadCounter
                0x00001140       0x14 .\CortexM3\ARM_GCC_541\Debug\Control_velocidad_giro.a(Counter.o)
                0x00001140                Counter_ReadCounter
 .text.Counter_ReadCapture
                0x00001154        0xc .\CortexM3\ARM_GCC_541\Debug\Control_velocidad_giro.a(Counter.o)
                0x00001154                Counter_ReadCapture
 .text.Counter_WritePeriod
                0x00001160        0xc .\CortexM3\ARM_GCC_541\Debug\Control_velocidad_giro.a(Counter.o)
                0x00001160                Counter_WritePeriod
 .text.Counter_WriteCompare
                0x0000116c        0xc .\CortexM3\ARM_GCC_541\Debug\Control_velocidad_giro.a(Counter.o)
                0x0000116c                Counter_WriteCompare
 .text.Counter_ClearFIFO
                0x00001178       0x14 .\CortexM3\ARM_GCC_541\Debug\Control_velocidad_giro.a(Counter.o)
                0x00001178                Counter_ClearFIFO
 .text.Counter_Init
                0x0000118c       0x58 .\CortexM3\ARM_GCC_541\Debug\Control_velocidad_giro.a(Counter.o)
                0x0000118c                Counter_Init
 .text.Counter_Start
                0x000011e4       0x1c .\CortexM3\ARM_GCC_541\Debug\Control_velocidad_giro.a(Counter.o)
                0x000011e4                Counter_Start
 .text.Timer_Enable
                0x00001200       0x28 .\CortexM3\ARM_GCC_541\Debug\Control_velocidad_giro.a(Timer.o)
                0x00001200                Timer_Enable
 .text.Timer_SetInterruptMode
                0x00001228        0xc .\CortexM3\ARM_GCC_541\Debug\Control_velocidad_giro.a(Timer.o)
                0x00001228                Timer_SetInterruptMode
 .text.Timer_WritePeriod
                0x00001234        0xc .\CortexM3\ARM_GCC_541\Debug\Control_velocidad_giro.a(Timer.o)
                0x00001234                Timer_WritePeriod
 .text.Timer_WriteCounter
                0x00001240        0xc .\CortexM3\ARM_GCC_541\Debug\Control_velocidad_giro.a(Timer.o)
                0x00001240                Timer_WriteCounter
 .text.Timer_Init
                0x0000124c       0x68 .\CortexM3\ARM_GCC_541\Debug\Control_velocidad_giro.a(Timer.o)
                0x0000124c                Timer_Init
 .text.Timer_Start
                0x000012b4       0x1c .\CortexM3\ARM_GCC_541\Debug\Control_velocidad_giro.a(Timer.o)
                0x000012b4                Timer_Start
 .text.isr_Timer_SetVector
                0x000012d0        0xc .\CortexM3\ARM_GCC_541\Debug\Control_velocidad_giro.a(isr_Timer.o)
                0x000012d0                isr_Timer_SetVector
 .text.isr_Timer_SetPriority
                0x000012dc       0x10 .\CortexM3\ARM_GCC_541\Debug\Control_velocidad_giro.a(isr_Timer.o)
                0x000012dc                isr_Timer_SetPriority
 .text.isr_Timer_Enable
                0x000012ec        0xc .\CortexM3\ARM_GCC_541\Debug\Control_velocidad_giro.a(isr_Timer.o)
                0x000012ec                isr_Timer_Enable
 .text.isr_Timer_Disable
                0x000012f8        0xc .\CortexM3\ARM_GCC_541\Debug\Control_velocidad_giro.a(isr_Timer.o)
                0x000012f8                isr_Timer_Disable
 .text.isr_Timer_StartEx
                0x00001304       0x1c .\CortexM3\ARM_GCC_541\Debug\Control_velocidad_giro.a(isr_Timer.o)
                0x00001304                isr_Timer_StartEx
 .text.Out_1_Write
                0x00001320       0x18 .\CortexM3\ARM_GCC_541\Debug\Control_velocidad_giro.a(Out_1.o)
                0x00001320                Out_1_Write
 .text.Out_4_Write
                0x00001338       0x18 .\CortexM3\ARM_GCC_541\Debug\Control_velocidad_giro.a(Out_4.o)
                0x00001338                Out_4_Write
 .text.Out_3_Write
                0x00001350       0x18 .\CortexM3\ARM_GCC_541\Debug\Control_velocidad_giro.a(Out_3.o)
                0x00001350                Out_3_Write
 .text.Out_2_Write
                0x00001368       0x18 .\CortexM3\ARM_GCC_541\Debug\Control_velocidad_giro.a(Out_2.o)
                0x00001368                Out_2_Write
 .text.Trigger_Write
                0x00001380       0x18 .\CortexM3\ARM_GCC_541\Debug\Control_velocidad_giro.a(Trigger.o)
                0x00001380                Trigger_Write
 .text          0x00001398       0x20 .\CortexM3\ARM_GCC_541\Debug\Control_velocidad_giro.a(CyBootAsmGnu.o)
                0x00001398                CyDelayCycles
                0x000013a8                CyEnterCriticalSection
                0x000013b0                CyExitCriticalSection
 .text.LCD_I2C_writeByte
                0x000013b8       0x18 .\CortexM3\ARM_GCC_541\Debug\Control_velocidad_giro.a(LCD_I2C_LL_I2C.o)
                0x000013b8                LCD_I2C_writeByte
 .text.pow      0x000013d0      0x330 c:/program files (x86)/cypress/psoc creator/4.4/psoc creator/import/gnu/arm/5.4.1/bin/../lib/gcc/arm-none-eabi/5.4.1/../../../../arm-none-eabi/lib/armv7-m\libm.a(lib_a-w_pow.o)
                0x000013d0                pow
 .text.__ieee754_pow
                0x00001700      0xac4 c:/program files (x86)/cypress/psoc creator/4.4/psoc creator/import/gnu/arm/5.4.1/bin/../lib/gcc/arm-none-eabi/5.4.1/../../../../arm-none-eabi/lib/armv7-m\libm.a(lib_a-e_pow.o)
                0x00001700                __ieee754_pow
 .text.__ieee754_sqrt
                0x000021c4      0x188 c:/program files (x86)/cypress/psoc creator/4.4/psoc creator/import/gnu/arm/5.4.1/bin/../lib/gcc/arm-none-eabi/5.4.1/../../../../arm-none-eabi/lib/armv7-m\libm.a(lib_a-e_sqrt.o)
                0x000021c4                __ieee754_sqrt
 .text.fabs     0x0000234c        0x8 c:/program files (x86)/cypress/psoc creator/4.4/psoc creator/import/gnu/arm/5.4.1/bin/../lib/gcc/arm-none-eabi/5.4.1/../../../../arm-none-eabi/lib/armv7-m\libm.a(lib_a-s_fabs.o)
                0x0000234c                fabs
 .text.finite   0x00002354        0xc c:/program files (x86)/cypress/psoc creator/4.4/psoc creator/import/gnu/arm/5.4.1/bin/../lib/gcc/arm-none-eabi/5.4.1/../../../../arm-none-eabi/lib/armv7-m\libm.a(lib_a-s_finite.o)
                0x00002354                finite
 .text.matherr  0x00002360        0x4 c:/program files (x86)/cypress/psoc creator/4.4/psoc creator/import/gnu/arm/5.4.1/bin/../lib/gcc/arm-none-eabi/5.4.1/../../../../arm-none-eabi/lib/armv7-m\libm.a(lib_a-s_matherr.o)
                0x00002360                matherr
 .text.nan      0x00002364        0xc c:/program files (x86)/cypress/psoc creator/4.4/psoc creator/import/gnu/arm/5.4.1/bin/../lib/gcc/arm-none-eabi/5.4.1/../../../../arm-none-eabi/lib/armv7-m\libm.a(lib_a-s_nan.o)
                0x00002364                nan
 .text.rint     0x00002370      0x120 c:/program files (x86)/cypress/psoc creator/4.4/psoc creator/import/gnu/arm/5.4.1/bin/../lib/gcc/arm-none-eabi/5.4.1/../../../../arm-none-eabi/lib/armv7-m\libm.a(lib_a-s_rint.o)
                0x00002370                rint
 .text.scalbn   0x00002490       0xe4 c:/program files (x86)/cypress/psoc creator/4.4/psoc creator/import/gnu/arm/5.4.1/bin/../lib/gcc/arm-none-eabi/5.4.1/../../../../arm-none-eabi/lib/armv7-m\libm.a(lib_a-s_scalbn.o)
                0x00002490                scalbn
 .text.copysign
                0x00002574       0x10 c:/program files (x86)/cypress/psoc creator/4.4/psoc creator/import/gnu/arm/5.4.1/bin/../lib/gcc/arm-none-eabi/5.4.1/../../../../arm-none-eabi/lib/armv7-m\libm.a(lib_a-s_copysign.o)
                0x00002574                copysign
 .text          0x00002584      0x370 c:/program files (x86)/cypress/psoc creator/4.4/psoc creator/import/gnu/arm/5.4.1/bin/../lib/gcc/arm-none-eabi/5.4.1/armv7-m\libgcc.a(_arm_addsubdf3.o)
                0x00002584                __aeabi_drsub
                0x0000258c                __aeabi_dsub
                0x0000258c                __subdf3
                0x00002590                __aeabi_dadd
                0x00002590                __adddf3
                0x00002808                __floatunsidf
                0x00002808                __aeabi_ui2d
                0x00002828                __floatsidf
                0x00002828                __aeabi_i2d
                0x0000284c                __aeabi_f2d
                0x0000284c                __extendsfdf2
                0x00002888                __floatundidf
                0x00002888                __aeabi_ul2d
                0x00002898                __floatdidf
                0x00002898                __aeabi_l2d
 .text          0x000028f4      0x424 c:/program files (x86)/cypress/psoc creator/4.4/psoc creator/import/gnu/arm/5.4.1/bin/../lib/gcc/arm-none-eabi/5.4.1/armv7-m\libgcc.a(_arm_muldivdf3.o)
                0x000028f4                __aeabi_dmul
                0x000028f4                __muldf3
                0x00002b48                __divdf3
                0x00002b48                __aeabi_ddiv
 .text          0x00002d18      0x110 c:/program files (x86)/cypress/psoc creator/4.4/psoc creator/import/gnu/arm/5.4.1/bin/../lib/gcc/arm-none-eabi/5.4.1/armv7-m\libgcc.a(_arm_cmpdf2.o)
                0x00002d18                __gtdf2
                0x00002d18                __gedf2
                0x00002d20                __ltdf2
                0x00002d20                __ledf2
                0x00002d28                __nedf2
                0x00002d28                __eqdf2
                0x00002d28                __cmpdf2
                0x00002da4                __aeabi_cdrcmple
                0x00002db4                __aeabi_cdcmpeq
                0x00002db4                __aeabi_cdcmple
                0x00002dc4                __aeabi_dcmpeq
                0x00002dd8                __aeabi_dcmplt
                0x00002dec                __aeabi_dcmple
                0x00002e00                __aeabi_dcmpge
                0x00002e14                __aeabi_dcmpgt
 .text          0x00002e28       0x2c c:/program files (x86)/cypress/psoc creator/4.4/psoc creator/import/gnu/arm/5.4.1/bin/../lib/gcc/arm-none-eabi/5.4.1/armv7-m\libgcc.a(_arm_unorddf2.o)
                0x00002e28                __unorddf2
                0x00002e28                __aeabi_dcmpun
 .text          0x00002e54       0xa0 c:/program files (x86)/cypress/psoc creator/4.4/psoc creator/import/gnu/arm/5.4.1/bin/../lib/gcc/arm-none-eabi/5.4.1/armv7-m\libgcc.a(_arm_truncdfsf2.o)
                0x00002e54                __truncdfsf2
                0x00002e54                __aeabi_d2f
 .text          0x00002ef4      0x21c c:/program files (x86)/cypress/psoc creator/4.4/psoc creator/import/gnu/arm/5.4.1/bin/../lib/gcc/arm-none-eabi/5.4.1/armv7-m\libgcc.a(_arm_addsubsf3.o)
                0x00002ef4                __aeabi_frsub
                0x00002efc                __subsf3
                0x00002efc                __aeabi_fsub
                0x00002f00                __aeabi_fadd
                0x00002f00                __addsf3
                0x00003060                __aeabi_ui2f
                0x00003060                __floatunsisf
                0x00003068                __aeabi_i2f
                0x00003068                __floatsisf
                0x00003084                __aeabi_ul2f
                0x00003084                __floatundisf
                0x00003094                __aeabi_l2f
                0x00003094                __floatdisf
 .text          0x00003110       0x40 c:/program files (x86)/cypress/psoc creator/4.4/psoc creator/import/gnu/arm/5.4.1/bin/../lib/gcc/arm-none-eabi/5.4.1/armv7-m\libgcc.a(_arm_fixunssfsi.o)
                0x00003110                __fixunssfsi
                0x00003110                __aeabi_f2uiz
 .text.__errno  0x00003150        0xc c:/program files (x86)/cypress/psoc creator/4.4/psoc creator/import/gnu/arm/5.4.1/bin/../lib/gcc/arm-none-eabi/5.4.1/../../../../arm-none-eabi/lib/armv7-m\libg_nano.a(lib_a-errno.o)
                0x00003150                __errno
 .text.__libc_init_array
                0x0000315c       0x4c c:/program files (x86)/cypress/psoc creator/4.4/psoc creator/import/gnu/arm/5.4.1/bin/../lib/gcc/arm-none-eabi/5.4.1/../../../../arm-none-eabi/lib/armv7-m\libg_nano.a(lib_a-init.o)
                0x0000315c                __libc_init_array
 .text.memcpy   0x000031a8       0x16 c:/program files (x86)/cypress/psoc creator/4.4/psoc creator/import/gnu/arm/5.4.1/bin/../lib/gcc/arm-none-eabi/5.4.1/../../../../arm-none-eabi/lib/armv7-m\libg_nano.a(lib_a-memcpy-stub.o)
                0x000031a8                memcpy
 .text.memset   0x000031be       0x10 c:/program files (x86)/cypress/psoc creator/4.4/psoc creator/import/gnu/arm/5.4.1/bin/../lib/gcc/arm-none-eabi/5.4.1/../../../../arm-none-eabi/lib/armv7-m\libg_nano.a(lib_a-memset.o)
                0x000031be                memset
 .text.__cvt    0x000031ce       0xc0 c:/program files (x86)/cypress/psoc creator/4.4/psoc creator/import/gnu/arm/5.4.1/bin/../lib/gcc/arm-none-eabi/5.4.1/../../../../arm-none-eabi/lib/armv7-m\libg_nano.a(lib_a-nano-vfprintf_float.o)
                0x000031ce                __cvt
 .text.__exponent
                0x0000328e       0x62 c:/program files (x86)/cypress/psoc creator/4.4/psoc creator/import/gnu/arm/5.4.1/bin/../lib/gcc/arm-none-eabi/5.4.1/../../../../arm-none-eabi/lib/armv7-m\libg_nano.a(lib_a-nano-vfprintf_float.o)
                0x0000328e                __exponent
 .text._printf_float
                0x000032f0      0x488 c:/program files (x86)/cypress/psoc creator/4.4/psoc creator/import/gnu/arm/5.4.1/bin/../lib/gcc/arm-none-eabi/5.4.1/../../../../arm-none-eabi/lib/armv7-m\libg_nano.a(lib_a-nano-vfprintf_float.o)
                0x000032f0                _printf_float
 .text._printf_common
                0x00003778       0xec c:/program files (x86)/cypress/psoc creator/4.4/psoc creator/import/gnu/arm/5.4.1/bin/../lib/gcc/arm-none-eabi/5.4.1/../../../../arm-none-eabi/lib/armv7-m\libg_nano.a(lib_a-nano-vfprintf_i.o)
                0x00003778                _printf_common
 .text._printf_i
                0x00003864      0x24c c:/program files (x86)/cypress/psoc creator/4.4/psoc creator/import/gnu/arm/5.4.1/bin/../lib/gcc/arm-none-eabi/5.4.1/../../../../arm-none-eabi/lib/armv7-m\libg_nano.a(lib_a-nano-vfprintf_i.o)
                0x00003864                _printf_i
 .text.sprintf  0x00003ab0       0x48 c:/program files (x86)/cypress/psoc creator/4.4/psoc creator/import/gnu/arm/5.4.1/bin/../lib/gcc/arm-none-eabi/5.4.1/../../../../arm-none-eabi/lib/armv7-m\libg_nano.a(lib_a-sprintf.o)
                0x00003ab0                siprintf
                0x00003ab0                sprintf
 .text          0x00003af8       0x10 c:/program files (x86)/cypress/psoc creator/4.4/psoc creator/import/gnu/arm/5.4.1/bin/../lib/gcc/arm-none-eabi/5.4.1/../../../../arm-none-eabi/lib/armv7-m\libg_nano.a(lib_a-strlen.o)
                0x00003af8                strlen
 .text.quorem   0x00003b08      0x116 c:/program files (x86)/cypress/psoc creator/4.4/psoc creator/import/gnu/arm/5.4.1/bin/../lib/gcc/arm-none-eabi/5.4.1/../../../../arm-none-eabi/lib/armv7-m\libg_nano.a(lib_a-dtoa.o)
 *fill*         0x00003c1e        0x2 
 .text._dtoa_r  0x00003c20      0xb30 c:/program files (x86)/cypress/psoc creator/4.4/psoc creator/import/gnu/arm/5.4.1/bin/../lib/gcc/arm-none-eabi/5.4.1/../../../../arm-none-eabi/lib/armv7-m\libg_nano.a(lib_a-dtoa.o)
                0x00003c20                _dtoa_r
 .text._localeconv_r
                0x00004750        0x8 c:/program files (x86)/cypress/psoc creator/4.4/psoc creator/import/gnu/arm/5.4.1/bin/../lib/gcc/arm-none-eabi/5.4.1/../../../../arm-none-eabi/lib/armv7-m\libg_nano.a(lib_a-locale.o)
                0x00004750                _localeconv_r
 .text.malloc   0x00004758       0x10 c:/program files (x86)/cypress/psoc creator/4.4/psoc creator/import/gnu/arm/5.4.1/bin/../lib/gcc/arm-none-eabi/5.4.1/../../../../arm-none-eabi/lib/armv7-m\libg_nano.a(lib_a-malloc.o)
                0x00004758                malloc
 .text.memchr   0x00004768       0x1c c:/program files (x86)/cypress/psoc creator/4.4/psoc creator/import/gnu/arm/5.4.1/bin/../lib/gcc/arm-none-eabi/5.4.1/../../../../arm-none-eabi/lib/armv7-m\libg_nano.a(lib_a-memchr-stub.o)
                0x00004768                memchr
 .text._Balloc  0x00004784       0x6a c:/program files (x86)/cypress/psoc creator/4.4/psoc creator/import/gnu/arm/5.4.1/bin/../lib/gcc/arm-none-eabi/5.4.1/../../../../arm-none-eabi/lib/armv7-m\libg_nano.a(lib_a-mprec.o)
                0x00004784                _Balloc
 .text._Bfree   0x000047ee       0x2e c:/program files (x86)/cypress/psoc creator/4.4/psoc creator/import/gnu/arm/5.4.1/bin/../lib/gcc/arm-none-eabi/5.4.1/../../../../arm-none-eabi/lib/armv7-m\libg_nano.a(lib_a-mprec.o)
                0x000047ee                _Bfree
 .text.__multadd
                0x0000481c       0x76 c:/program files (x86)/cypress/psoc creator/4.4/psoc creator/import/gnu/arm/5.4.1/bin/../lib/gcc/arm-none-eabi/5.4.1/../../../../arm-none-eabi/lib/armv7-m\libg_nano.a(lib_a-mprec.o)
                0x0000481c                __multadd
 .text.__hi0bits
                0x00004892       0x40 c:/program files (x86)/cypress/psoc creator/4.4/psoc creator/import/gnu/arm/5.4.1/bin/../lib/gcc/arm-none-eabi/5.4.1/../../../../arm-none-eabi/lib/armv7-m\libg_nano.a(lib_a-mprec.o)
                0x00004892                __hi0bits
 .text.__lo0bits
                0x000048d2       0x5a c:/program files (x86)/cypress/psoc creator/4.4/psoc creator/import/gnu/arm/5.4.1/bin/../lib/gcc/arm-none-eabi/5.4.1/../../../../arm-none-eabi/lib/armv7-m\libg_nano.a(lib_a-mprec.o)
                0x000048d2                __lo0bits
 .text.__i2b    0x0000492c       0x12 c:/program files (x86)/cypress/psoc creator/4.4/psoc creator/import/gnu/arm/5.4.1/bin/../lib/gcc/arm-none-eabi/5.4.1/../../../../arm-none-eabi/lib/armv7-m\libg_nano.a(lib_a-mprec.o)
                0x0000492c                __i2b
 .text.__multiply
                0x0000493e      0x120 c:/program files (x86)/cypress/psoc creator/4.4/psoc creator/import/gnu/arm/5.4.1/bin/../lib/gcc/arm-none-eabi/5.4.1/../../../../arm-none-eabi/lib/armv7-m\libg_nano.a(lib_a-mprec.o)
                0x0000493e                __multiply
 *fill*         0x00004a5e        0x2 
 .text.__pow5mult
                0x00004a60       0x9c c:/program files (x86)/cypress/psoc creator/4.4/psoc creator/import/gnu/arm/5.4.1/bin/../lib/gcc/arm-none-eabi/5.4.1/../../../../arm-none-eabi/lib/armv7-m\libg_nano.a(lib_a-mprec.o)
                0x00004a60                __pow5mult
 .text.__lshift
                0x00004afc       0xa2 c:/program files (x86)/cypress/psoc creator/4.4/psoc creator/import/gnu/arm/5.4.1/bin/../lib/gcc/arm-none-eabi/5.4.1/../../../../arm-none-eabi/lib/armv7-m\libg_nano.a(lib_a-mprec.o)
                0x00004afc                __lshift
 .text.__mcmp   0x00004b9e       0x38 c:/program files (x86)/cypress/psoc creator/4.4/psoc creator/import/gnu/arm/5.4.1/bin/../lib/gcc/arm-none-eabi/5.4.1/../../../../arm-none-eabi/lib/armv7-m\libg_nano.a(lib_a-mprec.o)
                0x00004b9e                __mcmp
 .text.__mdiff  0x00004bd6       0xbe c:/program files (x86)/cypress/psoc creator/4.4/psoc creator/import/gnu/arm/5.4.1/bin/../lib/gcc/arm-none-eabi/5.4.1/../../../../arm-none-eabi/lib/armv7-m\libg_nano.a(lib_a-mprec.o)
                0x00004bd6                __mdiff
 .text.__d2b    0x00004c94       0x9c c:/program files (x86)/cypress/psoc creator/4.4/psoc creator/import/gnu/arm/5.4.1/bin/../lib/gcc/arm-none-eabi/5.4.1/../../../../arm-none-eabi/lib/armv7-m\libg_nano.a(lib_a-mprec.o)
                0x00004c94                __d2b
 .text._calloc_r
                0x00004d30       0x1c c:/program files (x86)/cypress/psoc creator/4.4/psoc creator/import/gnu/arm/5.4.1/bin/../lib/gcc/arm-none-eabi/5.4.1/../../../../arm-none-eabi/lib/armv7-m\libg_nano.a(lib_a-nano-callocr.o)
                0x00004d30                _calloc_r
 .text._free_r  0x00004d4c       0x98 c:/program files (x86)/cypress/psoc creator/4.4/psoc creator/import/gnu/arm/5.4.1/bin/../lib/gcc/arm-none-eabi/5.4.1/../../../../arm-none-eabi/lib/armv7-m\libg_nano.a(lib_a-nano-freer.o)
                0x00004d4c                _free_r
 .text._malloc_r
                0x00004de4       0xbc c:/program files (x86)/cypress/psoc creator/4.4/psoc creator/import/gnu/arm/5.4.1/bin/../lib/gcc/arm-none-eabi/5.4.1/../../../../arm-none-eabi/lib/armv7-m\libg_nano.a(lib_a-nano-mallocr.o)
                0x00004de4                _malloc_r
 .text.__ssputs_r
                0x00004ea0       0xb2 c:/program files (x86)/cypress/psoc creator/4.4/psoc creator/import/gnu/arm/5.4.1/bin/../lib/gcc/arm-none-eabi/5.4.1/../../../../arm-none-eabi/lib/armv7-m\libg_nano.a(lib_a-nano-svfprintf.o)
                0x00004ea0                __ssputs_r
 *fill*         0x00004f52        0x2 
 .text._svfprintf_r
                0x00004f54      0x1e8 c:/program files (x86)/cypress/psoc creator/4.4/psoc creator/import/gnu/arm/5.4.1/bin/../lib/gcc/arm-none-eabi/5.4.1/../../../../arm-none-eabi/lib/armv7-m\libg_nano.a(lib_a-nano-svfprintf.o)
                0x00004f54                _svfiprintf_r
                0x00004f54                _svfprintf_r
 .text._sbrk_r  0x0000513c       0x20 c:/program files (x86)/cypress/psoc creator/4.4/psoc creator/import/gnu/arm/5.4.1/bin/../lib/gcc/arm-none-eabi/5.4.1/../../../../arm-none-eabi/lib/armv7-m\libg_nano.a(lib_a-sbrkr.o)
                0x0000513c                _sbrk_r
 .text.memmove  0x0000515c       0x36 c:/program files (x86)/cypress/psoc creator/4.4/psoc creator/import/gnu/arm/5.4.1/bin/../lib/gcc/arm-none-eabi/5.4.1/../../../../arm-none-eabi/lib/armv7-m\libg_nano.a(lib_a-memmove.o)
                0x0000515c                memmove
 .text.__malloc_lock
                0x00005192        0x2 c:/program files (x86)/cypress/psoc creator/4.4/psoc creator/import/gnu/arm/5.4.1/bin/../lib/gcc/arm-none-eabi/5.4.1/../../../../arm-none-eabi/lib/armv7-m\libg_nano.a(lib_a-mlock.o)
                0x00005192                __malloc_lock
 .text.__malloc_unlock
                0x00005194        0x2 c:/program files (x86)/cypress/psoc creator/4.4/psoc creator/import/gnu/arm/5.4.1/bin/../lib/gcc/arm-none-eabi/5.4.1/../../../../arm-none-eabi/lib/armv7-m\libg_nano.a(lib_a-mlock.o)
                0x00005194                __malloc_unlock
 .text._realloc_r
                0x00005196       0x4c c:/program files (x86)/cypress/psoc creator/4.4/psoc creator/import/gnu/arm/5.4.1/bin/../lib/gcc/arm-none-eabi/5.4.1/../../../../arm-none-eabi/lib/armv7-m\libg_nano.a(lib_a-nano-reallocr.o)
                0x00005196                _realloc_r
 .text._malloc_usable_size_r
                0x000051e2       0x14 c:/program files (x86)/cypress/psoc creator/4.4/psoc creator/import/gnu/arm/5.4.1/bin/../lib/gcc/arm-none-eabi/5.4.1/../../../../arm-none-eabi/lib/armv7-m\libg_nano.a(lib_a-nano-msizer.o)
                0x000051e2                _malloc_usable_size_r
 *fill*         0x000051f6        0x2 
 .text          0x000051f8       0x50 c:/program files (x86)/cypress/psoc creator/4.4/psoc creator/import/gnu/arm/5.4.1/bin/../lib/gcc/arm-none-eabi/5.4.1/armv7-m\libgcc.a(_arm_fixdfsi.o)
                0x000051f8                __aeabi_d2iz
                0x000051f8                __fixdfsi
 *(.plt)
 *(.gnu.warning)
 *(.glue_7t)
 .glue_7t       0x00005248        0x0 linker stubs
 *(.glue_7)
 .glue_7        0x00005248        0x0 linker stubs
 *(.vfp11_veneer)
 .vfp11_veneer  0x00005248        0x0 linker stubs
 *(.bootloader)
 *(.ARM.extab* .gnu.linkonce.armextab.*)
 *(.gcc_except_table)

.v4_bx          0x00005248        0x0
 .v4_bx         0x00005248        0x0 linker stubs

.iplt           0x00005248        0x0
 .iplt          0x00005248        0x0 c:/program files (x86)/cypress/psoc creator/4.4/psoc creator/import/gnu/arm/5.4.1/bin/../lib/gcc/arm-none-eabi/5.4.1/armv7-m/crtbegin.o

.eh_frame_hdr
 *(.eh_frame_hdr)

.eh_frame       0x00005248        0x4
 *(.eh_frame)
 .eh_frame      0x00005248        0x0 c:/program files (x86)/cypress/psoc creator/4.4/psoc creator/import/gnu/arm/5.4.1/bin/../lib/gcc/arm-none-eabi/5.4.1/armv7-m/crtbegin.o
 .eh_frame      0x00005248        0x4 c:/program files (x86)/cypress/psoc creator/4.4/psoc creator/import/gnu/arm/5.4.1/bin/../lib/gcc/arm-none-eabi/5.4.1/armv7-m/crtend.o
                [!provide]                PROVIDE (__exidx_start, .)

.ARM.exidx
 *(.ARM.exidx* .gnu.linkonce.armexidx.*)
                0x0000524c                __exidx_end = .

.rodata         0x00005250      0x810
 *(.rodata .rodata.* .gnu.linkonce.r.*)
 .rodata.str1.4
                0x00005250       0x85 .\CortexM3\ARM_GCC_541\Debug\main.o
 *fill*         0x000052d5        0x3 
 .rodata        0x000052d8      0x5d2 .\CortexM3\ARM_GCC_541\Debug\cyfitter_cfg.o
 *fill*         0x000058aa        0x2 
 .rodata        0x000058ac        0x4 .\CortexM3\ARM_GCC_541\Debug\Control_velocidad_giro.a(LCD_I2C_FUNCS.o)
 .rodata.str1.4
                0x000058b0        0x4 c:/program files (x86)/cypress/psoc creator/4.4/psoc creator/import/gnu/arm/5.4.1/bin/../lib/gcc/arm-none-eabi/5.4.1/../../../../arm-none-eabi/lib/armv7-m\libm.a(lib_a-w_pow.o)
 .rodata.str1.4
                0x000058b4        0x4 c:/program files (x86)/cypress/psoc creator/4.4/psoc creator/import/gnu/arm/5.4.1/bin/../lib/gcc/arm-none-eabi/5.4.1/../../../../arm-none-eabi/lib/armv7-m\libm.a(lib_a-e_pow.o)
                                  0x1 (size before relaxing)
 *fill*         0x000058b4        0x4 
 .rodata.TWO52  0x000058b8       0x10 c:/program files (x86)/cypress/psoc creator/4.4/psoc creator/import/gnu/arm/5.4.1/bin/../lib/gcc/arm-none-eabi/5.4.1/../../../../arm-none-eabi/lib/armv7-m\libm.a(lib_a-s_rint.o)
 .rodata.str1.1
                0x000058c8        0x2 c:/program files (x86)/cypress/psoc creator/4.4/psoc creator/import/gnu/arm/5.4.1/bin/../lib/gcc/arm-none-eabi/5.4.1/../../../../arm-none-eabi/lib/armv7-m\libg_nano.a(lib_a-impure.o)
 .rodata.str1.1
                0x000058ca       0x12 c:/program files (x86)/cypress/psoc creator/4.4/psoc creator/import/gnu/arm/5.4.1/bin/../lib/gcc/arm-none-eabi/5.4.1/../../../../arm-none-eabi/lib/armv7-m\libg_nano.a(lib_a-nano-vfprintf_float.o)
 .rodata.str1.1
                0x000058dc       0x22 c:/program files (x86)/cypress/psoc creator/4.4/psoc creator/import/gnu/arm/5.4.1/bin/../lib/gcc/arm-none-eabi/5.4.1/../../../../arm-none-eabi/lib/armv7-m\libg_nano.a(lib_a-nano-vfprintf_i.o)
 .rodata.str1.1
                0x000058fe        0xd c:/program files (x86)/cypress/psoc creator/4.4/psoc creator/import/gnu/arm/5.4.1/bin/../lib/gcc/arm-none-eabi/5.4.1/../../../../arm-none-eabi/lib/armv7-m\libg_nano.a(lib_a-dtoa.o)
                                  0xf (size before relaxing)
 .rodata.str1.1
                0x0000590b        0x8 c:/program files (x86)/cypress/psoc creator/4.4/psoc creator/import/gnu/arm/5.4.1/bin/../lib/gcc/arm-none-eabi/5.4.1/../../../../arm-none-eabi/lib/armv7-m\libg_nano.a(lib_a-locale.o)
                                  0xb (size before relaxing)
 *fill*         0x00005913        0x5 
 .rodata.__mprec_tens
                0x00005918       0xc8 c:/program files (x86)/cypress/psoc creator/4.4/psoc creator/import/gnu/arm/5.4.1/bin/../lib/gcc/arm-none-eabi/5.4.1/../../../../arm-none-eabi/lib/armv7-m\libg_nano.a(lib_a-mprec.o)
                0x00005918                __mprec_tens
 .rodata.p05.5408
                0x000059e0        0xc c:/program files (x86)/cypress/psoc creator/4.4/psoc creator/import/gnu/arm/5.4.1/bin/../lib/gcc/arm-none-eabi/5.4.1/../../../../arm-none-eabi/lib/armv7-m\libg_nano.a(lib_a-mprec.o)
 *fill*         0x000059ec        0x4 
 .rodata.__mprec_bigtens
                0x000059f0       0x28 c:/program files (x86)/cypress/psoc creator/4.4/psoc creator/import/gnu/arm/5.4.1/bin/../lib/gcc/arm-none-eabi/5.4.1/../../../../arm-none-eabi/lib/armv7-m\libg_nano.a(lib_a-mprec.o)
                0x000059f0                __mprec_bigtens
 .rodata.str1.1
                0x00005a18       0x11 c:/program files (x86)/cypress/psoc creator/4.4/psoc creator/import/gnu/arm/5.4.1/bin/../lib/gcc/arm-none-eabi/5.4.1/../../../../arm-none-eabi/lib/armv7-m\libg_nano.a(lib_a-nano-svfprintf.o)
                0x00005a2c                . = ALIGN (0x4)
 *fill*         0x00005a29        0x3 
 *(.init)
 .init          0x00005a2c        0x4 c:/program files (x86)/cypress/psoc creator/4.4/psoc creator/import/gnu/arm/5.4.1/bin/../lib/gcc/arm-none-eabi/5.4.1/armv7-m/crti.o
                0x00005a2c                _init
 .init          0x00005a30        0x8 c:/program files (x86)/cypress/psoc creator/4.4/psoc creator/import/gnu/arm/5.4.1/bin/../lib/gcc/arm-none-eabi/5.4.1/armv7-m/crtn.o
                0x00005a38                . = ALIGN (0x4)
                0x00005a38                __preinit_array_start = .
 *(.preinit_array)
                0x00005a38                __preinit_array_end = .
                0x00005a38                . = ALIGN (0x4)
                0x00005a38                __init_array_start = .
 *(SORT(.init_array.*))
 *(.init_array)
 .init_array    0x00005a38        0x4 c:/program files (x86)/cypress/psoc creator/4.4/psoc creator/import/gnu/arm/5.4.1/bin/../lib/gcc/arm-none-eabi/5.4.1/armv7-m/crtbegin.o
 .init_array    0x00005a3c        0x4 .\CortexM3\ARM_GCC_541\Debug\Cm3Start.o
                0x00005a40                __init_array_end = .
                0x00005a40                . = ALIGN (0x4)
 *(.fini)
 .fini          0x00005a40        0x4 c:/program files (x86)/cypress/psoc creator/4.4/psoc creator/import/gnu/arm/5.4.1/bin/../lib/gcc/arm-none-eabi/5.4.1/armv7-m/crti.o
                0x00005a40                _fini
 .fini          0x00005a44        0x8 c:/program files (x86)/cypress/psoc creator/4.4/psoc creator/import/gnu/arm/5.4.1/bin/../lib/gcc/arm-none-eabi/5.4.1/armv7-m/crtn.o
                0x00005a4c                . = ALIGN (0x4)
                0x00005a4c                __fini_array_start = .
 *(.fini_array)
 .fini_array    0x00005a4c        0x4 c:/program files (x86)/cypress/psoc creator/4.4/psoc creator/import/gnu/arm/5.4.1/bin/../lib/gcc/arm-none-eabi/5.4.1/armv7-m/crtbegin.o
 *(SORT(.fini_array.*))
                0x00005a50                __fini_array_end = .
                0x00005a50                . = ALIGN (0x4)
 *crtbegin.o(.ctors)
 *(EXCLUDE_FILE(*crtend.o) .ctors)
 *(SORT(.ctors.*))
 *crtend.o(.ctors)
                0x00005a50                . = ALIGN (0x4)
 *crtbegin.o(.dtors)
 *(EXCLUDE_FILE(*crtend.o) .dtors)
 *(SORT(.dtors.*))
 *crtend.o(.dtors)
                0x00005a50                . = ALIGN (0x4)
                0x00005a50                __cy_regions = .
                0x00005a50        0x4 LONG 0x5a60 __cy_region_init_ram
                0x00005a54        0x4 LONG 0x1fff80c8 __cy_region_start_data
                0x00005a58        0x4 LONG 0x120 __cy_region_init_size_ram
                0x00005a5c        0x4 LONG 0xd0 __cy_region_zero_size_ram
                0x00005a60                __cy_regions_end = .
                0x00005a60                . = ALIGN (0x8)
                0x00005a60                _etext = .

.cy_checksum_exclude
                0x00005a60        0x0
 *(.cy_checksum_exclude)

.ramvectors     0x1fff8000       0xc0
                0x1fff8000                __cy_region_start_ram = .
 *(.ramvectors)
 .ramvectors    0x1fff8000       0xc0 .\CortexM3\ARM_GCC_541\Debug\Cm3Start.o
                0x1fff8000                CyRamVectors

.noinit         0x1fff80c0        0x1
 *(.noinit)
 .noinit        0x1fff80c0        0x1 .\CortexM3\ARM_GCC_541\Debug\Control_velocidad_giro.a(CyLib.o)
                0x1fff80c0                CyResetStatus

.data           0x1fff80c8      0x120 load address 0x00005a60
                0x1fff80c8                __cy_region_start_data = .
 *(.jcr)
 .jcr           0x1fff80c8        0x0 c:/program files (x86)/cypress/psoc creator/4.4/psoc creator/import/gnu/arm/5.4.1/bin/../lib/gcc/arm-none-eabi/5.4.1/armv7-m/crtbegin.o
 .jcr           0x1fff80c8        0x4 c:/program files (x86)/cypress/psoc creator/4.4/psoc creator/import/gnu/arm/5.4.1/bin/../lib/gcc/arm-none-eabi/5.4.1/armv7-m/crtend.o
 *(.got.plt)
 *(.got)
 *(.shdata)
 *(.data .data.* .gnu.linkonce.d.*)
 .data          0x1fff80cc       0x64 .\CortexM3\ARM_GCC_541\Debug\main.o
                0x1fff80cc                time_receive
                0x1fff80d0                time_String
                0x1fff80e0                RPM_String
                0x1fff80f0                secuence
 .data          0x1fff8130        0x4 .\CortexM3\ARM_GCC_541\Debug\Cm3Start.o
 .data          0x1fff8134       0x10 .\CortexM3\ARM_GCC_541\Debug\Control_velocidad_giro.a(CyLib.o)
                0x1fff8134                cydelay_32k_ms
                0x1fff8138                cydelay_freq_khz
                0x1fff813c                cydelay_freq_mhz
                0x1fff8140                cydelay_freq_hz
 .data.__fdlib_version
                0x1fff8144        0x1 c:/program files (x86)/cypress/psoc creator/4.4/psoc creator/import/gnu/arm/5.4.1/bin/../lib/gcc/arm-none-eabi/5.4.1/../../../../arm-none-eabi/lib/armv7-m\libm.a(lib_a-s_lib_ver.o)
                0x1fff8144                __fdlib_version
 *fill*         0x1fff8145        0x3 
 .data.impure_data
                0x1fff8148       0x60 c:/program files (x86)/cypress/psoc creator/4.4/psoc creator/import/gnu/arm/5.4.1/bin/../lib/gcc/arm-none-eabi/5.4.1/../../../../arm-none-eabi/lib/armv7-m\libg_nano.a(lib_a-impure.o)
 .data._impure_ptr
                0x1fff81a8        0x4 c:/program files (x86)/cypress/psoc creator/4.4/psoc creator/import/gnu/arm/5.4.1/bin/../lib/gcc/arm-none-eabi/5.4.1/../../../../arm-none-eabi/lib/armv7-m\libg_nano.a(lib_a-impure.o)
                0x1fff81a8                _impure_ptr
 .data.lconv    0x1fff81ac       0x38 c:/program files (x86)/cypress/psoc creator/4.4/psoc creator/import/gnu/arm/5.4.1/bin/../lib/gcc/arm-none-eabi/5.4.1/../../../../arm-none-eabi/lib/armv7-m\libg_nano.a(lib_a-locale.o)
                0x1fff81e8                . = ALIGN (0x8)
 *fill*         0x1fff81e4        0x4 
 *(.ram)
                0x1fff81e8                _edata = .

.igot.plt       0x1fff81e8        0x0 load address 0x00005b80
 .igot.plt      0x1fff81e8        0x0 c:/program files (x86)/cypress/psoc creator/4.4/psoc creator/import/gnu/arm/5.4.1/bin/../lib/gcc/arm-none-eabi/5.4.1/armv7-m/crtbegin.o

.bss            0x1fff81e8       0xd0 load address 0x00005b80
                0x1fff81e8                PROVIDE (__bss_start__, .)
 *(.shbss)
 *(.bss .bss.* .gnu.linkonce.b.*)
 .bss           0x1fff81e8       0x1c c:/program files (x86)/cypress/psoc creator/4.4/psoc creator/import/gnu/arm/5.4.1/bin/../lib/gcc/arm-none-eabi/5.4.1/armv7-m/crtbegin.o
 *fill*         0x1fff8204        0x4 
 .bss           0x1fff8208       0x10 .\CortexM3\ARM_GCC_541\Debug\main.o
                0x1fff8208                count
                0x1fff820c                RPM_receive
                0x1fff8210                aceleration
 .bss           0x1fff8218        0x2 .\CortexM3\ARM_GCC_541\Debug\Control_velocidad_giro.a(UART_Serial.o)
                0x1fff8218                UART_Serial_initVar
 .bss           0x1fff821a        0x1 .\CortexM3\ARM_GCC_541\Debug\Control_velocidad_giro.a(I2C.o)
                0x1fff821a                I2C_initVar
 .bss           0x1fff821b        0x1 .\CortexM3\ARM_GCC_541\Debug\Control_velocidad_giro.a(Counter.o)
                0x1fff821b                Counter_initVar
 .bss           0x1fff821c        0x1 .\CortexM3\ARM_GCC_541\Debug\Control_velocidad_giro.a(Timer.o)
                0x1fff821c                Timer_initVar
 *fill*         0x1fff821d        0x3 
 .bss.__malloc_sbrk_start
                0x1fff8220        0x4 c:/program files (x86)/cypress/psoc creator/4.4/psoc creator/import/gnu/arm/5.4.1/bin/../lib/gcc/arm-none-eabi/5.4.1/../../../../arm-none-eabi/lib/armv7-m\libg_nano.a(lib_a-nano-mallocr.o)
                0x1fff8220                __malloc_sbrk_start
 .bss.__malloc_free_list
                0x1fff8224        0x4 c:/program files (x86)/cypress/psoc creator/4.4/psoc creator/import/gnu/arm/5.4.1/bin/../lib/gcc/arm-none-eabi/5.4.1/../../../../arm-none-eabi/lib/armv7-m\libg_nano.a(lib_a-nano-mallocr.o)
                0x1fff8224                __malloc_free_list
 *(COMMON)
 COMMON         0x1fff8228       0x70 .\CortexM3\ARM_GCC_541\Debug\main.o
                0x1fff8228                PWM_final
                0x1fff822c                RPM_value_String
                0x1fff8230                Time_value_String
                0x1fff8234                bufferReceive
                0x1fff8240                RPM
                0x1fff8244                time_reading
                0x1fff8258                RPM_reading
                0x1fff825e                time
                0x1fff8260                PWM
                0x1fff8264                bufferToSend_PWM
                0x1fff8278                string_function_delay
                0x1fff8280                bufferToSend_Time
                0x1fff8294                function_delay
 COMMON         0x1fff8298        0x1 .\CortexM3\ARM_GCC_541\Debug\Control_velocidad_giro.a(I2C.o)
                0x1fff8298                I2C_state
 *fill*         0x1fff8299        0x3 
 COMMON         0x1fff829c       0x10 .\CortexM3\ARM_GCC_541\Debug\Control_velocidad_giro.a(I2C_MASTER.o)
                0x1fff829c                I2C_mstrWrBufIndex
                0x1fff829d                I2C_mstrWrBufSize
                0x1fff829e                I2C_mstrStatus
                0x1fff82a0                I2C_mstrRdBufPtr
                0x1fff82a4                I2C_mstrControl
                0x1fff82a5                I2C_mstrRdBufSize
                0x1fff82a6                I2C_mstrRdBufIndex
                0x1fff82a8                I2C_mstrWrBufPtr
 COMMON         0x1fff82ac        0x8 .\CortexM3\ARM_GCC_541\Debug\Control_velocidad_giro.a(LCD_I2C_FUNCS.o)
                0x1fff82ac                LCD_I2C_config
 COMMON         0x1fff82b4        0x4 c:/program files (x86)/cypress/psoc creator/4.4/psoc creator/import/gnu/arm/5.4.1/bin/../lib/gcc/arm-none-eabi/5.4.1/../../../../arm-none-eabi/lib/armv7-m\libg_nano.a(lib_a-reent.o)
                0x1fff82b4                errno
                0x1fff82b8                . = ALIGN (0x8)
 *(.ram.b)
                0x1fff82b8                _end = .
                0x1fff82b8                __end = .
                0x1fff82b8                PROVIDE (end, .)
                0x1fff82b8                PROVIDE (__bss_end__, .)
                0x00005a60                __cy_region_init_ram = LOADADDR (.data)
                0x00000120                __cy_region_init_size_ram = (_edata - ADDR (.data))
                0x000000d0                __cy_region_zero_size_ram = (_end - _edata)

.heap           0x1fff82b8      0x200 load address 0x00005b80
                0x1fff82b8                . = _end
                0x1fff84b8                . = (. + 0x200)
 *fill*         0x1fff82b8      0x200 
                0x1fff84b8                __cy_heap_limit = .

.stack          0x20007800      0x800
                0x20007800                __cy_stack_limit = .
                0x20008000                . = (. + 0x800)
 *fill*         0x20007800      0x800 
                0x00000001                ASSERT ((__cy_stack_limit >= __cy_heap_limit), region RAM overflowed with stack)
                0x00000000                cy_checksum_exclude_size = (CY_APPL_LOADABLE == 0x1)?SIZEOF (.cy_checksum_exclude):0x0
                0x00000001                ASSERT ((cy_checksum_exclude_size <= CY_CHECKSUM_EXCLUDE_SIZE), CY_BOOT: Section .cy_checksum_exclude size exceedes specified limit.)

.cyloadermeta
 *(.cyloadermeta)

.cyloadablemeta
 *(.cyloadablemeta)

.cyconfigecc
 *(.cyconfigecc)

.cycustnvl      0x90000000        0x4
 *(.cycustnvl)
 .cycustnvl     0x90000000        0x4 .\CortexM3\ARM_GCC_541\Debug\cymetadata.o
                0x90000000                cy_meta_custnvl

.cywolatch      0x90100000        0x4
 *(.cywolatch)
 .cywolatch     0x90100000        0x4 .\CortexM3\ARM_GCC_541\Debug\cymetadata.o
                0x90100000                cy_meta_wonvl

.cyeeprom       0x90200000        0x0
 *(.cyeeprom)
                0x00000001                ASSERT ((. <= ((0x90200000 + ee_offset) + ee_size)), .cyeeprom data will not fit in EEPROM)

.cyflashprotect
                0x90400000      0x100
 *(.cyflashprotect)
 .cyflashprotect
                0x90400000      0x100 .\CortexM3\ARM_GCC_541\Debug\cymetadata.o
                0x90400000                cy_meta_flashprotect

.cymeta         0x90500000        0xc
 *(.cymeta)
 .cymeta        0x90500000        0xc .\CortexM3\ARM_GCC_541\Debug\cymetadata.o
                0x90500000                cy_metadata

.rel.dyn        0x00005b80        0x0 load address 0x9050000c
 .rel.iplt      0x00005b80        0x0 c:/program files (x86)/cypress/psoc creator/4.4/psoc creator/import/gnu/arm/5.4.1/bin/../lib/gcc/arm-none-eabi/5.4.1/armv7-m/crtbegin.o

.stab
 *(.stab)

.stabstr
 *(.stabstr)

.debug
 *(.debug)

.line
 *(.line)

.debug_srcinfo
 *(.debug_srcinfo)

.debug_sfnames
 *(.debug_sfnames)

.debug_aranges  0x00000000      0xd38
 *(.debug_aranges)
 .debug_aranges
                0x00000000       0x38 .\CortexM3\ARM_GCC_541\Debug\main.o
 .debug_aranges
                0x00000038      0x118 .\CortexM3\ARM_GCC_541\Debug\LiquidCrystal_I2C.o
 .debug_aranges
                0x00000150       0x60 .\CortexM3\ARM_GCC_541\Debug\cyfitter_cfg.o
 .debug_aranges
                0x000001b0       0x18 .\CortexM3\ARM_GCC_541\Debug\cymetadata.o
 .debug_aranges
                0x000001c8       0x48 .\CortexM3\ARM_GCC_541\Debug\Cm3Start.o
 .debug_aranges
                0x00000210       0x80 .\CortexM3\ARM_GCC_541\Debug\Control_velocidad_giro.a(isr_Serial.o)
 .debug_aranges
                0x00000290      0x2a0 .\CortexM3\ARM_GCC_541\Debug\Control_velocidad_giro.a(CyLib.o)
 .debug_aranges
                0x00000530       0x98 .\CortexM3\ARM_GCC_541\Debug\Control_velocidad_giro.a(cyPm.o)
 .debug_aranges
                0x000005c8       0xf0 .\CortexM3\ARM_GCC_541\Debug\Control_velocidad_giro.a(UART_Serial.o)
 .debug_aranges
                0x000006b8       0x70 .\CortexM3\ARM_GCC_541\Debug\Control_velocidad_giro.a(UART_Serial_IntClock.o)
 .debug_aranges
                0x00000728       0x38 .\CortexM3\ARM_GCC_541\Debug\Control_velocidad_giro.a(I2C.o)
 .debug_aranges
                0x00000760       0x20 .\CortexM3\ARM_GCC_541\Debug\Control_velocidad_giro.a(I2C_INT.o)
 .debug_aranges
                0x00000780       0x38 .\CortexM3\ARM_GCC_541\Debug\Control_velocidad_giro.a(I2C_PM.o)
 .debug_aranges
                0x000007b8       0x80 .\CortexM3\ARM_GCC_541\Debug\Control_velocidad_giro.a(I2C_MASTER.o)
 .debug_aranges
                0x00000838      0x100 .\CortexM3\ARM_GCC_541\Debug\Control_velocidad_giro.a(LCD_I2C_FUNCS.o)
 .debug_aranges
                0x00000938       0x98 .\CortexM3\ARM_GCC_541\Debug\Control_velocidad_giro.a(Counter.o)
 .debug_aranges
                0x000009d0       0x88 .\CortexM3\ARM_GCC_541\Debug\Control_velocidad_giro.a(Timer.o)
 .debug_aranges
                0x00000a58       0x80 .\CortexM3\ARM_GCC_541\Debug\Control_velocidad_giro.a(isr_Timer.o)
 .debug_aranges
                0x00000ad8       0x38 .\CortexM3\ARM_GCC_541\Debug\Control_velocidad_giro.a(Out_1.o)
 .debug_aranges
                0x00000b10       0x38 .\CortexM3\ARM_GCC_541\Debug\Control_velocidad_giro.a(Out_4.o)
 .debug_aranges
                0x00000b48       0x38 .\CortexM3\ARM_GCC_541\Debug\Control_velocidad_giro.a(Out_3.o)
 .debug_aranges
                0x00000b80       0x38 .\CortexM3\ARM_GCC_541\Debug\Control_velocidad_giro.a(Out_2.o)
 .debug_aranges
                0x00000bb8       0x38 .\CortexM3\ARM_GCC_541\Debug\Control_velocidad_giro.a(Trigger.o)
 .debug_aranges
                0x00000bf0       0x20 .\CortexM3\ARM_GCC_541\Debug\Control_velocidad_giro.a(CyBootAsmGnu.o)
 .debug_aranges
                0x00000c10       0x88 .\CortexM3\ARM_GCC_541\Debug\Control_velocidad_giro.a(CyFlash.o)
 .debug_aranges
                0x00000c98       0x80 .\CortexM3\ARM_GCC_541\Debug\Control_velocidad_giro.a(CySpc.o)
 .debug_aranges
                0x00000d18       0x20 .\CortexM3\ARM_GCC_541\Debug\Control_velocidad_giro.a(LCD_I2C_LL_I2C.o)

.debug_pubnames
 *(.debug_pubnames)

.debug_info     0x00000000     0x752e
 *(.debug_info .gnu.linkonce.wi.*)
 .debug_info    0x00000000      0x8c4 .\CortexM3\ARM_GCC_541\Debug\main.o
 .debug_info    0x000008c4      0x95a .\CortexM3\ARM_GCC_541\Debug\LiquidCrystal_I2C.o
 .debug_info    0x0000121e      0x706 .\CortexM3\ARM_GCC_541\Debug\cyfitter_cfg.o
 .debug_info    0x00001924      0x10e .\CortexM3\ARM_GCC_541\Debug\cymetadata.o
 .debug_info    0x00001a32      0x3bb .\CortexM3\ARM_GCC_541\Debug\Cm3Start.o
 .debug_info    0x00001ded      0x2d2 .\CortexM3\ARM_GCC_541\Debug\Control_velocidad_giro.a(isr_Serial.o)
 .debug_info    0x000020bf     0x1374 .\CortexM3\ARM_GCC_541\Debug\Control_velocidad_giro.a(CyLib.o)
 .debug_info    0x00003433      0xa2a .\CortexM3\ARM_GCC_541\Debug\Control_velocidad_giro.a(cyPm.o)
 .debug_info    0x00003e5d      0x60c .\CortexM3\ARM_GCC_541\Debug\Control_velocidad_giro.a(UART_Serial.o)
 .debug_info    0x00004469      0x283 .\CortexM3\ARM_GCC_541\Debug\Control_velocidad_giro.a(UART_Serial_IntClock.o)
 .debug_info    0x000046ec      0x2ad .\CortexM3\ARM_GCC_541\Debug\Control_velocidad_giro.a(I2C.o)
 .debug_info    0x00004999      0x184 .\CortexM3\ARM_GCC_541\Debug\Control_velocidad_giro.a(I2C_INT.o)
 .debug_info    0x00004b1d      0x207 .\CortexM3\ARM_GCC_541\Debug\Control_velocidad_giro.a(I2C_PM.o)
 .debug_info    0x00004d24      0x407 .\CortexM3\ARM_GCC_541\Debug\Control_velocidad_giro.a(I2C_MASTER.o)
 .debug_info    0x0000512b      0x85d .\CortexM3\ARM_GCC_541\Debug\Control_velocidad_giro.a(LCD_I2C_FUNCS.o)
 .debug_info    0x00005988      0x345 .\CortexM3\ARM_GCC_541\Debug\Control_velocidad_giro.a(Counter.o)
 .debug_info    0x00005ccd      0x295 .\CortexM3\ARM_GCC_541\Debug\Control_velocidad_giro.a(Timer.o)
 .debug_info    0x00005f62      0x2d2 .\CortexM3\ARM_GCC_541\Debug\Control_velocidad_giro.a(isr_Timer.o)
 .debug_info    0x00006234      0x11f .\CortexM3\ARM_GCC_541\Debug\Control_velocidad_giro.a(Out_1.o)
 .debug_info    0x00006353      0x11f .\CortexM3\ARM_GCC_541\Debug\Control_velocidad_giro.a(Out_4.o)
 .debug_info    0x00006472      0x11f .\CortexM3\ARM_GCC_541\Debug\Control_velocidad_giro.a(Out_3.o)
 .debug_info    0x00006591      0x11f .\CortexM3\ARM_GCC_541\Debug\Control_velocidad_giro.a(Out_2.o)
 .debug_info    0x000066b0      0x11f .\CortexM3\ARM_GCC_541\Debug\Control_velocidad_giro.a(Trigger.o)
 .debug_info    0x000067cf       0xa0 .\CortexM3\ARM_GCC_541\Debug\Control_velocidad_giro.a(CyBootAsmGnu.o)
 .debug_info    0x0000686f      0x62d .\CortexM3\ARM_GCC_541\Debug\Control_velocidad_giro.a(CyFlash.o)
 .debug_info    0x00006e9c      0x53c .\CortexM3\ARM_GCC_541\Debug\Control_velocidad_giro.a(CySpc.o)
 .debug_info    0x000073d8      0x156 .\CortexM3\ARM_GCC_541\Debug\Control_velocidad_giro.a(LCD_I2C_LL_I2C.o)

.debug_abbrev   0x00000000     0x1f91
 *(.debug_abbrev)
 .debug_abbrev  0x00000000      0x175 .\CortexM3\ARM_GCC_541\Debug\main.o
 .debug_abbrev  0x00000175      0x18e .\CortexM3\ARM_GCC_541\Debug\LiquidCrystal_I2C.o
 .debug_abbrev  0x00000303      0x216 .\CortexM3\ARM_GCC_541\Debug\cyfitter_cfg.o
 .debug_abbrev  0x00000519       0x5d .\CortexM3\ARM_GCC_541\Debug\cymetadata.o
 .debug_abbrev  0x00000576      0x1e8 .\CortexM3\ARM_GCC_541\Debug\Cm3Start.o
 .debug_abbrev  0x0000075e      0x173 .\CortexM3\ARM_GCC_541\Debug\Control_velocidad_giro.a(isr_Serial.o)
 .debug_abbrev  0x000008d1      0x254 .\CortexM3\ARM_GCC_541\Debug\Control_velocidad_giro.a(CyLib.o)
 .debug_abbrev  0x00000b25      0x1ab .\CortexM3\ARM_GCC_541\Debug\Control_velocidad_giro.a(cyPm.o)
 .debug_abbrev  0x00000cd0      0x175 .\CortexM3\ARM_GCC_541\Debug\Control_velocidad_giro.a(UART_Serial.o)
 .debug_abbrev  0x00000e45      0x139 .\CortexM3\ARM_GCC_541\Debug\Control_velocidad_giro.a(UART_Serial_IntClock.o)
 .debug_abbrev  0x00000f7e      0x10a .\CortexM3\ARM_GCC_541\Debug\Control_velocidad_giro.a(I2C.o)
 .debug_abbrev  0x00001088       0xb6 .\CortexM3\ARM_GCC_541\Debug\Control_velocidad_giro.a(I2C_INT.o)
 .debug_abbrev  0x0000113e       0xfe .\CortexM3\ARM_GCC_541\Debug\Control_velocidad_giro.a(I2C_PM.o)
 .debug_abbrev  0x0000123c      0x13c .\CortexM3\ARM_GCC_541\Debug\Control_velocidad_giro.a(I2C_MASTER.o)
 .debug_abbrev  0x00001378      0x1a0 .\CortexM3\ARM_GCC_541\Debug\Control_velocidad_giro.a(LCD_I2C_FUNCS.o)
 .debug_abbrev  0x00001518      0x117 .\CortexM3\ARM_GCC_541\Debug\Control_velocidad_giro.a(Counter.o)
 .debug_abbrev  0x0000162f      0x11a .\CortexM3\ARM_GCC_541\Debug\Control_velocidad_giro.a(Timer.o)
 .debug_abbrev  0x00001749      0x173 .\CortexM3\ARM_GCC_541\Debug\Control_velocidad_giro.a(isr_Timer.o)
 .debug_abbrev  0x000018bc       0x90 .\CortexM3\ARM_GCC_541\Debug\Control_velocidad_giro.a(Out_1.o)
 .debug_abbrev  0x0000194c       0x90 .\CortexM3\ARM_GCC_541\Debug\Control_velocidad_giro.a(Out_4.o)
 .debug_abbrev  0x000019dc       0x90 .\CortexM3\ARM_GCC_541\Debug\Control_velocidad_giro.a(Out_3.o)
 .debug_abbrev  0x00001a6c       0x90 .\CortexM3\ARM_GCC_541\Debug\Control_velocidad_giro.a(Out_2.o)
 .debug_abbrev  0x00001afc       0x90 .\CortexM3\ARM_GCC_541\Debug\Control_velocidad_giro.a(Trigger.o)
 .debug_abbrev  0x00001b8c       0x14 .\CortexM3\ARM_GCC_541\Debug\Control_velocidad_giro.a(CyBootAsmGnu.o)
 .debug_abbrev  0x00001ba0      0x1a9 .\CortexM3\ARM_GCC_541\Debug\Control_velocidad_giro.a(CyFlash.o)
 .debug_abbrev  0x00001d49      0x194 .\CortexM3\ARM_GCC_541\Debug\Control_velocidad_giro.a(CySpc.o)
 .debug_abbrev  0x00001edd       0xb4 .\CortexM3\ARM_GCC_541\Debug\Control_velocidad_giro.a(LCD_I2C_LL_I2C.o)

.debug_line     0x00000000     0x3420
 *(.debug_line)
 .debug_line    0x00000000      0x3af .\CortexM3\ARM_GCC_541\Debug\main.o
 .debug_line    0x000003af      0x464 .\CortexM3\ARM_GCC_541\Debug\LiquidCrystal_I2C.o
 .debug_line    0x00000813      0x20c .\CortexM3\ARM_GCC_541\Debug\cyfitter_cfg.o
 .debug_line    0x00000a1f      0x141 .\CortexM3\ARM_GCC_541\Debug\cymetadata.o
 .debug_line    0x00000b60      0x234 .\CortexM3\ARM_GCC_541\Debug\Cm3Start.o
 .debug_line    0x00000d94      0x137 .\CortexM3\ARM_GCC_541\Debug\Control_velocidad_giro.a(isr_Serial.o)
 .debug_line    0x00000ecb      0x816 .\CortexM3\ARM_GCC_541\Debug\Control_velocidad_giro.a(CyLib.o)
 .debug_line    0x000016e1      0x367 .\CortexM3\ARM_GCC_541\Debug\Control_velocidad_giro.a(cyPm.o)
 .debug_line    0x00001a48      0x2ca .\CortexM3\ARM_GCC_541\Debug\Control_velocidad_giro.a(UART_Serial.o)
 .debug_line    0x00001d12      0x183 .\CortexM3\ARM_GCC_541\Debug\Control_velocidad_giro.a(UART_Serial_IntClock.o)
 .debug_line    0x00001e95       0xd9 .\CortexM3\ARM_GCC_541\Debug\Control_velocidad_giro.a(I2C.o)
 .debug_line    0x00001f6e      0x114 .\CortexM3\ARM_GCC_541\Debug\Control_velocidad_giro.a(I2C_INT.o)
 .debug_line    0x00002082       0xbb .\CortexM3\ARM_GCC_541\Debug\Control_velocidad_giro.a(I2C_PM.o)
 .debug_line    0x0000213d      0x1fd .\CortexM3\ARM_GCC_541\Debug\Control_velocidad_giro.a(I2C_MASTER.o)
 .debug_line    0x0000233a      0x3d2 .\CortexM3\ARM_GCC_541\Debug\Control_velocidad_giro.a(LCD_I2C_FUNCS.o)
 .debug_line    0x0000270c      0x187 .\CortexM3\ARM_GCC_541\Debug\Control_velocidad_giro.a(Counter.o)
 .debug_line    0x00002893      0x153 .\CortexM3\ARM_GCC_541\Debug\Control_velocidad_giro.a(Timer.o)
 .debug_line    0x000029e6      0x136 .\CortexM3\ARM_GCC_541\Debug\Control_velocidad_giro.a(isr_Timer.o)
 .debug_line    0x00002b1c       0x92 .\CortexM3\ARM_GCC_541\Debug\Control_velocidad_giro.a(Out_1.o)
 .debug_line    0x00002bae       0x92 .\CortexM3\ARM_GCC_541\Debug\Control_velocidad_giro.a(Out_4.o)
 .debug_line    0x00002c40       0x92 .\CortexM3\ARM_GCC_541\Debug\Control_velocidad_giro.a(Out_3.o)
 .debug_line    0x00002cd2       0x92 .\CortexM3\ARM_GCC_541\Debug\Control_velocidad_giro.a(Out_2.o)
 .debug_line    0x00002d64       0x94 .\CortexM3\ARM_GCC_541\Debug\Control_velocidad_giro.a(Trigger.o)
 .debug_line    0x00002df8       0x66 .\CortexM3\ARM_GCC_541\Debug\Control_velocidad_giro.a(CyBootAsmGnu.o)
 .debug_line    0x00002e5e      0x210 .\CortexM3\ARM_GCC_541\Debug\Control_velocidad_giro.a(CyFlash.o)
 .debug_line    0x0000306e      0x244 .\CortexM3\ARM_GCC_541\Debug\Control_velocidad_giro.a(CySpc.o)
 .debug_line    0x000032b2      0x16e .\CortexM3\ARM_GCC_541\Debug\Control_velocidad_giro.a(LCD_I2C_LL_I2C.o)

.debug_frame    0x00000000     0x2b10
 *(.debug_frame)
 .debug_frame   0x00000000       0x8c .\CortexM3\ARM_GCC_541\Debug\main.o
 .debug_frame   0x0000008c      0x38c .\CortexM3\ARM_GCC_541\Debug\LiquidCrystal_I2C.o
 .debug_frame   0x00000418      0x100 .\CortexM3\ARM_GCC_541\Debug\cyfitter_cfg.o
 .debug_frame   0x00000518       0xb8 .\CortexM3\ARM_GCC_541\Debug\Cm3Start.o
 .debug_frame   0x000005d0      0x104 .\CortexM3\ARM_GCC_541\Debug\Control_velocidad_giro.a(isr_Serial.o)
 .debug_frame   0x000006d4      0x738 .\CortexM3\ARM_GCC_541\Debug\Control_velocidad_giro.a(CyLib.o)
 .debug_frame   0x00000e0c      0x1f8 .\CortexM3\ARM_GCC_541\Debug\Control_velocidad_giro.a(cyPm.o)
 .debug_frame   0x00001004      0x250 .\CortexM3\ARM_GCC_541\Debug\Control_velocidad_giro.a(UART_Serial.o)
 .debug_frame   0x00001254       0xe0 .\CortexM3\ARM_GCC_541\Debug\Control_velocidad_giro.a(UART_Serial_IntClock.o)
 .debug_frame   0x00001334       0x94 .\CortexM3\ARM_GCC_541\Debug\Control_velocidad_giro.a(I2C.o)
 .debug_frame   0x000013c8       0x30 .\CortexM3\ARM_GCC_541\Debug\Control_velocidad_giro.a(I2C_INT.o)
 .debug_frame   0x000013f8       0x74 .\CortexM3\ARM_GCC_541\Debug\Control_velocidad_giro.a(I2C_PM.o)
 .debug_frame   0x0000146c      0x138 .\CortexM3\ARM_GCC_541\Debug\Control_velocidad_giro.a(I2C_MASTER.o)
 .debug_frame   0x000015a4      0x348 .\CortexM3\ARM_GCC_541\Debug\Control_velocidad_giro.a(LCD_I2C_FUNCS.o)
 .debug_frame   0x000018ec      0x134 .\CortexM3\ARM_GCC_541\Debug\Control_velocidad_giro.a(Counter.o)
 .debug_frame   0x00001a20      0x108 .\CortexM3\ARM_GCC_541\Debug\Control_velocidad_giro.a(Timer.o)
 .debug_frame   0x00001b28      0x104 .\CortexM3\ARM_GCC_541\Debug\Control_velocidad_giro.a(isr_Timer.o)
 .debug_frame   0x00001c2c       0x50 .\CortexM3\ARM_GCC_541\Debug\Control_velocidad_giro.a(Out_1.o)
 .debug_frame   0x00001c7c       0x50 .\CortexM3\ARM_GCC_541\Debug\Control_velocidad_giro.a(Out_4.o)
 .debug_frame   0x00001ccc       0x50 .\CortexM3\ARM_GCC_541\Debug\Control_velocidad_giro.a(Out_3.o)
 .debug_frame   0x00001d1c       0x50 .\CortexM3\ARM_GCC_541\Debug\Control_velocidad_giro.a(Out_2.o)
 .debug_frame   0x00001d6c       0x50 .\CortexM3\ARM_GCC_541\Debug\Control_velocidad_giro.a(Trigger.o)
 .debug_frame   0x00001dbc      0x194 .\CortexM3\ARM_GCC_541\Debug\Control_velocidad_giro.a(CyFlash.o)
 .debug_frame   0x00001f50      0x180 .\CortexM3\ARM_GCC_541\Debug\Control_velocidad_giro.a(CySpc.o)
 .debug_frame   0x000020d0       0x2c .\CortexM3\ARM_GCC_541\Debug\Control_velocidad_giro.a(LCD_I2C_LL_I2C.o)
 .debug_frame   0x000020fc       0x4c c:/program files (x86)/cypress/psoc creator/4.4/psoc creator/import/gnu/arm/5.4.1/bin/../lib/gcc/arm-none-eabi/5.4.1/../../../../arm-none-eabi/lib/armv7-m\libm.a(lib_a-w_pow.o)
 .debug_frame   0x00002148       0x68 c:/program files (x86)/cypress/psoc creator/4.4/psoc creator/import/gnu/arm/5.4.1/bin/../lib/gcc/arm-none-eabi/5.4.1/../../../../arm-none-eabi/lib/armv7-m\libm.a(lib_a-e_pow.o)
 .debug_frame   0x000021b0       0x30 c:/program files (x86)/cypress/psoc creator/4.4/psoc creator/import/gnu/arm/5.4.1/bin/../lib/gcc/arm-none-eabi/5.4.1/../../../../arm-none-eabi/lib/armv7-m\libm.a(lib_a-e_sqrt.o)
 .debug_frame   0x000021e0       0x20 c:/program files (x86)/cypress/psoc creator/4.4/psoc creator/import/gnu/arm/5.4.1/bin/../lib/gcc/arm-none-eabi/5.4.1/../../../../arm-none-eabi/lib/armv7-m\libm.a(lib_a-s_fabs.o)
 .debug_frame   0x00002200       0x20 c:/program files (x86)/cypress/psoc creator/4.4/psoc creator/import/gnu/arm/5.4.1/bin/../lib/gcc/arm-none-eabi/5.4.1/../../../../arm-none-eabi/lib/armv7-m\libm.a(lib_a-s_finite.o)
 .debug_frame   0x00002220       0x20 c:/program files (x86)/cypress/psoc creator/4.4/psoc creator/import/gnu/arm/5.4.1/bin/../lib/gcc/arm-none-eabi/5.4.1/../../../../arm-none-eabi/lib/armv7-m\libm.a(lib_a-s_matherr.o)
 .debug_frame   0x00002240       0x20 c:/program files (x86)/cypress/psoc creator/4.4/psoc creator/import/gnu/arm/5.4.1/bin/../lib/gcc/arm-none-eabi/5.4.1/../../../../arm-none-eabi/lib/armv7-m\libm.a(lib_a-s_nan.o)
 .debug_frame   0x00002260       0x3c c:/program files (x86)/cypress/psoc creator/4.4/psoc creator/import/gnu/arm/5.4.1/bin/../lib/gcc/arm-none-eabi/5.4.1/../../../../arm-none-eabi/lib/armv7-m\libm.a(lib_a-s_rint.o)
 .debug_frame   0x0000229c       0x30 c:/program files (x86)/cypress/psoc creator/4.4/psoc creator/import/gnu/arm/5.4.1/bin/../lib/gcc/arm-none-eabi/5.4.1/../../../../arm-none-eabi/lib/armv7-m\libm.a(lib_a-s_scalbn.o)
 .debug_frame   0x000022cc       0x20 c:/program files (x86)/cypress/psoc creator/4.4/psoc creator/import/gnu/arm/5.4.1/bin/../lib/gcc/arm-none-eabi/5.4.1/../../../../arm-none-eabi/lib/armv7-m\libm.a(lib_a-s_copysign.o)
 .debug_frame   0x000022ec       0x20 c:/program files (x86)/cypress/psoc creator/4.4/psoc creator/import/gnu/arm/5.4.1/bin/../lib/gcc/arm-none-eabi/5.4.1/../../../../arm-none-eabi/lib/armv7-m\libg_nano.a(lib_a-errno.o)
 .debug_frame   0x0000230c       0x28 c:/program files (x86)/cypress/psoc creator/4.4/psoc creator/import/gnu/arm/5.4.1/bin/../lib/gcc/arm-none-eabi/5.4.1/../../../../arm-none-eabi/lib/armv7-m\libg_nano.a(lib_a-exit.o)
 .debug_frame   0x00002334       0x2c c:/program files (x86)/cypress/psoc creator/4.4/psoc creator/import/gnu/arm/5.4.1/bin/../lib/gcc/arm-none-eabi/5.4.1/../../../../arm-none-eabi/lib/armv7-m\libg_nano.a(lib_a-init.o)
 .debug_frame   0x00002360       0x28 c:/program files (x86)/cypress/psoc creator/4.4/psoc creator/import/gnu/arm/5.4.1/bin/../lib/gcc/arm-none-eabi/5.4.1/../../../../arm-none-eabi/lib/armv7-m\libg_nano.a(lib_a-memcpy-stub.o)
 .debug_frame   0x00002388       0x20 c:/program files (x86)/cypress/psoc creator/4.4/psoc creator/import/gnu/arm/5.4.1/bin/../lib/gcc/arm-none-eabi/5.4.1/../../../../arm-none-eabi/lib/armv7-m\libg_nano.a(lib_a-memset.o)
 .debug_frame   0x000023a8       0x8c c:/program files (x86)/cypress/psoc creator/4.4/psoc creator/import/gnu/arm/5.4.1/bin/../lib/gcc/arm-none-eabi/5.4.1/../../../../arm-none-eabi/lib/armv7-m\libg_nano.a(lib_a-nano-vfprintf_float.o)
 .debug_frame   0x00002434       0x60 c:/program files (x86)/cypress/psoc creator/4.4/psoc creator/import/gnu/arm/5.4.1/bin/../lib/gcc/arm-none-eabi/5.4.1/../../../../arm-none-eabi/lib/armv7-m\libg_nano.a(lib_a-nano-vfprintf_i.o)
 .debug_frame   0x00002494       0x70 c:/program files (x86)/cypress/psoc creator/4.4/psoc creator/import/gnu/arm/5.4.1/bin/../lib/gcc/arm-none-eabi/5.4.1/../../../../arm-none-eabi/lib/armv7-m\libg_nano.a(lib_a-sprintf.o)
 .debug_frame   0x00002504       0x6c c:/program files (x86)/cypress/psoc creator/4.4/psoc creator/import/gnu/arm/5.4.1/bin/../lib/gcc/arm-none-eabi/5.4.1/../../../../arm-none-eabi/lib/armv7-m\libg_nano.a(lib_a-dtoa.o)
 .debug_frame   0x00002570       0x98 c:/program files (x86)/cypress/psoc creator/4.4/psoc creator/import/gnu/arm/5.4.1/bin/../lib/gcc/arm-none-eabi/5.4.1/../../../../arm-none-eabi/lib/armv7-m\libg_nano.a(lib_a-locale.o)
 .debug_frame   0x00002608       0x30 c:/program files (x86)/cypress/psoc creator/4.4/psoc creator/import/gnu/arm/5.4.1/bin/../lib/gcc/arm-none-eabi/5.4.1/../../../../arm-none-eabi/lib/armv7-m\libg_nano.a(lib_a-malloc.o)
 .debug_frame   0x00002638       0x28 c:/program files (x86)/cypress/psoc creator/4.4/psoc creator/import/gnu/arm/5.4.1/bin/../lib/gcc/arm-none-eabi/5.4.1/../../../../arm-none-eabi/lib/armv7-m\libg_nano.a(lib_a-memchr-stub.o)
 .debug_frame   0x00002660      0x234 c:/program files (x86)/cypress/psoc creator/4.4/psoc creator/import/gnu/arm/5.4.1/bin/../lib/gcc/arm-none-eabi/5.4.1/../../../../arm-none-eabi/lib/armv7-m\libg_nano.a(lib_a-mprec.o)
 .debug_frame   0x00002894       0x2c c:/program files (x86)/cypress/psoc creator/4.4/psoc creator/import/gnu/arm/5.4.1/bin/../lib/gcc/arm-none-eabi/5.4.1/../../../../arm-none-eabi/lib/armv7-m\libg_nano.a(lib_a-nano-callocr.o)
 .debug_frame   0x000028c0       0x38 c:/program files (x86)/cypress/psoc creator/4.4/psoc creator/import/gnu/arm/5.4.1/bin/../lib/gcc/arm-none-eabi/5.4.1/../../../../arm-none-eabi/lib/armv7-m\libg_nano.a(lib_a-nano-freer.o)
 .debug_frame   0x000028f8       0x2c c:/program files (x86)/cypress/psoc creator/4.4/psoc creator/import/gnu/arm/5.4.1/bin/../lib/gcc/arm-none-eabi/5.4.1/../../../../arm-none-eabi/lib/armv7-m\libg_nano.a(lib_a-nano-mallocr.o)
 .debug_frame   0x00002924       0x90 c:/program files (x86)/cypress/psoc creator/4.4/psoc creator/import/gnu/arm/5.4.1/bin/../lib/gcc/arm-none-eabi/5.4.1/../../../../arm-none-eabi/lib/armv7-m\libg_nano.a(lib_a-nano-svfprintf.o)
 .debug_frame   0x000029b4       0x2c c:/program files (x86)/cypress/psoc creator/4.4/psoc creator/import/gnu/arm/5.4.1/bin/../lib/gcc/arm-none-eabi/5.4.1/../../../../arm-none-eabi/lib/armv7-m\libg_nano.a(lib_a-sbrkr.o)
 .debug_frame   0x000029e0       0x20 c:/program files (x86)/cypress/psoc creator/4.4/psoc creator/import/gnu/arm/5.4.1/bin/../lib/gcc/arm-none-eabi/5.4.1/../../../../arm-none-eabi/lib/armv7-m\libg_nano.a(lib_a-strcmp.o)
 .debug_frame   0x00002a00       0x28 c:/program files (x86)/cypress/psoc creator/4.4/psoc creator/import/gnu/arm/5.4.1/bin/../lib/gcc/arm-none-eabi/5.4.1/../../../../arm-none-eabi/lib/armv7-m\libg_nano.a(lib_a-memmove.o)
 .debug_frame   0x00002a28       0x30 c:/program files (x86)/cypress/psoc creator/4.4/psoc creator/import/gnu/arm/5.4.1/bin/../lib/gcc/arm-none-eabi/5.4.1/../../../../arm-none-eabi/lib/armv7-m\libg_nano.a(lib_a-mlock.o)
 .debug_frame   0x00002a58       0x3c c:/program files (x86)/cypress/psoc creator/4.4/psoc creator/import/gnu/arm/5.4.1/bin/../lib/gcc/arm-none-eabi/5.4.1/../../../../arm-none-eabi/lib/armv7-m\libg_nano.a(lib_a-nano-reallocr.o)
 .debug_frame   0x00002a94       0x5c c:/program files (x86)/cypress/psoc creator/4.4/psoc creator/import/gnu/arm/5.4.1/bin/../lib/gcc/arm-none-eabi/5.4.1/../../../../arm-none-eabi/lib/armv7-m\libg_nano.a(lib_a-reent.o)
 .debug_frame   0x00002af0       0x20 c:/program files (x86)/cypress/psoc creator/4.4/psoc creator/import/gnu/arm/5.4.1/bin/../lib/gcc/arm-none-eabi/5.4.1/../../../../arm-none-eabi/lib/armv7-m\libg_nano.a(lib_a-nano-msizer.o)

.debug_str      0x00000000     0x278e
 *(.debug_str)
 .debug_str     0x00000000      0x3de .\CortexM3\ARM_GCC_541\Debug\main.o
                                0x447 (size before relaxing)
 .debug_str     0x000003de      0x19d .\CortexM3\ARM_GCC_541\Debug\LiquidCrystal_I2C.o
                                0x49a (size before relaxing)
 .debug_str     0x0000057b      0x21b .\CortexM3\ARM_GCC_541\Debug\cyfitter_cfg.o
                                0x3dc (size before relaxing)
 .debug_str     0x00000796       0x63 .\CortexM3\ARM_GCC_541\Debug\cymetadata.o
                                0x1e2 (size before relaxing)
 .debug_str     0x000007f9      0x13f .\CortexM3\ARM_GCC_541\Debug\Cm3Start.o
                                0x31a (size before relaxing)
 .debug_str     0x00000938      0x131 .\CortexM3\ARM_GCC_541\Debug\Control_velocidad_giro.a(isr_Serial.o)
                                0x2fc (size before relaxing)
 .debug_str     0x00000a69      0x807 .\CortexM3\ARM_GCC_541\Debug\Control_velocidad_giro.a(CyLib.o)
                                0xa57 (size before relaxing)
 .debug_str     0x00001270      0x365 .\CortexM3\ARM_GCC_541\Debug\Control_velocidad_giro.a(cyPm.o)
                                0x743 (size before relaxing)
 .debug_str     0x000015d5      0x306 .\CortexM3\ARM_GCC_541\Debug\Control_velocidad_giro.a(UART_Serial.o)
                                0x55e (size before relaxing)
 .debug_str     0x000018db      0x1c9 .\CortexM3\ARM_GCC_541\Debug\Control_velocidad_giro.a(UART_Serial_IntClock.o)
                                0x39a (size before relaxing)
 .debug_str     0x00001aa4       0xd4 .\CortexM3\ARM_GCC_541\Debug\Control_velocidad_giro.a(I2C.o)
                                0x2f1 (size before relaxing)
 .debug_str     0x00001b78       0x86 .\CortexM3\ARM_GCC_541\Debug\Control_velocidad_giro.a(I2C_INT.o)
                                0x26f (size before relaxing)
 .debug_str     0x00001bfe       0x56 .\CortexM3\ARM_GCC_541\Debug\Control_velocidad_giro.a(I2C_PM.o)
                                0x28d (size before relaxing)
 .debug_str     0x00001c54      0x135 .\CortexM3\ARM_GCC_541\Debug\Control_velocidad_giro.a(I2C_MASTER.o)
                                0x3b4 (size before relaxing)
 .debug_str     0x00001d89      0x23d .\CortexM3\ARM_GCC_541\Debug\Control_velocidad_giro.a(LCD_I2C_FUNCS.o)
                                0x4f9 (size before relaxing)
 .debug_str     0x00001fc6      0x172 .\CortexM3\ARM_GCC_541\Debug\Control_velocidad_giro.a(Counter.o)
                                0x38e (size before relaxing)
 .debug_str     0x00002138      0x127 .\CortexM3\ARM_GCC_541\Debug\Control_velocidad_giro.a(Timer.o)
                                0x305 (size before relaxing)
 .debug_str     0x0000225f      0x10c .\CortexM3\ARM_GCC_541\Debug\Control_velocidad_giro.a(isr_Timer.o)
                                0x2ee (size before relaxing)
 .debug_str     0x0000236b       0x5a .\CortexM3\ARM_GCC_541\Debug\Control_velocidad_giro.a(Out_1.o)
                                0x1f2 (size before relaxing)
 .debug_str     0x000023c5       0x4f .\CortexM3\ARM_GCC_541\Debug\Control_velocidad_giro.a(Out_4.o)
                                0x1f2 (size before relaxing)
 .debug_str     0x00002414       0x4f .\CortexM3\ARM_GCC_541\Debug\Control_velocidad_giro.a(Out_3.o)
                                0x1f2 (size before relaxing)
 .debug_str     0x00002463       0x4f .\CortexM3\ARM_GCC_541\Debug\Control_velocidad_giro.a(Out_2.o)
                                0x1f2 (size before relaxing)
 .debug_str     0x000024b2       0x57 .\CortexM3\ARM_GCC_541\Debug\Control_velocidad_giro.a(Trigger.o)
                                0x1fc (size before relaxing)
 .debug_str     0x00002509      0x1b1 .\CortexM3\ARM_GCC_541\Debug\Control_velocidad_giro.a(CyFlash.o)
                                0x3c6 (size before relaxing)
 .debug_str     0x000026ba       0xac .\CortexM3\ARM_GCC_541\Debug\Control_velocidad_giro.a(CySpc.o)
                                0x341 (size before relaxing)
 .debug_str     0x00002766       0x28 .\CortexM3\ARM_GCC_541\Debug\Control_velocidad_giro.a(LCD_I2C_LL_I2C.o)
                                0x23b (size before relaxing)

.debug_loc      0x00000000     0x2b76
 *(.debug_loc)
 .debug_loc     0x00000000       0xbd .\CortexM3\ARM_GCC_541\Debug\main.o
 .debug_loc     0x000000bd      0x325 .\CortexM3\ARM_GCC_541\Debug\LiquidCrystal_I2C.o
 .debug_loc     0x000003e2      0x2bc .\CortexM3\ARM_GCC_541\Debug\cyfitter_cfg.o
 .debug_loc     0x0000069e      0x144 .\CortexM3\ARM_GCC_541\Debug\Cm3Start.o
 .debug_loc     0x000007e2       0x56 .\CortexM3\ARM_GCC_541\Debug\Control_velocidad_giro.a(isr_Serial.o)
 .debug_loc     0x00000838      0xa11 .\CortexM3\ARM_GCC_541\Debug\Control_velocidad_giro.a(CyLib.o)
 .debug_loc     0x00001249      0x1e4 .\CortexM3\ARM_GCC_541\Debug\Control_velocidad_giro.a(cyPm.o)
 .debug_loc     0x0000142d      0x258 .\CortexM3\ARM_GCC_541\Debug\Control_velocidad_giro.a(UART_Serial.o)
 .debug_loc     0x00001685      0x12c .\CortexM3\ARM_GCC_541\Debug\Control_velocidad_giro.a(UART_Serial_IntClock.o)
 .debug_loc     0x000017b1       0x39 .\CortexM3\ARM_GCC_541\Debug\Control_velocidad_giro.a(I2C.o)
 .debug_loc     0x000017ea       0x29 .\CortexM3\ARM_GCC_541\Debug\Control_velocidad_giro.a(I2C_INT.o)
 .debug_loc     0x00001813       0x13 .\CortexM3\ARM_GCC_541\Debug\Control_velocidad_giro.a(I2C_PM.o)
 .debug_loc     0x00001826      0x52f .\CortexM3\ARM_GCC_541\Debug\Control_velocidad_giro.a(I2C_MASTER.o)
 .debug_loc     0x00001d55      0x25b .\CortexM3\ARM_GCC_541\Debug\Control_velocidad_giro.a(LCD_I2C_FUNCS.o)
 .debug_loc     0x00001fb0       0x31 .\CortexM3\ARM_GCC_541\Debug\Control_velocidad_giro.a(Counter.o)
 .debug_loc     0x00001fe1       0x56 .\CortexM3\ARM_GCC_541\Debug\Control_velocidad_giro.a(isr_Timer.o)
 .debug_loc     0x00002037       0x42 .\CortexM3\ARM_GCC_541\Debug\Control_velocidad_giro.a(Out_1.o)
 .debug_loc     0x00002079       0x42 .\CortexM3\ARM_GCC_541\Debug\Control_velocidad_giro.a(Out_4.o)
 .debug_loc     0x000020bb       0x42 .\CortexM3\ARM_GCC_541\Debug\Control_velocidad_giro.a(Out_3.o)
 .debug_loc     0x000020fd       0x42 .\CortexM3\ARM_GCC_541\Debug\Control_velocidad_giro.a(Out_2.o)
 .debug_loc     0x0000213f       0x42 .\CortexM3\ARM_GCC_541\Debug\Control_velocidad_giro.a(Trigger.o)
 .debug_loc     0x00002181      0x396 .\CortexM3\ARM_GCC_541\Debug\Control_velocidad_giro.a(CyFlash.o)
 .debug_loc     0x00002517      0x61d .\CortexM3\ARM_GCC_541\Debug\Control_velocidad_giro.a(CySpc.o)
 .debug_loc     0x00002b34       0x42 .\CortexM3\ARM_GCC_541\Debug\Control_velocidad_giro.a(LCD_I2C_LL_I2C.o)

.debug_macinfo
 *(.debug_macinfo)

.debug_ranges   0x00000000      0xb70
 *(.debug_ranges)
 .debug_ranges  0x00000000       0x28 .\CortexM3\ARM_GCC_541\Debug\main.o
 .debug_ranges  0x00000028      0x108 .\CortexM3\ARM_GCC_541\Debug\LiquidCrystal_I2C.o
 .debug_ranges  0x00000130       0x50 .\CortexM3\ARM_GCC_541\Debug\cyfitter_cfg.o
 .debug_ranges  0x00000180       0x38 .\CortexM3\ARM_GCC_541\Debug\Cm3Start.o
 .debug_ranges  0x000001b8       0x70 .\CortexM3\ARM_GCC_541\Debug\Control_velocidad_giro.a(isr_Serial.o)
 .debug_ranges  0x00000228      0x290 .\CortexM3\ARM_GCC_541\Debug\Control_velocidad_giro.a(CyLib.o)
 .debug_ranges  0x000004b8       0x88 .\CortexM3\ARM_GCC_541\Debug\Control_velocidad_giro.a(cyPm.o)
 .debug_ranges  0x00000540       0xe0 .\CortexM3\ARM_GCC_541\Debug\Control_velocidad_giro.a(UART_Serial.o)
 .debug_ranges  0x00000620       0x60 .\CortexM3\ARM_GCC_541\Debug\Control_velocidad_giro.a(UART_Serial_IntClock.o)
 .debug_ranges  0x00000680       0x28 .\CortexM3\ARM_GCC_541\Debug\Control_velocidad_giro.a(I2C.o)
 .debug_ranges  0x000006a8       0x10 .\CortexM3\ARM_GCC_541\Debug\Control_velocidad_giro.a(I2C_INT.o)
 .debug_ranges  0x000006b8       0x28 .\CortexM3\ARM_GCC_541\Debug\Control_velocidad_giro.a(I2C_PM.o)
 .debug_ranges  0x000006e0       0x70 .\CortexM3\ARM_GCC_541\Debug\Control_velocidad_giro.a(I2C_MASTER.o)
 .debug_ranges  0x00000750       0xf0 .\CortexM3\ARM_GCC_541\Debug\Control_velocidad_giro.a(LCD_I2C_FUNCS.o)
 .debug_ranges  0x00000840       0x88 .\CortexM3\ARM_GCC_541\Debug\Control_velocidad_giro.a(Counter.o)
 .debug_ranges  0x000008c8       0x78 .\CortexM3\ARM_GCC_541\Debug\Control_velocidad_giro.a(Timer.o)
 .debug_ranges  0x00000940       0x70 .\CortexM3\ARM_GCC_541\Debug\Control_velocidad_giro.a(isr_Timer.o)
 .debug_ranges  0x000009b0       0x28 .\CortexM3\ARM_GCC_541\Debug\Control_velocidad_giro.a(Out_1.o)
 .debug_ranges  0x000009d8       0x28 .\CortexM3\ARM_GCC_541\Debug\Control_velocidad_giro.a(Out_4.o)
 .debug_ranges  0x00000a00       0x28 .\CortexM3\ARM_GCC_541\Debug\Control_velocidad_giro.a(Out_3.o)
 .debug_ranges  0x00000a28       0x28 .\CortexM3\ARM_GCC_541\Debug\Control_velocidad_giro.a(Out_2.o)
 .debug_ranges  0x00000a50       0x28 .\CortexM3\ARM_GCC_541\Debug\Control_velocidad_giro.a(Trigger.o)
 .debug_ranges  0x00000a78       0x78 .\CortexM3\ARM_GCC_541\Debug\Control_velocidad_giro.a(CyFlash.o)
 .debug_ranges  0x00000af0       0x70 .\CortexM3\ARM_GCC_541\Debug\Control_velocidad_giro.a(CySpc.o)
 .debug_ranges  0x00000b60       0x10 .\CortexM3\ARM_GCC_541\Debug\Control_velocidad_giro.a(LCD_I2C_LL_I2C.o)

.comment        0x00000000       0x6e
 .comment       0x00000000       0x6e .\CortexM3\ARM_GCC_541\Debug\main.o
                                 0x6f (size before relaxing)
 .comment       0x0000006e       0x6f .\CortexM3\ARM_GCC_541\Debug\LiquidCrystal_I2C.o
 .comment       0x0000006e       0x6f .\CortexM3\ARM_GCC_541\Debug\cyfitter_cfg.o
 .comment       0x0000006e       0x6f .\CortexM3\ARM_GCC_541\Debug\cymetadata.o
 .comment       0x0000006e       0x6f .\CortexM3\ARM_GCC_541\Debug\Cm3Start.o
 .comment       0x0000006e       0x6f .\CortexM3\ARM_GCC_541\Debug\Control_velocidad_giro.a(isr_Serial.o)
 .comment       0x0000006e       0x6f .\CortexM3\ARM_GCC_541\Debug\Control_velocidad_giro.a(CyLib.o)
 .comment       0x0000006e       0x6f .\CortexM3\ARM_GCC_541\Debug\Control_velocidad_giro.a(cyPm.o)
 .comment       0x0000006e       0x6f .\CortexM3\ARM_GCC_541\Debug\Control_velocidad_giro.a(UART_Serial.o)
 .comment       0x0000006e       0x6f .\CortexM3\ARM_GCC_541\Debug\Control_velocidad_giro.a(UART_Serial_IntClock.o)
 .comment       0x0000006e       0x6f .\CortexM3\ARM_GCC_541\Debug\Control_velocidad_giro.a(I2C.o)
 .comment       0x0000006e       0x6f .\CortexM3\ARM_GCC_541\Debug\Control_velocidad_giro.a(I2C_INT.o)
 .comment       0x0000006e       0x6f .\CortexM3\ARM_GCC_541\Debug\Control_velocidad_giro.a(I2C_PM.o)
 .comment       0x0000006e       0x6f .\CortexM3\ARM_GCC_541\Debug\Control_velocidad_giro.a(I2C_MASTER.o)
 .comment       0x0000006e       0x6f .\CortexM3\ARM_GCC_541\Debug\Control_velocidad_giro.a(LCD_I2C_FUNCS.o)
 .comment       0x0000006e       0x6f .\CortexM3\ARM_GCC_541\Debug\Control_velocidad_giro.a(Counter.o)
 .comment       0x0000006e       0x6f .\CortexM3\ARM_GCC_541\Debug\Control_velocidad_giro.a(Timer.o)
 .comment       0x0000006e       0x6f .\CortexM3\ARM_GCC_541\Debug\Control_velocidad_giro.a(isr_Timer.o)
 .comment       0x0000006e       0x6f .\CortexM3\ARM_GCC_541\Debug\Control_velocidad_giro.a(Out_1.o)
 .comment       0x0000006e       0x6f .\CortexM3\ARM_GCC_541\Debug\Control_velocidad_giro.a(Out_4.o)
 .comment       0x0000006e       0x6f .\CortexM3\ARM_GCC_541\Debug\Control_velocidad_giro.a(Out_3.o)
 .comment       0x0000006e       0x6f .\CortexM3\ARM_GCC_541\Debug\Control_velocidad_giro.a(Out_2.o)
 .comment       0x0000006e       0x6f .\CortexM3\ARM_GCC_541\Debug\Control_velocidad_giro.a(Trigger.o)
 .comment       0x0000006e       0x6f .\CortexM3\ARM_GCC_541\Debug\Control_velocidad_giro.a(CyFlash.o)
 .comment       0x0000006e       0x6f .\CortexM3\ARM_GCC_541\Debug\Control_velocidad_giro.a(CySpc.o)
 .comment       0x0000006e       0x6f .\CortexM3\ARM_GCC_541\Debug\Control_velocidad_giro.a(LCD_I2C_LL_I2C.o)

.debug_weaknames
 *(.debug_weaknames)

.debug_funcnames
 *(.debug_funcnames)

.debug_typenames
 *(.debug_typenames)

.debug_varnames
 *(.debug_varnames)

.note.gnu.arm.ident
 *(.note.gnu.arm.ident)

.ARM.attributes
                0x00000000       0x29
 *(.ARM.attributes)
 .ARM.attributes
                0x00000000       0x1d c:/program files (x86)/cypress/psoc creator/4.4/psoc creator/import/gnu/arm/5.4.1/bin/../lib/gcc/arm-none-eabi/5.4.1/armv7-m/crti.o
 .ARM.attributes
                0x0000001d       0x2d c:/program files (x86)/cypress/psoc creator/4.4/psoc creator/import/gnu/arm/5.4.1/bin/../lib/gcc/arm-none-eabi/5.4.1/armv7-m/crtbegin.o
 .ARM.attributes
                0x0000004a       0x1b c:/program files (x86)/cypress/psoc creator/4.4/psoc creator/import/gnu/arm/5.4.1/bin/../lib/gcc/arm-none-eabi/5.4.1/../../../../arm-none-eabi/lib/armv7-m/crt0.o
 .ARM.attributes
                0x00000065       0x33 .\CortexM3\ARM_GCC_541\Debug\main.o
 .ARM.attributes
                0x00000098       0x33 .\CortexM3\ARM_GCC_541\Debug\LiquidCrystal_I2C.o
 .ARM.attributes
                0x000000cb       0x33 .\CortexM3\ARM_GCC_541\Debug\cyfitter_cfg.o
 .ARM.attributes
                0x000000fe       0x33 .\CortexM3\ARM_GCC_541\Debug\cymetadata.o
 .ARM.attributes
                0x00000131       0x33 .\CortexM3\ARM_GCC_541\Debug\Cm3Start.o
 .ARM.attributes
                0x00000164       0x33 .\CortexM3\ARM_GCC_541\Debug\Control_velocidad_giro.a(isr_Serial.o)
 .ARM.attributes
                0x00000197       0x33 .\CortexM3\ARM_GCC_541\Debug\Control_velocidad_giro.a(CyLib.o)
 .ARM.attributes
                0x000001ca       0x33 .\CortexM3\ARM_GCC_541\Debug\Control_velocidad_giro.a(cyPm.o)
 .ARM.attributes
                0x000001fd       0x33 .\CortexM3\ARM_GCC_541\Debug\Control_velocidad_giro.a(UART_Serial.o)
 .ARM.attributes
                0x00000230       0x33 .\CortexM3\ARM_GCC_541\Debug\Control_velocidad_giro.a(UART_Serial_IntClock.o)
 .ARM.attributes
                0x00000263       0x33 .\CortexM3\ARM_GCC_541\Debug\Control_velocidad_giro.a(I2C.o)
 .ARM.attributes
                0x00000296       0x33 .\CortexM3\ARM_GCC_541\Debug\Control_velocidad_giro.a(I2C_INT.o)
 .ARM.attributes
                0x000002c9       0x33 .\CortexM3\ARM_GCC_541\Debug\Control_velocidad_giro.a(I2C_PM.o)
 .ARM.attributes
                0x000002fc       0x33 .\CortexM3\ARM_GCC_541\Debug\Control_velocidad_giro.a(I2C_MASTER.o)
 .ARM.attributes
                0x0000032f       0x33 .\CortexM3\ARM_GCC_541\Debug\Control_velocidad_giro.a(LCD_I2C_FUNCS.o)
 .ARM.attributes
                0x00000362       0x33 .\CortexM3\ARM_GCC_541\Debug\Control_velocidad_giro.a(Counter.o)
 .ARM.attributes
                0x00000395       0x33 .\CortexM3\ARM_GCC_541\Debug\Control_velocidad_giro.a(Timer.o)
 .ARM.attributes
                0x000003c8       0x33 .\CortexM3\ARM_GCC_541\Debug\Control_velocidad_giro.a(isr_Timer.o)
 .ARM.attributes
                0x000003fb       0x33 .\CortexM3\ARM_GCC_541\Debug\Control_velocidad_giro.a(Out_1.o)
 .ARM.attributes
                0x0000042e       0x33 .\CortexM3\ARM_GCC_541\Debug\Control_velocidad_giro.a(Out_4.o)
 .ARM.attributes
                0x00000461       0x33 .\CortexM3\ARM_GCC_541\Debug\Control_velocidad_giro.a(Out_3.o)
 .ARM.attributes
                0x00000494       0x33 .\CortexM3\ARM_GCC_541\Debug\Control_velocidad_giro.a(Out_2.o)
 .ARM.attributes
                0x000004c7       0x33 .\CortexM3\ARM_GCC_541\Debug\Control_velocidad_giro.a(Trigger.o)
 .ARM.attributes
                0x000004fa       0x21 .\CortexM3\ARM_GCC_541\Debug\Control_velocidad_giro.a(CyBootAsmGnu.o)
 .ARM.attributes