Archive member included to satisfy reference by file (symbol)

.\CortexM3\ARM_GCC_541\Debug\Control_velocidad_giro.a(isr_Serial.o)
                              .\CortexM3\ARM_GCC_541\Debug\main.o (isr_Serial_StartEx)
.\CortexM3\ARM_GCC_541\Debug\Control_velocidad_giro.a(CyLib.o)
                              .\CortexM3\ARM_GCC_541\Debug\Cm3Start.o (CyHalt)
.\CortexM3\ARM_GCC_541\Debug\Control_velocidad_giro.a(cyPm.o)
                              .\CortexM3\ARM_GCC_541\Debug\Control_velocidad_giro.a(CyLib.o) (CyPmReadStatus)
.\CortexM3\ARM_GCC_541\Debug\Control_velocidad_giro.a(UART_Serial.o)
                              .\CortexM3\ARM_GCC_541\Debug\main.o (UART_Serial_Start)
.\CortexM3\ARM_GCC_541\Debug\Control_velocidad_giro.a(UART_Serial_IntClock.o)
                              .\CortexM3\ARM_GCC_541\Debug\Control_velocidad_giro.a(UART_Serial.o) (UART_Serial_IntClock_Start)
.\CortexM3\ARM_GCC_541\Debug\Control_velocidad_giro.a(I2C.o)
                              .\CortexM3\ARM_GCC_541\Debug\main.o (I2C_Start)
.\CortexM3\ARM_GCC_541\Debug\Control_velocidad_giro.a(I2C_INT.o)
                              .\CortexM3\ARM_GCC_541\Debug\Control_velocidad_giro.a(I2C.o) (I2C_ISR)
.\CortexM3\ARM_GCC_541\Debug\Control_velocidad_giro.a(I2C_PM.o)
                              .\CortexM3\ARM_GCC_541\Debug\Control_velocidad_giro.a(I2C.o) (I2C_backup)
.\CortexM3\ARM_GCC_541\Debug\Control_velocidad_giro.a(I2C_MASTER.o)
                              .\CortexM3\ARM_GCC_541\Debug\Control_velocidad_giro.a(I2C.o) (I2C_mstrStatus)
.\CortexM3\ARM_GCC_541\Debug\Control_velocidad_giro.a(LCD_I2C_FUNCS.o)
                              .\CortexM3\ARM_GCC_541\Debug\main.o (LCD_I2C_print)
.\CortexM3\ARM_GCC_541\Debug\Control_velocidad_giro.a(Timer.o)
                              .\CortexM3\ARM_GCC_541\Debug\main.o (Timer_Stop)
.\CortexM3\ARM_GCC_541\Debug\Control_velocidad_giro.a(outTimer.o)
                              .\CortexM3\ARM_GCC_541\Debug\main.o (outTimer_Write)
.\CortexM3\ARM_GCC_541\Debug\Control_velocidad_giro.a(isr_Timer.o)
                              .\CortexM3\ARM_GCC_541\Debug\main.o (isr_Timer_StartEx)
.\CortexM3\ARM_GCC_541\Debug\Control_velocidad_giro.a(Clock.o)
                              .\CortexM3\ARM_GCC_541\Debug\main.o (Clock_Start)
.\CortexM3\ARM_GCC_541\Debug\Control_velocidad_giro.a(PWM.o)
                              .\CortexM3\ARM_GCC_541\Debug\main.o (PWM_WriteCompare)
.\CortexM3\ARM_GCC_541\Debug\Control_velocidad_giro.a(left.o)
                              .\CortexM3\ARM_GCC_541\Debug\main.o (left_Write)
.\CortexM3\ARM_GCC_541\Debug\Control_velocidad_giro.a(rigth.o)
                              .\CortexM3\ARM_GCC_541\Debug\main.o (rigth_Write)
.\CortexM3\ARM_GCC_541\Debug\Control_velocidad_giro.a(isr_Encoder_A.o)
                              .\CortexM3\ARM_GCC_541\Debug\main.o (isr_Encoder_A_StartEx)
.\CortexM3\ARM_GCC_541\Debug\Control_velocidad_giro.a(CyBootAsmGnu.o)
                              .\CortexM3\ARM_GCC_541\Debug\cyfitter_cfg.o (CyDelayCycles)
.\CortexM3\ARM_GCC_541\Debug\Control_velocidad_giro.a(CyFlash.o)
                              .\CortexM3\ARM_GCC_541\Debug\Control_velocidad_giro.a(cyPm.o) (CyFlash_SetWaitCycles)
.\CortexM3\ARM_GCC_541\Debug\Control_velocidad_giro.a(CySpc.o)
                              .\CortexM3\ARM_GCC_541\Debug\Control_velocidad_giro.a(CyFlash.o) (CySpcStart)
.\CortexM3\ARM_GCC_541\Debug\Control_velocidad_giro.a(LCD_I2C_LL_I2C.o)
                              .\CortexM3\ARM_GCC_541\Debug\Control_velocidad_giro.a(LCD_I2C_FUNCS.o) (LCD_I2C_writeByte)
c:/program files (x86)/cypress/psoc creator/4.4/psoc creator/import/gnu/arm/5.4.1/bin/../lib/gcc/arm-none-eabi/5.4.1/../../../../arm-none-eabi/lib/armv7-m\libm.a(lib_a-w_log.o)
                              .\CortexM3\ARM_GCC_541\Debug\main.o (log)
c:/program files (x86)/cypress/psoc creator/4.4/psoc creator/import/gnu/arm/5.4.1/bin/../lib/gcc/arm-none-eabi/5.4.1/../../../../arm-none-eabi/lib/armv7-m\libm.a(lib_a-e_log.o)
                              c:/program files (x86)/cypress/psoc creator/4.4/psoc creator/import/gnu/arm/5.4.1/bin/../lib/gcc/arm-none-eabi/5.4.1/../../../../arm-none-eabi/lib/armv7-m\libm.a(lib_a-w_log.o) (__ieee754_log)
c:/program files (x86)/cypress/psoc creator/4.4/psoc creator/import/gnu/arm/5.4.1/bin/../lib/gcc/arm-none-eabi/5.4.1/../../../../arm-none-eabi/lib/armv7-m\libm.a(lib_a-s_lib_ver.o)
                              c:/program files (x86)/cypress/psoc creator/4.4/psoc creator/import/gnu/arm/5.4.1/bin/../lib/gcc/arm-none-eabi/5.4.1/../../../../arm-none-eabi/lib/armv7-m\libm.a(lib_a-w_log.o) (__fdlib_version)
c:/program files (x86)/cypress/psoc creator/4.4/psoc creator/import/gnu/arm/5.4.1/bin/../lib/gcc/arm-none-eabi/5.4.1/../../../../arm-none-eabi/lib/armv7-m\libm.a(lib_a-s_matherr.o)
[...]
Memory Configuration

Name             Origin             Length             Attributes
rom              0x00000000         0x00040000         xr
ram              0x1fff8000         0x00010000         xrw
*default*        0x00000000         0xffffffff

Linker script and memory map

LOAD c:/program files (x86)/cypress/psoc creator/4.4/psoc creator/import/gnu/arm/5.4.1/bin/../lib/gcc/arm-none-eabi/5.4.1/armv7-m/crti.o
LOAD c:/program files (x86)/cypress/psoc creator/4.4/psoc creator/import/gnu/arm/5.4.1/bin/../lib/gcc/arm-none-eabi/5.4.1/armv7-m/crtbegin.o
LOAD c:/program files (x86)/cypress/psoc creator/4.4/psoc creator/import/gnu/arm/5.4.1/bin/../lib/gcc/arm-none-eabi/5.4.1/../../../../arm-none-eabi/lib/armv7-m/crt0.o
START GROUP
LOAD .\CortexM3\ARM_GCC_541\Debug\main.o
LOAD .\CortexM3\ARM_GCC_541\Debug\LiquidCrystal_I2C.o
LOAD .\CortexM3\ARM_GCC_541\Debug\cyfitter_cfg.o
LOAD .\CortexM3\ARM_GCC_541\Debug\cymetadata.o
LOAD .\CortexM3\ARM_GCC_541\Debug\Cm3Start.o
LOAD .\CortexM3\ARM_GCC_541\Debug\Control_velocidad_giro.a
LOAD C:\Program Files (x86)\Cypress\PSoC Creator\4.4\PSoC Creator\psoc\content\cycomponentlibrary\CyComponentLibrary.cylib\CortexM3\ARM_GCC_541\Debug\CyComponentLibrary.a
LOAD c:/program files (x86)/cypress/psoc creator/4.4/psoc creator/import/gnu/arm/5.4.1/bin/../lib/gcc/arm-none-eabi/5.4.1/../../../../arm-none-eabi/lib/armv7-m\libm.a
END GROUP
START GROUP
LOAD c:/program files (x86)/cypress/psoc creator/4.4/psoc creator/import/gnu/arm/5.4.1/bin/../lib/gcc/arm-none-eabi/5.4.1/armv7-m\libgcc.a
LOAD c:/program files (x86)/cypress/psoc creator/4.4/psoc creator/import/gnu/arm/5.4.1/bin/../lib/gcc/arm-none-eabi/5.4.1/../../../../arm-none-eabi/lib/armv7-m\libg_nano.a
LOAD c:/program files (x86)/cypress/psoc creator/4.4/psoc creator/import/gnu/arm/5.4.1/bin/../lib/gcc/arm-none-eabi/5.4.1/../../../../arm-none-eabi/lib/armv7-m\libc_nano.a
END GROUP
START GROUP
LOAD c:/program files (x86)/cypress/psoc creator/4.4/psoc creator/import/gnu/arm/5.4.1/bin/../lib/gcc/arm-none-eabi/5.4.1/armv7-m\libgcc.a
LOAD c:/program files (x86)/cypress/psoc creator/4.4/psoc creator/import/gnu/arm/5.4.1/bin/../lib/gcc/arm-none-eabi/5.4.1/../../../../arm-none-eabi/lib/armv7-m\libc_nano.a
END GROUP
LOAD c:/program files (x86)/cypress/psoc creator/4.4/psoc creator/import/gnu/arm/5.4.1/bin/../lib/gcc/arm-none-eabi/5.4.1/armv7-m/crtend.o
LOAD c:/program files (x86)/cypress/psoc creator/4.4/psoc creator/import/gnu/arm/5.4.1/bin/../lib/gcc/arm-none-eabi/5.4.1/armv7-m/crtn.o
START GROUP
LOAD c:/program files (x86)/cypress/psoc creator/4.4/psoc creator/import/gnu/arm/5.4.1/bin/../lib/gcc/arm-none-eabi/5.4.1/armv7-m\libgcc.a
LOAD c:/program files (x86)/cypress/psoc creator/4.4/psoc creator/import/gnu/arm/5.4.1/bin/../lib/gcc/arm-none-eabi/5.4.1/../../../../arm-none-eabi/lib/armv7-m\libc.a
LOAD c:/program files (x86)/cypress/psoc creator/4.4/psoc creator/import/gnu/arm/5.4.1/bin/../lib/gcc/arm-none-eabi/5.4.1/../../../../arm-none-eabi/lib/armv7-m\libnosys.a
END GROUP
                0x00000000                CY_APPL_ORIGIN = 0x0
                0x00000100                CY_FLASH_ROW_SIZE = 0x100
                0x00000020                CY_ECC_ROW_SIZE = 0x20
                0x00000000                CY_EE_IN_BTLDR = 0x0
                0x00000000                CY_APPL_LOADABLE = 0x0
                0x00000800                CY_EE_SIZE = 0x800
                0x00000001                CY_APPL_NUM = 0x1
                0x00000001                CY_APPL_MAX = 0x1
                0x00000040                CY_METADATA_SIZE = 0x40
                0x00000000                CY_APPL_LOADABLE = 0x0
                0x00000000                CY_CHECKSUM_EXCLUDE_SIZE = ALIGN (0x0, CY_FLASH_ROW_SIZE)
                [!provide]                PROVIDE (__cy_heap_start, _end)
                0x00000001                PROVIDE (__cy_region_num, ((__cy_regions_end - __cy_regions) / 0x10))
                0x20008000                PROVIDE (__cy_stack, (ORIGIN (ram) + LENGTH (ram)))
                [!provide]                PROVIDE (__cy_heap_end, (__cy_stack - 0x800))

.cybootloader   0x00000000        0x0
 *(.cybootloader)
                0x00000000                appl1_start = CY_APPL_ORIGIN?CY_APPL_ORIGIN:ALIGN (CY_FLASH_ROW_SIZE)
                0x0001ff00                appl2_start = (appl1_start + ALIGN ((((LENGTH (rom) - appl1_start) - (0x2 * CY_FLASH_ROW_SIZE)) / 0x2), CY_FLASH_ROW_SIZE))
                0x00000000                appl_start = (CY_APPL_NUM == 0x1)?appl1_start:appl2_start
                0x00000000                ecc_offset = ((appl_start / CY_FLASH_ROW_SIZE) * CY_ECC_ROW_SIZE)
                0x00000000                ee_offset = (CY_APPL_LOADABLE && ! (CY_EE_IN_BTLDR))?((CY_EE_SIZE / CY_APPL_MAX) * (CY_APPL_NUM - 0x1)):0x0
                0x00000800                ee_size = (CY_APPL_LOADABLE && ! (CY_EE_IN_BTLDR))?(CY_EE_SIZE / CY_APPL_MAX):CY_EE_SIZE
                [!provide]                PROVIDE (CY_ECC_OFFSET, ecc_offset)

.text           0x00000000     0x47e0
 CREATE_OBJECT_SYMBOLS
                0x00000000                PROVIDE (__cy_interrupt_vector, RomVectors)
 *(.romvectors)
 .romvectors    0x00000000       0x10 .\CortexM3\ARM_GCC_541\Debug\Cm3Start.o
                0x00000000                RomVectors
                0x00000001                ASSERT ((. != __cy_interrupt_vector), No interrupt vector)
                0x00000001                ASSERT (CY_APPL_ORIGIN?(SIZEOF (.cybootloader) <= CY_APPL_ORIGIN):0x1, Wrong image location)
                0x00000010                PROVIDE (__cy_reset, Reset)
 *(.text.Reset)
 .text.Reset    0x00000010       0x18 .\CortexM3\ARM_GCC_541\Debug\Cm3Start.o
                0x00000010                Reset
                0x00000001                ASSERT ((. != __cy_reset), No reset code)
 *(.dma_init)
                0x00000001                ASSERT ((((appl_start + .) <= 0x10000) || 0x1), DMA Init must be within the first 64k of flash)
 *(.text .text.* .gnu.linkonce.t.*)
 .text          0x00000028       0x5c c:/program files (x86)/cypress/psoc creator/4.4/psoc creator/import/gnu/arm/5.4.1/bin/../lib/gcc/arm-none-eabi/5.4.1/armv7-m/crtbegin.o
 .text.isrEncoder_A
                0x00000084       0x10 .\CortexM3\ARM_GCC_541\Debug\main.o
                0x00000084                isrEncoder_A
 .text.isrTimer
                0x00000094       0x90 .\CortexM3\ARM_GCC_541\Debug\main.o
                0x00000094                isrTimer
 .text.printLCD
                0x00000124       0x14 .\CortexM3\ARM_GCC_541\Debug\main.o
                0x00000124                printLCD
 .text.isrSerial
                0x00000138      0x210 .\CortexM3\ARM_GCC_541\Debug\main.o
                0x00000138                isrSerial
 .text.main     0x00000348       0x60 .\CortexM3\ARM_GCC_541\Debug\main.o
                0x00000348                main
 .text.CyClockStartupError
                0x000003a8        0x4 .\CortexM3\ARM_GCC_541\Debug\cyfitter_cfg.o
 .text.cfg_write_bytes32
                0x000003ac       0x34 .\CortexM3\ARM_GCC_541\Debug\cyfitter_cfg.o
 .text.AnalogSetDefault
                0x000003e0       0x28 .\CortexM3\ARM_GCC_541\Debug\cyfitter_cfg.o
 .text.CYMEMZERO
                0x00000408        0xc .\CortexM3\ARM_GCC_541\Debug\cyfitter_cfg.o
 .text.CYCONFIGCPYCODE
                0x00000414        0x8 .\CortexM3\ARM_GCC_541\Debug\cyfitter_cfg.o
 .text.CYCONFIGCPY
                0x0000041c        0x8 .\CortexM3\ARM_GCC_541\Debug\cyfitter_cfg.o
 .text.ClockSetup
                0x00000424       0xd0 .\CortexM3\ARM_GCC_541\Debug\cyfitter_cfg.o
 .text.cyfitter_cfg
                0x000004f4      0x11c .\CortexM3\ARM_GCC_541\Debug\cyfitter_cfg.o
                0x000004f4                cyfitter_cfg
 .text.IntDefaultHandler
                0x00000610       0x10 .\CortexM3\ARM_GCC_541\Debug\Cm3Start.o
                0x00000610                IntDefaultHandler
 .text._sbrk    0x00000620       0x30 .\CortexM3\ARM_GCC_541\Debug\Cm3Start.o
                0x00000620                _sbrk
 .text.Start_c  0x00000650       0x4c .\CortexM3\ARM_GCC_541\Debug\Cm3Start.o
                0x00000650                Start_c
 .text.initialize_psoc
                0x0000069c       0x68 .\CortexM3\ARM_GCC_541\Debug\Cm3Start.o
                0x0000069c                initialize_psoc
 .text.isr_Serial_SetVector
                0x00000704        0xc .\CortexM3\ARM_GCC_541\Debug\Control_velocidad_giro.a(isr_Serial.o)
                0x00000704                isr_Serial_SetVector
 .text.isr_Serial_SetPriority
                0x00000710       0x10 .\CortexM3\ARM_GCC_541\Debug\Control_velocidad_giro.a(isr_Serial.o)
                0x00000710                isr_Serial_SetPriority
 .text.isr_Serial_Enable
                0x00000720        0xc .\CortexM3\ARM_GCC_541\Debug\Control_velocidad_giro.a(isr_Serial.o)
                0x00000720                isr_Serial_Enable
 .text.isr_Serial_Disable
                0x0000072c        0xc .\CortexM3\ARM_GCC_541\Debug\Control_velocidad_giro.a(isr_Serial.o)
                0x0000072c                isr_Serial_Disable
 .text.isr_Serial_StartEx
                0x00000738       0x1c .\CortexM3\ARM_GCC_541\Debug\Control_velocidad_giro.a(isr_Serial.o)
                0x00000738                isr_Serial_StartEx
 .text.CyHalt   0x00000754        0x4 .\CortexM3\ARM_GCC_541\Debug\Control_velocidad_giro.a(CyLib.o)
                0x00000754                CyHalt
 .text.CyDelay  0x00000758       0x2c .\CortexM3\ARM_GCC_541\Debug\Control_velocidad_giro.a(CyLib.o)
                0x00000758                CyDelay
 .text.CyDelayUs
                0x00000784       0x14 .\CortexM3\ARM_GCC_541\Debug\Control_velocidad_giro.a(CyLib.o)
                0x00000784                CyDelayUs
 .text.CyIntSetVector
                0x00000798       0x28 .\CortexM3\ARM_GCC_541\Debug\Control_velocidad_giro.a(CyLib.o)
                0x00000798                CyIntSetVector
 .text.CyIntSetPriority
                0x000007c0       0x30 .\CortexM3\ARM_GCC_541\Debug\Control_velocidad_giro.a(CyLib.o)
                0x000007c0                CyIntSetPriority
 .text.UART_Serial_Init
                0x000007f0       0x28 .\CortexM3\ARM_GCC_541\Debug\Control_velocidad_giro.a(UART_Serial.o)
                0x000007f0                UART_Serial_Init
 .text.UART_Serial_Enable
                0x00000818       0x38 .\CortexM3\ARM_GCC_541\Debug\Control_velocidad_giro.a(UART_Serial.o)
                0x00000818                UART_Serial_Enable
 .text.UART_Serial_Start
                0x00000850       0x1c .\CortexM3\ARM_GCC_541\Debug\Control_velocidad_giro.a(UART_Serial.o)
                0x00000850                UART_Serial_Start
 .text.UART_Serial_GetChar
                0x0000086c       0x2c .\CortexM3\ARM_GCC_541\Debug\Control_velocidad_giro.a(UART_Serial.o)
                0x0000086c                UART_Serial_GetChar
 .text.UART_Serial_GetRxBufferSize
                0x00000898       0x18 .\CortexM3\ARM_GCC_541\Debug\Control_velocidad_giro.a(UART_Serial.o)
                0x00000898                UART_Serial_GetRxBufferSize
 .text.UART_Serial_ClearRxBuffer
                0x000008b0       0x24 .\CortexM3\ARM_GCC_541\Debug\Control_velocidad_giro.a(UART_Serial.o)
                0x000008b0                UART_Serial_ClearRxBuffer
 .text.UART_Serial_PutChar
                0x000008d4       0x18 .\CortexM3\ARM_GCC_541\Debug\Control_velocidad_giro.a(UART_Serial.o)
                0x000008d4                UART_Serial_PutChar
 .text.UART_Serial_PutString
                0x000008ec       0x24 .\CortexM3\ARM_GCC_541\Debug\Control_velocidad_giro.a(UART_Serial.o)
                0x000008ec                UART_Serial_PutString
 .text.UART_Serial_IntClock_Start
                0x00000910       0x1c .\CortexM3\ARM_GCC_541\Debug\Control_velocidad_giro.a(UART_Serial_IntClock.o)
                0x00000910                UART_Serial_IntClock_Start
 .text.I2C_Init
                0x0000092c       0x68 .\CortexM3\ARM_GCC_541\Debug\Control_velocidad_giro.a(I2C.o)
                0x0000092c                I2C_Init
 .text.I2C_Enable
                0x00000994       0x24 .\CortexM3\ARM_GCC_541\Debug\Control_velocidad_giro.a(I2C.o)
                0x00000994                I2C_Enable
 .text.I2C_Start
                0x000009b8       0x28 .\CortexM3\ARM_GCC_541\Debug\Control_velocidad_giro.a(I2C.o)
                0x000009b8                I2C_Start
 .text.I2C_ISR  0x000009e0      0x2d0 .\CortexM3\ARM_GCC_541\Debug\Control_velocidad_giro.a(I2C_INT.o)
                0x000009e0                I2C_ISR
 .text.I2C_MasterSendStart
                0x00000cb0       0x80 .\CortexM3\ARM_GCC_541\Debug\Control_velocidad_giro.a(I2C_MASTER.o)
                0x00000cb0                I2C_MasterSendStart
 .text.I2C_MasterSendStop
                0x00000d30       0x38 .\CortexM3\ARM_GCC_541\Debug\Control_velocidad_giro.a(I2C_MASTER.o)
                0x00000d30                I2C_MasterSendStop
 .text.I2C_MasterWriteByte
                0x00000d68       0x58 .\CortexM3\ARM_GCC_541\Debug\Control_velocidad_giro.a(I2C_MASTER.o)
                0x00000d68                I2C_MasterWriteByte
 .text.LCD_I2C_expanderWrite
                0x00000dc0       0x14 .\CortexM3\ARM_GCC_541\Debug\Control_velocidad_giro.a(LCD_I2C_FUNCS.o)
                0x00000dc0                LCD_I2C_expanderWrite
 .text.LCD_I2C_pulseEnable
                0x00000dd4       0x24 .\CortexM3\ARM_GCC_541\Debug\Control_velocidad_giro.a(LCD_I2C_FUNCS.o)
                0x00000dd4                LCD_I2C_pulseEnable
 .text.LCD_I2C_write4bits
                0x00000df8       0x10 .\CortexM3\ARM_GCC_541\Debug\Control_velocidad_giro.a(LCD_I2C_FUNCS.o)
                0x00000df8                LCD_I2C_write4bits
 .text.LCD_I2C_send
                0x00000e08       0x20 .\CortexM3\ARM_GCC_541\Debug\Control_velocidad_giro.a(LCD_I2C_FUNCS.o)
                0x00000e08                LCD_I2C_send
 .text.LCD_I2C_write
                0x00000e28        0xc .\CortexM3\ARM_GCC_541\Debug\Control_velocidad_giro.a(LCD_I2C_FUNCS.o)
                0x00000e28                LCD_I2C_write
 .text.LCD_I2C_print
                0x00000e34       0x18 .\CortexM3\ARM_GCC_541\Debug\Control_velocidad_giro.a(LCD_I2C_FUNCS.o)
                0x00000e34                LCD_I2C_print
 .text.LCD_I2C_command
                0x00000e4c        0xc .\CortexM3\ARM_GCC_541\Debug\Control_velocidad_giro.a(LCD_I2C_FUNCS.o)
                0x00000e4c                LCD_I2C_command
 .text.LCD_I2C_clear
                0x00000e58       0x10 .\CortexM3\ARM_GCC_541\Debug\Control_velocidad_giro.a(LCD_I2C_FUNCS.o)
                0x00000e58                LCD_I2C_clear
 .text.LCD_I2C_home
                0x00000e68       0x10 .\CortexM3\ARM_GCC_541\Debug\Control_velocidad_giro.a(LCD_I2C_FUNCS.o)
                0x00000e68                LCD_I2C_home
 .text.LCD_I2C_setCursor
                0x00000e78       0x3c .\CortexM3\ARM_GCC_541\Debug\Control_velocidad_giro.a(LCD_I2C_FUNCS.o)
                0x00000e78                LCD_I2C_setCursor
 .text.LCD_I2C_display
                0x00000eb4       0x1c .\CortexM3\ARM_GCC_541\Debug\Control_velocidad_giro.a(LCD_I2C_FUNCS.o)
                0x00000eb4                LCD_I2C_display
 .text.LCD_I2C_begin
                0x00000ed0       0x6c .\CortexM3\ARM_GCC_541\Debug\Control_velocidad_giro.a(LCD_I2C_FUNCS.o)
                0x00000ed0                LCD_I2C_begin
 .text.LCD_I2C_start
                0x00000f3c       0x2c .\CortexM3\ARM_GCC_541\Debug\Control_velocidad_giro.a(LCD_I2C_FUNCS.o)
                0x00000f3c                LCD_I2C_start
 .text.Timer_Enable
                0x00000f68       0x28 .\CortexM3\ARM_GCC_541\Debug\Control_velocidad_giro.a(Timer.o)
                0x00000f68                Timer_Enable
 .text.Timer_Stop
                0x00000f90       0x28 .\CortexM3\ARM_GCC_541\Debug\Control_velocidad_giro.a(Timer.o)
                0x00000f90                Timer_Stop
 .text.Timer_SetInterruptMode
                0x00000fb8        0xc .\CortexM3\ARM_GCC_541\Debug\Control_velocidad_giro.a(Timer.o)
                0x00000fb8                Timer_SetInterruptMode
 .text.Timer_WritePeriod
                0x00000fc4        0xc .\CortexM3\ARM_GCC_541\Debug\Control_velocidad_giro.a(Timer.o)
                0x00000fc4                Timer_WritePeriod
 .text.Timer_WriteCounter
                0x00000fd0        0xc .\CortexM3\ARM_GCC_541\Debug\Control_velocidad_giro.a(Timer.o)
                0x00000fd0                Timer_WriteCounter
 .text.Timer_Init
                0x00000fdc       0x68 .\CortexM3\ARM_GCC_541\Debug\Control_velocidad_giro.a(Timer.o)
                0x00000fdc                Timer_Init
 .text.Timer_Start
                0x00001044       0x1c .\CortexM3\ARM_GCC_541\Debug\Control_velocidad_giro.a(Timer.o)
                0x00001044                Timer_Start
 .text.outTimer_Write
                0x00001060       0x18 .\CortexM3\ARM_GCC_541\Debug\Control_velocidad_giro.a(outTimer.o)
                0x00001060                outTimer_Write
 .text.outTimer_Read
                0x00001078       0x10 .\CortexM3\ARM_GCC_541\Debug\Control_velocidad_giro.a(outTimer.o)
                0x00001078                outTimer_Read
 .text.isr_Timer_SetVector
                0x00001088        0xc .\CortexM3\ARM_GCC_541\Debug\Control_velocidad_giro.a(isr_Timer.o)
                0x00001088                isr_Timer_SetVector
 .text.isr_Timer_SetPriority
                0x00001094       0x10 .\CortexM3\ARM_GCC_541\Debug\Control_velocidad_giro.a(isr_Timer.o)
                0x00001094                isr_Timer_SetPriority
 .text.isr_Timer_Enable
                0x000010a4        0xc .\CortexM3\ARM_GCC_541\Debug\Control_velocidad_giro.a(isr_Timer.o)
                0x000010a4                isr_Timer_Enable
 .text.isr_Timer_Disable
                0x000010b0        0xc .\CortexM3\ARM_GCC_541\Debug\Control_velocidad_giro.a(isr_Timer.o)
                0x000010b0                isr_Timer_Disable
 .text.isr_Timer_StartEx
                0x000010bc       0x1c .\CortexM3\ARM_GCC_541\Debug\Control_velocidad_giro.a(isr_Timer.o)
                0x000010bc                isr_Timer_StartEx
 .text.Clock_Start
                0x000010d8       0x1c .\CortexM3\ARM_GCC_541\Debug\Control_velocidad_giro.a(Clock.o)
                0x000010d8                Clock_Start
 .text.PWM_Enable
                0x000010f4       0x10 .\CortexM3\ARM_GCC_541\Debug\Control_velocidad_giro.a(PWM.o)
                0x000010f4                PWM_Enable
 .text.PWM_WriteCounter
                0x00001104        0xc .\CortexM3\ARM_GCC_541\Debug\Control_velocidad_giro.a(PWM.o)
                0x00001104                PWM_WriteCounter
 .text.PWM_WritePeriod
                0x00001110        0xc .\CortexM3\ARM_GCC_541\Debug\Control_velocidad_giro.a(PWM.o)
                0x00001110                PWM_WritePeriod
 .text.PWM_WriteCompare
                0x0000111c        0xc .\CortexM3\ARM_GCC_541\Debug\Control_velocidad_giro.a(PWM.o)
                0x0000111c                PWM_WriteCompare
 .text.PWM_SetInterruptMode
                0x00001128        0xc .\CortexM3\ARM_GCC_541\Debug\Control_velocidad_giro.a(PWM.o)
                0x00001128                PWM_SetInterruptMode
 .text.PWM_ReadStatusRegister
                0x00001134        0xc .\CortexM3\ARM_GCC_541\Debug\Control_velocidad_giro.a(PWM.o)
                0x00001134                PWM_ReadStatusRegister
 .text.PWM_ReadCapture
                0x00001140        0xc .\CortexM3\ARM_GCC_541\Debug\Control_velocidad_giro.a(PWM.o)
                0x00001140                PWM_ReadCapture
 .text.PWM_ClearFIFO
                0x0000114c       0x14 .\CortexM3\ARM_GCC_541\Debug\Control_velocidad_giro.a(PWM.o)
                0x0000114c                PWM_ClearFIFO
 .text.PWM_Init
                0x00001160       0x60 .\CortexM3\ARM_GCC_541\Debug\Control_velocidad_giro.a(PWM.o)
                0x00001160                PWM_Init
 .text.PWM_Start
                0x000011c0       0x1c .\CortexM3\ARM_GCC_541\Debug\Control_velocidad_giro.a(PWM.o)
                0x000011c0                PWM_Start
 .text.left_Write
                0x000011dc       0x18 .\CortexM3\ARM_GCC_541\Debug\Control_velocidad_giro.a(left.o)
                0x000011dc                left_Write
 .text.rigth_Write
                0x000011f4       0x18 .\CortexM3\ARM_GCC_541\Debug\Control_velocidad_giro.a(rigth.o)
                0x000011f4                rigth_Write
 .text.isr_Encoder_A_SetVector
                0x0000120c        0xc .\CortexM3\ARM_GCC_541\Debug\Control_velocidad_giro.a(isr_Encoder_A.o)
                0x0000120c                isr_Encoder_A_SetVector
 .text.isr_Encoder_A_SetPriority
                0x00001218       0x10 .\CortexM3\ARM_GCC_541\Debug\Control_velocidad_giro.a(isr_Encoder_A.o)
                0x00001218                isr_Encoder_A_SetPriority
 .text.isr_Encoder_A_Enable
                0x00001228        0xc .\CortexM3\ARM_GCC_541\Debug\Control_velocidad_giro.a(isr_Encoder_A.o)
                0x00001228                isr_Encoder_A_Enable
 .text.isr_Encoder_A_Disable
                0x00001234        0xc .\CortexM3\ARM_GCC_541\Debug\Control_velocidad_giro.a(isr_Encoder_A.o)
                0x00001234                isr_Encoder_A_Disable
 .text.isr_Encoder_A_StartEx
                0x00001240       0x1c .\CortexM3\ARM_GCC_541\Debug\Control_velocidad_giro.a(isr_Encoder_A.o)
                0x00001240                isr_Encoder_A_StartEx
 *fill*         0x0000125c        0x4 
 .text          0x00001260       0x20 .\CortexM3\ARM_GCC_541\Debug\Control_velocidad_giro.a(CyBootAsmGnu.o)
                0x00001260                CyDelayCycles
                0x00001270                CyEnterCriticalSection
                0x00001278                CyExitCriticalSection
 .text.LCD_I2C_writeByte
                0x00001280       0x18 .\CortexM3\ARM_GCC_541\Debug\Control_velocidad_giro.a(LCD_I2C_LL_I2C.o)
                0x00001280                LCD_I2C_writeByte
 .text.log      0x00001298      0x100 c:/program files (x86)/cypress/psoc creator/4.4/psoc creator/import/gnu/arm/5.4.1/bin/../lib/gcc/arm-none-eabi/5.4.1/../../../../arm-none-eabi/lib/armv7-m\libm.a(lib_a-w_log.o)
                0x00001298                log
 .text.__ieee754_log
                0x00001398      0x3e8 c:/program files (x86)/cypress/psoc creator/4.4/psoc creator/import/gnu/arm/5.4.1/bin/../lib/gcc/arm-none-eabi/5.4.1/../../../../arm-none-eabi/lib/armv7-m\libm.a(lib_a-e_log.o)
                0x00001398                __ieee754_log
 .text.matherr  0x00001780        0x4 c:/program files (x86)/cypress/psoc creator/4.4/psoc creator/import/gnu/arm/5.4.1/bin/../lib/gcc/arm-none-eabi/5.4.1/../../../../arm-none-eabi/lib/armv7-m\libm.a(lib_a-s_matherr.o)
                0x00001780                matherr
 .text.nan      0x00001784        0xc c:/program files (x86)/cypress/psoc creator/4.4/psoc creator/import/gnu/arm/5.4.1/bin/../lib/gcc/arm-none-eabi/5.4.1/../../../../arm-none-eabi/lib/armv7-m\libm.a(lib_a-s_nan.o)
                0x00001784                nan
 .text          0x00001790      0x370 c:/program files (x86)/cypress/psoc creator/4.4/psoc creator/import/gnu/arm/5.4.1/bin/../lib/gcc/arm-none-eabi/5.4.1/armv7-m\libgcc.a(_arm_addsubdf3.o)
                0x00001790                __aeabi_drsub
                0x00001798                __aeabi_dsub
                0x00001798                __subdf3
                0x0000179c                __aeabi_dadd
                0x0000179c                __adddf3
                0x00001a14                __floatunsidf
                0x00001a14                __aeabi_ui2d
                0x00001a34                __floatsidf
                0x00001a34                __aeabi_i2d
                0x00001a58                __aeabi_f2d
                0x00001a58                __extendsfdf2
                0x00001a94                __floatundidf
                0x00001a94                __aeabi_ul2d
                0x00001aa4                __floatdidf
                0x00001aa4                __aeabi_l2d
 .text          0x00001b00      0x424 c:/program files (x86)/cypress/psoc creator/4.4/psoc creator/import/gnu/arm/5.4.1/bin/../lib/gcc/arm-none-eabi/5.4.1/armv7-m\libgcc.a(_arm_muldivdf3.o)
                0x00001b00                __aeabi_dmul
                0x00001b00                __muldf3
                0x00001d54                __divdf3
                0x00001d54                __aeabi_ddiv
 .text          0x00001f24      0x110 c:/program files (x86)/cypress/psoc creator/4.4/psoc creator/import/gnu/arm/5.4.1/bin/../lib/gcc/arm-none-eabi/5.4.1/armv7-m\libgcc.a(_arm_cmpdf2.o)
                0x00001f24                __gtdf2
                0x00001f24                __gedf2
                0x00001f2c                __ltdf2
                0x00001f2c                __ledf2
                0x00001f34                __nedf2
                0x00001f34                __eqdf2
                0x00001f34                __cmpdf2
                0x00001fb0                __aeabi_cdrcmple
                0x00001fc0                __aeabi_cdcmpeq
                0x00001fc0                __aeabi_cdcmple
                0x00001fd0                __aeabi_dcmpeq
                0x00001fe4                __aeabi_dcmplt
                0x00001ff8                __aeabi_dcmple
                0x0000200c                __aeabi_dcmpge
                0x00002020                __aeabi_dcmpgt
 .text          0x00002034       0x2c c:/program files (x86)/cypress/psoc creator/4.4/psoc creator/import/gnu/arm/5.4.1/bin/../lib/gcc/arm-none-eabi/5.4.1/armv7-m\libgcc.a(_arm_unorddf2.o)
                0x00002034                __unorddf2
                0x00002034                __aeabi_dcmpun
 .text          0x00002060       0xa0 c:/program files (x86)/cypress/psoc creator/4.4/psoc creator/import/gnu/arm/5.4.1/bin/../lib/gcc/arm-none-eabi/5.4.1/armv7-m\libgcc.a(_arm_truncdfsf2.o)
                0x00002060                __truncdfsf2
                0x00002060                __aeabi_d2f
 .text          0x00002100      0x21c c:/program files (x86)/cypress/psoc creator/4.4/psoc creator/import/gnu/arm/5.4.1/bin/../lib/gcc/arm-none-eabi/5.4.1/armv7-m\libgcc.a(_arm_addsubsf3.o)
                0x00002100                __aeabi_frsub
                0x00002108                __subsf3
                0x00002108                __aeabi_fsub
                0x0000210c                __aeabi_fadd
                0x0000210c                __addsf3
                0x0000226c                __aeabi_ui2f
                0x0000226c                __floatunsisf
                0x00002274                __aeabi_i2f
                0x00002274                __floatsisf
                0x00002290                __aeabi_ul2f
                0x00002290                __floatundisf
                0x000022a0                __aeabi_l2f
                0x000022a0                __floatdisf
 .text          0x0000231c      0x2a0 c:/program files (x86)/cypress/psoc creator/4.4/psoc creator/import/gnu/arm/5.4.1/bin/../lib/gcc/arm-none-eabi/5.4.1/armv7-m\libgcc.a(_arm_muldivsf3.o)
                0x0000231c                __mulsf3
                0x0000231c                __aeabi_fmul
                0x00002484                __aeabi_fdiv
                0x00002484                __divsf3
 .text          0x000025bc       0xec c:/program files (x86)/cypress/psoc creator/4.4/psoc creator/import/gnu/arm/5.4.1/bin/../lib/gcc/arm-none-eabi/5.4.1/armv7-m\libgcc.a(_arm_cmpsf2.o)
                0x000025bc                __gesf2
                0x000025bc                __gtsf2
                0x000025c4                __lesf2
                0x000025c4                __ltsf2
                0x000025cc                __nesf2
                0x000025cc                __eqsf2
                0x000025cc                __cmpsf2
                0x0000262c                __aeabi_cfrcmple
                0x00002634                __aeabi_cfcmpeq
                0x00002634                __aeabi_cfcmple
                0x00002644                __aeabi_fcmpeq
                0x00002658                __aeabi_fcmplt
                0x0000266c                __aeabi_fcmple
                0x00002680                __aeabi_fcmpge
                0x00002694                __aeabi_fcmpgt
 .text          0x000026a8       0x40 c:/program files (x86)/cypress/psoc creator/4.4/psoc creator/import/gnu/arm/5.4.1/bin/../lib/gcc/arm-none-eabi/5.4.1/armv7-m\libgcc.a(_arm_fixunssfsi.o)
                0x000026a8                __fixunssfsi
                0x000026a8                __aeabi_f2uiz
 .text.__errno  0x000026e8        0xc c:/program files (x86)/cypress/psoc creator/4.4/psoc creator/import/gnu/arm/5.4.1/bin/../lib/gcc/arm-none-eabi/5.4.1/../../../../arm-none-eabi/lib/armv7-m\libg_nano.a(lib_a-errno.o)
                0x000026e8                __errno
 .text.__libc_init_array
                0x000026f4       0x4c c:/program files (x86)/cypress/psoc creator/4.4/psoc creator/import/gnu/arm/5.4.1/bin/../lib/gcc/arm-none-eabi/5.4.1/../../../../arm-none-eabi/lib/armv7-m\libg_nano.a(lib_a-init.o)
                0x000026f4                __libc_init_array
 .text.memcpy   0x00002740       0x16 c:/program files (x86)/cypress/psoc creator/4.4/psoc creator/import/gnu/arm/5.4.1/bin/../lib/gcc/arm-none-eabi/5.4.1/../../../../arm-none-eabi/lib/armv7-m\libg_nano.a(lib_a-memcpy-stub.o)
                0x00002740                memcpy
 .text.memset   0x00002756       0x10 c:/program files (x86)/cypress/psoc creator/4.4/psoc creator/import/gnu/arm/5.4.1/bin/../lib/gcc/arm-none-eabi/5.4.1/../../../../arm-none-eabi/lib/armv7-m\libg_nano.a(lib_a-memset.o)
                0x00002756                memset
 .text.__cvt    0x00002766       0xc0 c:/program files (x86)/cypress/psoc creator/4.4/psoc creator/import/gnu/arm/5.4.1/bin/../lib/gcc/arm-none-eabi/5.4.1/../../../../arm-none-eabi/lib/armv7-m\libg_nano.a(lib_a-nano-vfprintf_float.o)
                0x00002766                __cvt
 .text.__exponent
                0x00002826       0x62 c:/program files (x86)/cypress/psoc creator/4.4/psoc creator/import/gnu/arm/5.4.1/bin/../lib/gcc/arm-none-eabi/5.4.1/../../../../arm-none-eabi/lib/armv7-m\libg_nano.a(lib_a-nano-vfprintf_float.o)
                0x00002826                __exponent
 .text._printf_float
                0x00002888      0x488 c:/program files (x86)/cypress/psoc creator/4.4/psoc creator/import/gnu/arm/5.4.1/bin/../lib/gcc/arm-none-eabi/5.4.1/../../../../arm-none-eabi/lib/armv7-m\libg_nano.a(lib_a-nano-vfprintf_float.o)
                0x00002888                _printf_float
 .text._printf_common
                0x00002d10       0xec c:/program files (x86)/cypress/psoc creator/4.4/psoc creator/import/gnu/arm/5.4.1/bin/../lib/gcc/arm-none-eabi/5.4.1/../../../../arm-none-eabi/lib/armv7-m\libg_nano.a(lib_a-nano-vfprintf_i.o)
                0x00002d10                _printf_common
 .text._printf_i
                0x00002dfc      0x24c c:/program files (x86)/cypress/psoc creator/4.4/psoc creator/import/gnu/arm/5.4.1/bin/../lib/gcc/arm-none-eabi/5.4.1/../../../../arm-none-eabi/lib/armv7-m\libg_nano.a(lib_a-nano-vfprintf_i.o)
                0x00002dfc                _printf_i
 .text.sprintf  0x00003048       0x48 c:/program files (x86)/cypress/psoc creator/4.4/psoc creator/import/gnu/arm/5.4.1/bin/../lib/gcc/arm-none-eabi/5.4.1/../../../../arm-none-eabi/lib/armv7-m\libg_nano.a(lib_a-sprintf.o)
                0x00003048                siprintf
                0x00003048                sprintf
 .text          0x00003090       0x10 c:/program files (x86)/cypress/psoc creator/4.4/psoc creator/import/gnu/arm/5.4.1/bin/../lib/gcc/arm-none-eabi/5.4.1/../../../../arm-none-eabi/lib/armv7-m\libg_nano.a(lib_a-strlen.o)
                0x00003090                strlen
 .text.quorem   0x000030a0      0x116 c:/program files (x86)/cypress/psoc creator/4.4/psoc creator/import/gnu/arm/5.4.1/bin/../lib/gcc/arm-none-eabi/5.4.1/../../../../arm-none-eabi/lib/armv7-m\libg_nano.a(lib_a-dtoa.o)
 *fill*         0x000031b6        0x2 
 .text._dtoa_r  0x000031b8      0xb30 c:/program files (x86)/cypress/psoc creator/4.4/psoc creator/import/gnu/arm/5.4.1/bin/../lib/gcc/arm-none-eabi/5.4.1/../../../../arm-none-eabi/lib/armv7-m\libg_nano.a(lib_a-dtoa.o)
                0x000031b8                _dtoa_r
 .text._localeconv_r
                0x00003ce8        0x8 c:/program files (x86)/cypress/psoc creator/4.4/psoc creator/import/gnu/arm/5.4.1/bin/../lib/gcc/arm-none-eabi/5.4.1/../../../../arm-none-eabi/lib/armv7-m\libg_nano.a(lib_a-locale.o)
                0x00003ce8                _localeconv_r
 .text.malloc   0x00003cf0       0x10 c:/program files (x86)/cypress/psoc creator/4.4/psoc creator/import/gnu/arm/5.4.1/bin/../lib/gcc/arm-none-eabi/5.4.1/../../../../arm-none-eabi/lib/armv7-m\libg_nano.a(lib_a-malloc.o)
                0x00003cf0                malloc
 .text.memchr   0x00003d00       0x1c c:/program files (x86)/cypress/psoc creator/4.4/psoc creator/import/gnu/arm/5.4.1/bin/../lib/gcc/arm-none-eabi/5.4.1/../../../../arm-none-eabi/lib/armv7-m\libg_nano.a(lib_a-memchr-stub.o)
                0x00003d00                memchr
 .text._Balloc  0x00003d1c       0x6a c:/program files (x86)/cypress/psoc creator/4.4/psoc creator/import/gnu/arm/5.4.1/bin/../lib/gcc/arm-none-eabi/5.4.1/../../../../arm-none-eabi/lib/armv7-m\libg_nano.a(lib_a-mprec.o)
                0x00003d1c                _Balloc
 .text._Bfree   0x00003d86       0x2e c:/program files (x86)/cypress/psoc creator/4.4/psoc creator/import/gnu/arm/5.4.1/bin/../lib/gcc/arm-none-eabi/5.4.1/../../../../arm-none-eabi/lib/armv7-m\libg_nano.a(lib_a-mprec.o)
                0x00003d86                _Bfree
 .text.__multadd
                0x00003db4       0x76 c:/program files (x86)/cypress/psoc creator/4.4/psoc creator/import/gnu/arm/5.4.1/bin/../lib/gcc/arm-none-eabi/5.4.1/../../../../arm-none-eabi/lib/armv7-m\libg_nano.a(lib_a-mprec.o)
                0x00003db4                __multadd
 .text.__hi0bits
                0x00003e2a       0x40 c:/program files (x86)/cypress/psoc creator/4.4/psoc creator/import/gnu/arm/5.4.1/bin/../lib/gcc/arm-none-eabi/5.4.1/../../../../arm-none-eabi/lib/armv7-m\libg_nano.a(lib_a-mprec.o)
                0x00003e2a                __hi0bits
 .text.__lo0bits
                0x00003e6a       0x5a c:/program files (x86)/cypress/psoc creator/4.4/psoc creator/import/gnu/arm/5.4.1/bin/../lib/gcc/arm-none-eabi/5.4.1/../../../../arm-none-eabi/lib/armv7-m\libg_nano.a(lib_a-mprec.o)
                0x00003e6a                __lo0bits
 .text.__i2b    0x00003ec4       0x12 c:/program files (x86)/cypress/psoc creator/4.4/psoc creator/import/gnu/arm/5.4.1/bin/../lib/gcc/arm-none-eabi/5.4.1/../../../../arm-none-eabi/lib/armv7-m\libg_nano.a(lib_a-mprec.o)
                0x00003ec4                __i2b
 .text.__multiply
                0x00003ed6      0x120 c:/program files (x86)/cypress/psoc creator/4.4/psoc creator/import/gnu/arm/5.4.1/bin/../lib/gcc/arm-none-eabi/5.4.1/../../../../arm-none-eabi/lib/armv7-m\libg_nano.a(lib_a-mprec.o)
                0x00003ed6                __multiply
 *fill*         0x00003ff6        0x2 
 .text.__pow5mult
                0x00003ff8       0x9c c:/program files (x86)/cypress/psoc creator/4.4/psoc creator/import/gnu/arm/5.4.1/bin/../lib/gcc/arm-none-eabi/5.4.1/../../../../arm-none-eabi/lib/armv7-m\libg_nano.a(lib_a-mprec.o)
                0x00003ff8                __pow5mult
 .text.__lshift
                0x00004094       0xa2 c:/program files (x86)/cypress/psoc creator/4.4/psoc creator/import/gnu/arm/5.4.1/bin/../lib/gcc/arm-none-eabi/5.4.1/../../../../arm-none-eabi/lib/armv7-m\libg_nano.a(lib_a-mprec.o)
                0x00004094                __lshift
 .text.__mcmp   0x00004136       0x38 c:/program files (x86)/cypress/psoc creator/4.4/psoc creator/import/gnu/arm/5.4.1/bin/../lib/gcc/arm-none-eabi/5.4.1/../../../../arm-none-eabi/lib/armv7-m\libg_nano.a(lib_a-mprec.o)
                0x00004136                __mcmp
 .text.__mdiff  0x0000416e       0xbe c:/program files (x86)/cypress/psoc creator/4.4/psoc creator/import/gnu/arm/5.4.1/bin/../lib/gcc/arm-none-eabi/5.4.1/../../../../arm-none-eabi/lib/armv7-m\libg_nano.a(lib_a-mprec.o)
                0x0000416e                __mdiff
 .text.__d2b    0x0000422c       0x9c c:/program files (x86)/cypress/psoc creator/4.4/psoc creator/import/gnu/arm/5.4.1/bin/../lib/gcc/arm-none-eabi/5.4.1/../../../../arm-none-eabi/lib/armv7-m\libg_nano.a(lib_a-mprec.o)
                0x0000422c                __d2b
 .text._calloc_r
                0x000042c8       0x1c c:/program files (x86)/cypress/psoc creator/4.4/psoc creator/import/gnu/arm/5.4.1/bin/../lib/gcc/arm-none-eabi/5.4.1/../../../../arm-none-eabi/lib/armv7-m\libg_nano.a(lib_a-nano-callocr.o)
                0x000042c8                _calloc_r
 .text._free_r  0x000042e4       0x98 c:/program files (x86)/cypress/psoc creator/4.4/psoc creator/import/gnu/arm/5.4.1/bin/../lib/gcc/arm-none-eabi/5.4.1/../../../../arm-none-eabi/lib/armv7-m\libg_nano.a(lib_a-nano-freer.o)
                0x000042e4                _free_r
 .text._malloc_r
                0x0000437c       0xbc c:/program files (x86)/cypress/psoc creator/4.4/psoc creator/import/gnu/arm/5.4.1/bin/../lib/gcc/arm-none-eabi/5.4.1/../../../../arm-none-eabi/lib/armv7-m\libg_nano.a(lib_a-nano-mallocr.o)
                0x0000437c                _malloc_r
 .text.__ssputs_r
                0x00004438       0xb2 c:/program files (x86)/cypress/psoc creator/4.4/psoc creator/import/gnu/arm/5.4.1/bin/../lib/gcc/arm-none-eabi/5.4.1/../../../../arm-none-eabi/lib/armv7-m\libg_nano.a(lib_a-nano-svfprintf.o)
                0x00004438                __ssputs_r
 *fill*         0x000044ea        0x2 
 .text._svfprintf_r
                0x000044ec      0x1e8 c:/program files (x86)/cypress/psoc creator/4.4/psoc creator/import/gnu/arm/5.4.1/bin/../lib/gcc/arm-none-eabi/5.4.1/../../../../arm-none-eabi/lib/armv7-m\libg_nano.a(lib_a-nano-svfprintf.o)
                0x000044ec                _svfiprintf_r
                0x000044ec                _svfprintf_r
 .text._sbrk_r  0x000046d4       0x20 c:/program files (x86)/cypress/psoc creator/4.4/psoc creator/import/gnu/arm/5.4.1/bin/../lib/gcc/arm-none-eabi/5.4.1/../../../../arm-none-eabi/lib/armv7-m\libg_nano.a(lib_a-sbrkr.o)
                0x000046d4                _sbrk_r
 .text.memmove  0x000046f4       0x36 c:/program files (x86)/cypress/psoc creator/4.4/psoc creator/import/gnu/arm/5.4.1/bin/../lib/gcc/arm-none-eabi/5.4.1/../../../../arm-none-eabi/lib/armv7-m\libg_nano.a(lib_a-memmove.o)
                0x000046f4                memmove
 .text.__malloc_lock
                0x0000472a        0x2 c:/program files (x86)/cypress/psoc creator/4.4/psoc creator/import/gnu/arm/5.4.1/bin/../lib/gcc/arm-none-eabi/5.4.1/../../../../arm-none-eabi/lib/armv7-m\libg_nano.a(lib_a-mlock.o)
                0x0000472a                __malloc_lock
 .text.__malloc_unlock
                0x0000472c        0x2 c:/program files (x86)/cypress/psoc creator/4.4/psoc creator/import/gnu/arm/5.4.1/bin/../lib/gcc/arm-none-eabi/5.4.1/../../../../arm-none-eabi/lib/armv7-m\libg_nano.a(lib_a-mlock.o)
                0x0000472c                __malloc_unlock
 .text._realloc_r
                0x0000472e       0x4c c:/program files (x86)/cypress/psoc creator/4.4/psoc creator/import/gnu/arm/5.4.1/bin/../lib/gcc/arm-none-eabi/5.4.1/../../../../arm-none-eabi/lib/armv7-m\libg_nano.a(lib_a-nano-reallocr.o)
                0x0000472e                _realloc_r
 .text._malloc_usable_size_r
                0x0000477a       0x14 c:/program files (x86)/cypress/psoc creator/4.4/psoc creator/import/gnu/arm/5.4.1/bin/../lib/gcc/arm-none-eabi/5.4.1/../../../../arm-none-eabi/lib/armv7-m\libg_nano.a(lib_a-nano-msizer.o)
                0x0000477a                _malloc_usable_size_r
 *fill*         0x0000478e        0x2 
 .text          0x00004790       0x50 c:/program files (x86)/cypress/psoc creator/4.4/psoc creator/import/gnu/arm/5.4.1/bin/../lib/gcc/arm-none-eabi/5.4.1/armv7-m\libgcc.a(_arm_fixdfsi.o)
                0x00004790                __aeabi_d2iz
                0x00004790                __fixdfsi
 *(.plt)
 *(.gnu.warning)
 *(.glue_7t)
 .glue_7t       0x000047e0        0x0 linker stubs
 *(.glue_7)
 .glue_7        0x000047e0        0x0 linker stubs
 *(.vfp11_veneer)
 .vfp11_veneer  0x000047e0        0x0 linker stubs
 *(.bootloader)
 *(.ARM.extab* .gnu.linkonce.armextab.*)
 *(.gcc_except_table)

.v4_bx          0x000047e0        0x0
 .v4_bx         0x000047e0        0x0 linker stubs

.iplt           0x000047e0        0x0
 .iplt          0x000047e0        0x0 c:/program files (x86)/cypress/psoc creator/4.4/psoc creator/import/gnu/arm/5.4.1/bin/../lib/gcc/arm-none-eabi/5.4.1/armv7-m/crtbegin.o

.eh_frame_hdr
 *(.eh_frame_hdr)

.eh_frame       0x000047e0        0x4
 *(.eh_frame)
 .eh_frame      0x000047e0        0x0 c:/program files (x86)/cypress/psoc creator/4.4/psoc creator/import/gnu/arm/5.4.1/bin/../lib/gcc/arm-none-eabi/5.4.1/armv7-m/crtbegin.o
 .eh_frame      0x000047e0        0x4 c:/program files (x86)/cypress/psoc creator/4.4/psoc creator/import/gnu/arm/5.4.1/bin/../lib/gcc/arm-none-eabi/5.4.1/armv7-m/crtend.o
                [!provide]                PROVIDE (__exidx_start, .)

.ARM.exidx
 *(.ARM.exidx* .gnu.linkonce.armexidx.*)
                0x000047e4                __exidx_end = .

.rodata         0x000047e8      0x830
 *(.rodata .rodata.* .gnu.linkonce.r.*)
 .rodata.str1.4
                0x000047e8       0x41 .\CortexM3\ARM_GCC_541\Debug\main.o
 *fill*         0x00004829        0x3 
 .rodata        0x0000482c      0x64c .\CortexM3\ARM_GCC_541\Debug\cyfitter_cfg.o
 .rodata        0x00004e78        0x4 .\CortexM3\ARM_GCC_541\Debug\Control_velocidad_giro.a(LCD_I2C_FUNCS.o)
 .rodata.str1.4
                0x00004e7c        0x4 c:/program files (x86)/cypress/psoc creator/4.4/psoc creator/import/gnu/arm/5.4.1/bin/../lib/gcc/arm-none-eabi/5.4.1/../../../../arm-none-eabi/lib/armv7-m\libm.a(lib_a-w_log.o)
                                  0x5 (size before relaxing)
 .rodata.str1.1
                0x00004e80        0x2 c:/program files (x86)/cypress/psoc creator/4.4/psoc creator/import/gnu/arm/5.4.1/bin/../lib/gcc/arm-none-eabi/5.4.1/../../../../arm-none-eabi/lib/armv7-m\libg_nano.a(lib_a-impure.o)
 .rodata.str1.1
                0x00004e82       0x12 c:/program files (x86)/cypress/psoc creator/4.4/psoc creator/import/gnu/arm/5.4.1/bin/../lib/gcc/arm-none-eabi/5.4.1/../../../../arm-none-eabi/lib/armv7-m\libg_nano.a(lib_a-nano-vfprintf_float.o)
 .rodata.str1.1
                0x00004e94       0x22 c:/program files (x86)/cypress/psoc creator/4.4/psoc creator/import/gnu/arm/5.4.1/bin/../lib/gcc/arm-none-eabi/5.4.1/../../../../arm-none-eabi/lib/armv7-m\libg_nano.a(lib_a-nano-vfprintf_i.o)
 .rodata.str1.1
                0x00004eb6        0xd c:/program files (x86)/cypress/psoc creator/4.4/psoc creator/import/gnu/arm/5.4.1/bin/../lib/gcc/arm-none-eabi/5.4.1/../../../../arm-none-eabi/lib/armv7-m\libg_nano.a(lib_a-dtoa.o)
                                  0xf (size before relaxing)
 .rodata.str1.1
                0x00004ec3        0x8 c:/program files (x86)/cypress/psoc creator/4.4/psoc creator/import/gnu/arm/5.4.1/bin/../lib/gcc/arm-none-eabi/5.4.1/../../../../arm-none-eabi/lib/armv7-m\libg_nano.a(lib_a-locale.o)
                                  0xb (size before relaxing)
 *fill*         0x00004ecb        0x5 
 .rodata.__mprec_tens
                0x00004ed0       0xc8 c:/program files (x86)/cypress/psoc creator/4.4/psoc creator/import/gnu/arm/5.4.1/bin/../lib/gcc/arm-none-eabi/5.4.1/../../../../arm-none-eabi/lib/armv7-m\libg_nano.a(lib_a-mprec.o)
                0x00004ed0                __mprec_tens
 .rodata.p05.5408
                0x00004f98        0xc c:/program files (x86)/cypress/psoc creator/4.4/psoc creator/import/gnu/arm/5.4.1/bin/../lib/gcc/arm-none-eabi/5.4.1/../../../../arm-none-eabi/lib/armv7-m\libg_nano.a(lib_a-mprec.o)
 *fill*         0x00004fa4        0x4 
 .rodata.__mprec_bigtens
                0x00004fa8       0x28 c:/program files (x86)/cypress/psoc creator/4.4/psoc creator/import/gnu/arm/5.4.1/bin/../lib/gcc/arm-none-eabi/5.4.1/../../../../arm-none-eabi/lib/armv7-m\libg_nano.a(lib_a-mprec.o)
                0x00004fa8                __mprec_bigtens
 .rodata.str1.1
                0x00004fd0       0x11 c:/program files (x86)/cypress/psoc creator/4.4/psoc creator/import/gnu/arm/5.4.1/bin/../lib/gcc/arm-none-eabi/5.4.1/../../../../arm-none-eabi/lib/armv7-m\libg_nano.a(lib_a-nano-svfprintf.o)
                0x00004fe4                . = ALIGN (0x4)
 *fill*         0x00004fe1        0x3 
 *(.init)
 .init          0x00004fe4        0x4 c:/program files (x86)/cypress/psoc creator/4.4/psoc creator/import/gnu/arm/5.4.1/bin/../lib/gcc/arm-none-eabi/5.4.1/armv7-m/crti.o
                0x00004fe4                _init
 .init          0x00004fe8        0x8 c:/program files (x86)/cypress/psoc creator/4.4/psoc creator/import/gnu/arm/5.4.1/bin/../lib/gcc/arm-none-eabi/5.4.1/armv7-m/crtn.o
                0x00004ff0                . = ALIGN (0x4)
                0x00004ff0                __preinit_array_start = .
 *(.preinit_array)
                0x00004ff0                __preinit_array_end = .
                0x00004ff0                . = ALIGN (0x4)
                0x00004ff0                __init_array_start = .
 *(SORT(.init_array.*))
 *(.init_array)
 .init_array    0x00004ff0        0x4 c:/program files (x86)/cypress/psoc creator/4.4/psoc creator/import/gnu/arm/5.4.1/bin/../lib/gcc/arm-none-eabi/5.4.1/armv7-m/crtbegin.o
 .init_array    0x00004ff4        0x4 .\CortexM3\ARM_GCC_541\Debug\Cm3Start.o
                0x00004ff8                __init_array_end = .
                0x00004ff8                . = ALIGN (0x4)
 *(.fini)
 .fini          0x00004ff8        0x4 c:/program files (x86)/cypress/psoc creator/4.4/psoc creator/import/gnu/arm/5.4.1/bin/../lib/gcc/arm-none-eabi/5.4.1/armv7-m/crti.o
                0x00004ff8                _fini
 .fini          0x00004ffc        0x8 c:/program files (x86)/cypress/psoc creator/4.4/psoc creator/import/gnu/arm/5.4.1/bin/../lib/gcc/arm-none-eabi/5.4.1/armv7-m/crtn.o
                0x00005004                . = ALIGN (0x4)
                0x00005004                __fini_array_start = .
 *(.fini_array)
 .fini_array    0x00005004        0x4 c:/program files (x86)/cypress/psoc creator/4.4/psoc creator/import/gnu/arm/5.4.1/bin/../lib/gcc/arm-none-eabi/5.4.1/armv7-m/crtbegin.o
 *(SORT(.fini_array.*))
                0x00005008                __fini_array_end = .
                0x00005008                . = ALIGN (0x4)
 *crtbegin.o(.ctors)
 *(EXCLUDE_FILE(*crtend.o) .ctors)
 *(SORT(.ctors.*))
 *crtend.o(.ctors)
                0x00005008                . = ALIGN (0x4)
 *crtbegin.o(.dtors)
 *(EXCLUDE_FILE(*crtend.o) .dtors)
 *(SORT(.dtors.*))
 *crtend.o(.dtors)
                0x00005008                . = ALIGN (0x4)
                0x00005008                __cy_regions = .
                0x00005008        0x4 LONG 0x5018 __cy_region_init_ram
                0x0000500c        0x4 LONG 0x1fff80c8 __cy_region_start_data
                0x00005010        0x4 LONG 0xd8 __cy_region_init_size_ram
                0x00005014        0x4 LONG 0xc8 __cy_region_zero_size_ram
                0x00005018                __cy_regions_end = .
                0x00005018                . = ALIGN (0x8)
                0x00005018                _etext = .

.cy_checksum_exclude
                0x00005018        0x0
 *(.cy_checksum_exclude)

.ramvectors     0x1fff8000       0xc0
                0x1fff8000                __cy_region_start_ram = .
 *(.ramvectors)
 .ramvectors    0x1fff8000       0xc0 .\CortexM3\ARM_GCC_541\Debug\Cm3Start.o
                0x1fff8000                CyRamVectors

.noinit         0x1fff80c0        0x1
 *(.noinit)
 .noinit        0x1fff80c0        0x1 .\CortexM3\ARM_GCC_541\Debug\Control_velocidad_giro.a(CyLib.o)
                0x1fff80c0                CyResetStatus

.data           0x1fff80c8       0xd8 load address 0x00005018
                0x1fff80c8                __cy_region_start_data = .
 *(.jcr)
 .jcr           0x1fff80c8        0x0 c:/program files (x86)/cypress/psoc creator/4.4/psoc creator/import/gnu/arm/5.4.1/bin/../lib/gcc/arm-none-eabi/5.4.1/armv7-m/crtbegin.o
 .jcr           0x1fff80c8        0x4 c:/program files (x86)/cypress/psoc creator/4.4/psoc creator/import/gnu/arm/5.4.1/bin/../lib/gcc/arm-none-eabi/5.4.1/armv7-m/crtend.o
 *(.got.plt)
 *(.got)
 *(.shdata)
 *(.data .data.* .gnu.linkonce.d.*)
 .data          0x1fff80cc       0x20 .\CortexM3\ARM_GCC_541\Debug\main.o
                0x1fff80cc                position_String
                0x1fff80dc                RPM_String
 .data          0x1fff80ec        0x4 .\CortexM3\ARM_GCC_541\Debug\Cm3Start.o
 .data          0x1fff80f0       0x10 .\CortexM3\ARM_GCC_541\Debug\Control_velocidad_giro.a(CyLib.o)
                0x1fff80f0                cydelay_32k_ms
                0x1fff80f4                cydelay_freq_khz
                0x1fff80f8                cydelay_freq_mhz
                0x1fff80fc                cydelay_freq_hz
 .data.__fdlib_version
                0x1fff8100        0x1 c:/program files (x86)/cypress/psoc creator/4.4/psoc creator/import/gnu/arm/5.4.1/bin/../lib/gcc/arm-none-eabi/5.4.1/../../../../arm-none-eabi/lib/armv7-m\libm.a(lib_a-s_lib_ver.o)
                0x1fff8100                __fdlib_version
 *fill*         0x1fff8101        0x3 
 .data.impure_data
                0x1fff8104       0x60 c:/program files (x86)/cypress/psoc creator/4.4/psoc creator/import/gnu/arm/5.4.1/bin/../lib/gcc/arm-none-eabi/5.4.1/../../../../arm-none-eabi/lib/armv7-m\libg_nano.a(lib_a-impure.o)
 .data._impure_ptr
                0x1fff8164        0x4 c:/program files (x86)/cypress/psoc creator/4.4/psoc creator/import/gnu/arm/5.4.1/bin/../lib/gcc/arm-none-eabi/5.4.1/../../../../arm-none-eabi/lib/armv7-m\libg_nano.a(lib_a-impure.o)
                0x1fff8164                _impure_ptr
 .data.lconv    0x1fff8168       0x38 c:/program files (x86)/cypress/psoc creator/4.4/psoc creator/import/gnu/arm/5.4.1/bin/../lib/gcc/arm-none-eabi/5.4.1/../../../../arm-none-eabi/lib/armv7-m\libg_nano.a(lib_a-locale.o)
                0x1fff81a0                . = ALIGN (0x8)
 *(.ram)
                0x1fff81a0                _edata = .

.igot.plt       0x1fff81a0        0x0 load address 0x000050f0
 .igot.plt      0x1fff81a0        0x0 c:/program files (x86)/cypress/psoc creator/4.4/psoc creator/import/gnu/arm/5.4.1/bin/../lib/gcc/arm-none-eabi/5.4.1/armv7-m/crtbegin.o

.bss            0x1fff81a0       0xc8 load address 0x000050f0
                0x1fff81a0                PROVIDE (__bss_start__, .)
 *(.shbss)
 *(.bss .bss.* .gnu.linkonce.b.*)
 .bss           0x1fff81a0       0x1c c:/program files (x86)/cypress/psoc creator/4.4/psoc creator/import/gnu/arm/5.4.1/bin/../lib/gcc/arm-none-eabi/5.4.1/armv7-m/crtbegin.o
 .bss           0x1fff81bc       0x15 .\CortexM3\ARM_GCC_541\Debug\main.o
                0x1fff81bc                RPM
                0x1fff81c0                distance_final
                0x1fff81c4                count
                0x1fff81c8                j
                0x1fff81cc                capture
                0x1fff81d0                int_Capture_flag
 .bss           0x1fff81d1        0x2 .\CortexM3\ARM_GCC_541\Debug\Control_velocidad_giro.a(UART_Serial.o)
                0x1fff81d1                UART_Serial_initVar
 .bss           0x1fff81d3        0x1 .\CortexM3\ARM_GCC_541\Debug\Control_velocidad_giro.a(I2C.o)
                0x1fff81d3                I2C_initVar
 .bss           0x1fff81d4        0x1 .\CortexM3\ARM_GCC_541\Debug\Control_velocidad_giro.a(Timer.o)
                0x1fff81d4                Timer_initVar
 .bss           0x1fff81d5        0x1 .\CortexM3\ARM_GCC_541\Debug\Control_velocidad_giro.a(PWM.o)
                0x1fff81d5                PWM_initVar
 *fill*         0x1fff81d6        0x2 
 .bss.__malloc_sbrk_start
                0x1fff81d8        0x4 c:/program files (x86)/cypress/psoc creator/4.4/psoc creator/import/gnu/arm/5.4.1/bin/../lib/gcc/arm-none-eabi/5.4.1/../../../../arm-none-eabi/lib/armv7-m\libg_nano.a(lib_a-nano-mallocr.o)
                0x1fff81d8                __malloc_sbrk_start
 .bss.__malloc_free_list
                0x1fff81dc        0x4 c:/program files (x86)/cypress/psoc creator/4.4/psoc creator/import/gnu/arm/5.4.1/bin/../lib/gcc/arm-none-eabi/5.4.1/../../../../arm-none-eabi/lib/armv7-m\libg_nano.a(lib_a-nano-mallocr.o)
                0x1fff81dc                __malloc_free_list
 *(COMMON)
 COMMON         0x1fff81e0       0x66 .\CortexM3\ARM_GCC_541\Debug\main.o
                0x1fff81e0                PWM_final
                0x1fff81e4                RPM_value_String
                0x1fff81e8                interruptions_a
                0x1fff81ec                position_receive
                0x1fff81f0                distance
                0x1fff81f4                bufferReceive
                0x1fff8200                bufferToSend_Pos
                0x1fff8214                RPM_reading
                0x1fff821c                PWM
                0x1fff8220                Pos_value_String
                0x1fff8224                bufferToSend_PWM
                0x1fff8238                RPM_receive
                0x1fff823c                PUL_reading
 COMMON         0x1fff8246        0x1 .\CortexM3\ARM_GCC_541\Debug\Control_velocidad_giro.a(I2C.o)
                0x1fff8246                I2C_state
 *fill*         0x1fff8247        0x1 
 COMMON         0x1fff8248       0x10 .\CortexM3\ARM_GCC_541\Debug\Control_velocidad_giro.a(I2C_MASTER.o)
                0x1fff8248                I2C_mstrWrBufIndex
                0x1fff8249                I2C_mstrWrBufSize
                0x1fff824a                I2C_mstrStatus
                0x1fff824c                I2C_mstrRdBufPtr
                0x1fff8250                I2C_mstrControl
                0x1fff8251                I2C_mstrRdBufSize
                0x1fff8252                I2C_mstrRdBufIndex
                0x1fff8254                I2C_mstrWrBufPtr
 COMMON         0x1fff8258        0x8 .\CortexM3\ARM_GCC_541\Debug\Control_velocidad_giro.a(LCD_I2C_FUNCS.o)
                0x1fff8258                LCD_I2C_config
 COMMON         0x1fff8260        0x4 c:/program files (x86)/cypress/psoc creator/4.4/psoc creator/import/gnu/arm/5.4.1/bin/../lib/gcc/arm-none-eabi/5.4.1/../../../../arm-none-eabi/lib/armv7-m\libg_nano.a(lib_a-reent.o)
                0x1fff8260                errno
                0x1fff8268                . = ALIGN (0x8)
 *fill*         0x1fff8264        0x4 
 *(.ram.b)
                0x1fff8268                _end = .
                0x1fff8268                __end = .
                0x1fff8268                PROVIDE (end, .)
                0x1fff8268                PROVIDE (__bss_end__, .)
                0x00005018                __cy_region_init_ram = LOADADDR (.data)
                0x000000d8                __cy_region_init_size_ram = (_edata - ADDR (.data))
                0x000000c8                __cy_region_zero_size_ram = (_end - _edata)

.heap           0x1fff8268      0x200 load address 0x000050f0
                0x1fff8268                . = _end
                0x1fff8468                . = (. + 0x200)
 *fill*         0x1fff8268      0x200 
                0x1fff8468                __cy_heap_limit = .

.stack          0x20007800      0x800
                0x20007800                __cy_stack_limit = .
                0x20008000                . = (. + 0x800)
 *fill*         0x20007800      0x800 
                0x00000001                ASSERT ((__cy_stack_limit >= __cy_heap_limit), region RAM overflowed with stack)
                0x00000000                cy_checksum_exclude_size = (CY_APPL_LOADABLE == 0x1)?SIZEOF (.cy_checksum_exclude):0x0
                0x00000001                ASSERT ((cy_checksum_exclude_size <= CY_CHECKSUM_EXCLUDE_SIZE), CY_BOOT: Section .cy_checksum_exclude size exceedes specified limit.)

.cyloadermeta
 *(.cyloadermeta)

.cyloadablemeta
 *(.cyloadablemeta)

.cyconfigecc
 *(.cyconfigecc)

.cycustnvl      0x90000000        0x4
 *(.cycustnvl)
 .cycustnvl     0x90000000        0x4 .\CortexM3\ARM_GCC_541\Debug\cymetadata.o
                0x90000000                cy_meta_custnvl

.cywolatch      0x90100000        0x4
 *(.cywolatch)
 .cywolatch     0x90100000        0x4 .\CortexM3\ARM_GCC_541\Debug\cymetadata.o
                0x90100000                cy_meta_wonvl

.cyeeprom       0x90200000        0x0
 *(.cyeeprom)
                0x00000001                ASSERT ((. <= ((0x90200000 + ee_offset) + ee_size)), .cyeeprom data will not fit in EEPROM)

.cyflashprotect
                0x90400000      0x100
 *(.cyflashprotect)
 .cyflashprotect
                0x90400000      0x100 .\CortexM3\ARM_GCC_541\Debug\cymetadata.o
                0x90400000                cy_meta_flashprotect

.cymeta         0x90500000        0xc
 *(.cymeta)
 .cymeta        0x90500000        0xc .\CortexM3\ARM_GCC_541\Debug\cymetadata.o
                0x90500000                cy_metadata

.rel.dyn        0x000050f0        0x0 load address 0x9050000c
 .rel.iplt      0x000050f0        0x0 c:/program files (x86)/cypress/psoc creator/4.4/psoc creator/import/gnu/arm/5.4.1/bin/../lib/gcc/arm-none-eabi/5.4.1/armv7-m/crtbegin.o

.stab
 *(.stab)

.stabstr
 *(.stabstr)

.debug
 *(.debug)

.line
 *(.line)

.debug_srcinfo
 *(.debug_srcinfo)

.debug_sfnames
 *(.debug_sfnames)

.debug_aranges  0x00000000      0xdc0
 *(.debug_aranges)
 .debug_aranges
                0x00000000       0x40 .\CortexM3\ARM_GCC_541\Debug\main.o
 .debug_aranges
                0x00000040      0x118 .\CortexM3\ARM_GCC_541\Debug\LiquidCrystal_I2C.o
 .debug_aranges
                0x00000158       0x60 .\CortexM3\ARM_GCC_541\Debug\cyfitter_cfg.o
 .debug_aranges
                0x000001b8       0x18 .\CortexM3\ARM_GCC_541\Debug\cymetadata.o
 .debug_aranges
                0x000001d0       0x48 .\CortexM3\ARM_GCC_541\Debug\Cm3Start.o
 .debug_aranges
                0x00000218       0x80 .\CortexM3\ARM_GCC_541\Debug\Control_velocidad_giro.a(isr_Serial.o)
 .debug_aranges
                0x00000298      0x2a0 .\CortexM3\ARM_GCC_541\Debug\Control_velocidad_giro.a(CyLib.o)
 .debug_aranges
                0x00000538       0x98 .\CortexM3\ARM_GCC_541\Debug\Control_velocidad_giro.a(cyPm.o)
 .debug_aranges
                0x000005d0       0xf0 .\CortexM3\ARM_GCC_541\Debug\Control_velocidad_giro.a(UART_Serial.o)
 .debug_aranges
                0x000006c0       0x70 .\CortexM3\ARM_GCC_541\Debug\Control_velocidad_giro.a(UART_Serial_IntClock.o)
 .debug_aranges
                0x00000730       0x38 .\CortexM3\ARM_GCC_541\Debug\Control_velocidad_giro.a(I2C.o)
 .debug_aranges
                0x00000768       0x20 .\CortexM3\ARM_GCC_541\Debug\Control_velocidad_giro.a(I2C_INT.o)
 .debug_aranges
                0x00000788       0x38 .\CortexM3\ARM_GCC_541\Debug\Control_velocidad_giro.a(I2C_PM.o)
 .debug_aranges
                0x000007c0       0x80 .\CortexM3\ARM_GCC_541\Debug\Control_velocidad_giro.a(I2C_MASTER.o)
 .debug_aranges
                0x00000840      0x100 .\CortexM3\ARM_GCC_541\Debug\Control_velocidad_giro.a(LCD_I2C_FUNCS.o)
 .debug_aranges
                0x00000940       0x88 .\CortexM3\ARM_GCC_541\Debug\Control_velocidad_giro.a(Timer.o)
 .debug_aranges
                0x000009c8       0x38 .\CortexM3\ARM_GCC_541\Debug\Control_velocidad_giro.a(outTimer.o)
 .debug_aranges
                0x00000a00       0x80 .\CortexM3\ARM_GCC_541\Debug\Control_velocidad_giro.a(isr_Timer.o)
 .debug_aranges
                0x00000a80       0x70 .\CortexM3\ARM_GCC_541\Debug\Control_velocidad_giro.a(Clock.o)
 .debug_aranges
                0x00000af0       0x98 .\CortexM3\ARM_GCC_541\Debug\Control_velocidad_giro.a(PWM.o)
 .debug_aranges
                0x00000b88       0x38 .\CortexM3\ARM_GCC_541\Debug\Control_velocidad_giro.a(left.o)
 .debug_aranges
                0x00000bc0       0x38 .\CortexM3\ARM_GCC_541\Debug\Control_velocidad_giro.a(rigth.o)
 .debug_aranges
                0x00000bf8       0x80 .\CortexM3\ARM_GCC_541\Debug\Control_velocidad_giro.a(isr_Encoder_A.o)
 .debug_aranges
                0x00000c78       0x20 .\CortexM3\ARM_GCC_541\Debug\Control_velocidad_giro.a(CyBootAsmGnu.o)
 .debug_aranges
                0x00000c98       0x88 .\CortexM3\ARM_GCC_541\Debug\Control_velocidad_giro.a(CyFlash.o)
 .debug_aranges
                0x00000d20       0x80 .\CortexM3\ARM_GCC_541\Debug\Control_velocidad_giro.a(CySpc.o)
 .debug_aranges
                0x00000da0       0x20 .\CortexM3\ARM_GCC_541\Debug\Control_velocidad_giro.a(LCD_I2C_LL_I2C.o)

.debug_pubnames
 *(.debug_pubnames)

.debug_info     0x00000000     0x7775
 *(.debug_info .gnu.linkonce.wi.*)
 .debug_info    0x00000000      0x7ac .\CortexM3\ARM_GCC_541\Debug\main.o
 .debug_info    0x000007ac      0x95a .\CortexM3\ARM_GCC_541\Debug\LiquidCrystal_I2C.o
 .debug_info    0x00001106      0x741 .\CortexM3\ARM_GCC_541\Debug\cyfitter_cfg.o
 .debug_info    0x00001847      0x10e .\CortexM3\ARM_GCC_541\Debug\cymetadata.o
 .debug_info    0x00001955      0x3bb .\CortexM3\ARM_GCC_541\Debug\Cm3Start.o
 .debug_info    0x00001d10      0x2d2 .\CortexM3\ARM_GCC_541\Debug\Control_velocidad_giro.a(isr_Serial.o)
 .debug_info    0x00001fe2     0x1374 .\CortexM3\ARM_GCC_541\Debug\Control_velocidad_giro.a(CyLib.o)
 .debug_info    0x00003356      0xa2a .\CortexM3\ARM_GCC_541\Debug\Control_velocidad_giro.a(cyPm.o)
 .debug_info    0x00003d80      0x60c .\CortexM3\ARM_GCC_541\Debug\Control_velocidad_giro.a(UART_Serial.o)
 .debug_info    0x0000438c      0x283 .\CortexM3\ARM_GCC_541\Debug\Control_velocidad_giro.a(UART_Serial_IntClock.o)
 .debug_info    0x0000460f      0x2ad .\CortexM3\ARM_GCC_541\Debug\Control_velocidad_giro.a(I2C.o)
 .debug_info    0x000048bc      0x184 .\CortexM3\ARM_GCC_541\Debug\Control_velocidad_giro.a(I2C_INT.o)
 .debug_info    0x00004a40      0x207 .\CortexM3\ARM_GCC_541\Debug\Control_velocidad_giro.a(I2C_PM.o)
 .debug_info    0x00004c47      0x407 .\CortexM3\ARM_GCC_541\Debug\Control_velocidad_giro.a(I2C_MASTER.o)
 .debug_info    0x0000504e      0x85d .\CortexM3\ARM_GCC_541\Debug\Control_velocidad_giro.a(LCD_I2C_FUNCS.o)
 .debug_info    0x000058ab      0x295 .\CortexM3\ARM_GCC_541\Debug\Control_velocidad_giro.a(Timer.o)
 .debug_info    0x00005b40      0x11f .\CortexM3\ARM_GCC_541\Debug\Control_velocidad_giro.a(outTimer.o)
 .debug_info    0x00005c5f      0x2d2 .\CortexM3\ARM_GCC_541\Debug\Control_velocidad_giro.a(isr_Timer.o)
 .debug_info    0x00005f31      0x283 .\CortexM3\ARM_GCC_541\Debug\Control_velocidad_giro.a(Clock.o)
 .debug_info    0x000061b4      0x352 .\CortexM3\ARM_GCC_541\Debug\Control_velocidad_giro.a(PWM.o)
 .debug_info    0x00006506      0x11f .\CortexM3\ARM_GCC_541\Debug\Control_velocidad_giro.a(left.o)
 .debug_info    0x00006625      0x11f .\CortexM3\ARM_GCC_541\Debug\Control_velocidad_giro.a(rigth.o)
 .debug_info    0x00006744      0x2d2 .\CortexM3\ARM_GCC_541\Debug\Control_velocidad_giro.a(isr_Encoder_A.o)
 .debug_info    0x00006a16       0xa0 .\CortexM3\ARM_GCC_541\Debug\Control_velocidad_giro.a(CyBootAsmGnu.o)
 .debug_info    0x00006ab6      0x62d .\CortexM3\ARM_GCC_541\Debug\Control_velocidad_giro.a(CyFlash.o)
 .debug_info    0x000070e3      0x53c .\CortexM3\ARM_GCC_541\Debug\Control_velocidad_giro.a(CySpc.o)
 .debug_info    0x0000761f      0x156 .\CortexM3\ARM_GCC_541\Debug\Control_velocidad_giro.a(LCD_I2C_LL_I2C.o)

.debug_abbrev   0x00000000     0x2137
 *(.debug_abbrev)
 .debug_abbrev  0x00000000      0x173 .\CortexM3\ARM_GCC_541\Debug\main.o
 .debug_abbrev  0x00000173      0x18e .\CortexM3\ARM_GCC_541\Debug\LiquidCrystal_I2C.o
 .debug_abbrev  0x00000301      0x216 .\CortexM3\ARM_GCC_541\Debug\cyfitter_cfg.o
 .debug_abbrev  0x00000517       0x5d .\CortexM3\ARM_GCC_541\Debug\cymetadata.o
 .debug_abbrev  0x00000574      0x1e8 .\CortexM3\ARM_GCC_541\Debug\Cm3Start.o
 .debug_abbrev  0x0000075c      0x173 .\CortexM3\ARM_GCC_541\Debug\Control_velocidad_giro.a(isr_Serial.o)
 .debug_abbrev  0x000008cf      0x254 .\CortexM3\ARM_GCC_541\Debug\Control_velocidad_giro.a(CyLib.o)
 .debug_abbrev  0x00000b23      0x1ab .\CortexM3\ARM_GCC_541\Debug\Control_velocidad_giro.a(cyPm.o)
 .debug_abbrev  0x00000cce      0x175 .\CortexM3\ARM_GCC_541\Debug\Control_velocidad_giro.a(UART_Serial.o)
 .debug_abbrev  0x00000e43      0x139 .\CortexM3\ARM_GCC_541\Debug\Control_velocidad_giro.a(UART_Serial_IntClock.o)
 .debug_abbrev  0x00000f7c      0x10a .\CortexM3\ARM_GCC_541\Debug\Control_velocidad_giro.a(I2C.o)
 .debug_abbrev  0x00001086       0xb6 .\CortexM3\ARM_GCC_541\Debug\Control_velocidad_giro.a(I2C_INT.o)
 .debug_abbrev  0x0000113c       0xfe .\CortexM3\ARM_GCC_541\Debug\Control_velocidad_giro.a(I2C_PM.o)
 .debug_abbrev  0x0000123a      0x13c .\CortexM3\ARM_GCC_541\Debug\Control_velocidad_giro.a(I2C_MASTER.o)
 .debug_abbrev  0x00001376      0x1a0 .\CortexM3\ARM_GCC_541\Debug\Control_velocidad_giro.a(LCD_I2C_FUNCS.o)
 .debug_abbrev  0x00001516      0x11a .\CortexM3\ARM_GCC_541\Debug\Control_velocidad_giro.a(Timer.o)
 .debug_abbrev  0x00001630       0x90 .\CortexM3\ARM_GCC_541\Debug\Control_velocidad_giro.a(outTimer.o)
 .debug_abbrev  0x000016c0      0x173 .\CortexM3\ARM_GCC_541\Debug\Control_velocidad_giro.a(isr_Timer.o)
 .debug_abbrev  0x00001833      0x139 .\CortexM3\ARM_GCC_541\Debug\Control_velocidad_giro.a(Clock.o)
 .debug_abbrev  0x0000196c      0x133 .\CortexM3\ARM_GCC_541\Debug\Control_velocidad_giro.a(PWM.o)
 .debug_abbrev  0x00001a9f       0x90 .\CortexM3\ARM_GCC_541\Debug\Control_velocidad_giro.a(left.o)
 .debug_abbrev  0x00001b2f       0x90 .\CortexM3\ARM_GCC_541\Debug\Control_velocidad_giro.a(rigth.o)
 .debug_abbrev  0x00001bbf      0x173 .\CortexM3\ARM_GCC_541\Debug\Control_velocidad_giro.a(isr_Encoder_A.o)
 .debug_abbrev  0x00001d32       0x14 .\CortexM3\ARM_GCC_541\Debug\Control_velocidad_giro.a(CyBootAsmGnu.o)
 .debug_abbrev  0x00001d46      0x1a9 .\CortexM3\ARM_GCC_541\Debug\Control_velocidad_giro.a(CyFlash.o)
 .debug_abbrev  0x00001eef      0x194 .\CortexM3\ARM_GCC_541\Debug\Control_velocidad_giro.a(CySpc.o)
 .debug_abbrev  0x00002083       0xb4 .\CortexM3\ARM_GCC_541\Debug\Control_velocidad_giro.a(LCD_I2C_LL_I2C.o)

.debug_line     0x00000000     0x350e
 *(.debug_line)
 .debug_line    0x00000000      0x314 .\CortexM3\ARM_GCC_541\Debug\main.o
 .debug_line    0x00000314      0x464 .\CortexM3\ARM_GCC_541\Debug\LiquidCrystal_I2C.o
 .debug_line    0x00000778      0x20c .\CortexM3\ARM_GCC_541\Debug\cyfitter_cfg.o
 .debug_line    0x00000984      0x141 .\CortexM3\ARM_GCC_541\Debug\cymetadata.o
 .debug_line    0x00000ac5      0x234 .\CortexM3\ARM_GCC_541\Debug\Cm3Start.o
 .debug_line    0x00000cf9      0x137 .\CortexM3\ARM_GCC_541\Debug\Control_velocidad_giro.a(isr_Serial.o)
 .debug_line    0x00000e30      0x816 .\CortexM3\ARM_GCC_541\Debug\Control_velocidad_giro.a(CyLib.o)
 .debug_line    0x00001646      0x367 .\CortexM3\ARM_GCC_541\Debug\Control_velocidad_giro.a(cyPm.o)
 .debug_line    0x000019ad      0x2ca .\CortexM3\ARM_GCC_541\Debug\Control_velocidad_giro.a(UART_Serial.o)
 .debug_line    0x00001c77      0x183 .\CortexM3\ARM_GCC_541\Debug\Control_velocidad_giro.a(UART_Serial_IntClock.o)
 .debug_line    0x00001dfa       0xd9 .\CortexM3\ARM_GCC_541\Debug\Control_velocidad_giro.a(I2C.o)
 .debug_line    0x00001ed3      0x114 .\CortexM3\ARM_GCC_541\Debug\Control_velocidad_giro.a(I2C_INT.o)
 .debug_line    0x00001fe7       0xbb .\CortexM3\ARM_GCC_541\Debug\Control_velocidad_giro.a(I2C_PM.o)
 .debug_line    0x000020a2      0x1fd .\CortexM3\ARM_GCC_541\Debug\Control_velocidad_giro.a(I2C_MASTER.o)
 .debug_line    0x0000229f      0x3d2 .\CortexM3\ARM_GCC_541\Debug\Control_velocidad_giro.a(LCD_I2C_FUNCS.o)
 .debug_line    0x00002671      0x153 .\CortexM3\ARM_GCC_541\Debug\Control_velocidad_giro.a(Timer.o)
 .debug_line    0x000027c4       0x95 .\CortexM3\ARM_GCC_541\Debug\Control_velocidad_giro.a(outTimer.o)
 .debug_line    0x00002859      0x136 .\CortexM3\ARM_GCC_541\Debug\Control_velocidad_giro.a(isr_Timer.o)
 .debug_line    0x0000298f      0x174 .\CortexM3\ARM_GCC_541\Debug\Control_velocidad_giro.a(Clock.o)
 .debug_line    0x00002b03      0x186 .\CortexM3\ARM_GCC_541\Debug\Control_velocidad_giro.a(PWM.o)
 .debug_line    0x00002c89       0x91 .\CortexM3\ARM_GCC_541\Debug\Control_velocidad_giro.a(left.o)
 .debug_line    0x00002d1a       0x92 .\CortexM3\ARM_GCC_541\Debug\Control_velocidad_giro.a(rigth.o)
 .debug_line    0x00002dac      0x13a .\CortexM3\ARM_GCC_541\Debug\Control_velocidad_giro.a(isr_Encoder_A.o)
 .debug_line    0x00002ee6       0x66 .\CortexM3\ARM_GCC_541\Debug\Control_velocidad_giro.a(CyBootAsmGnu.o)
 .debug_line    0x00002f4c      0x210 .\CortexM3\ARM_GCC_541\Debug\Control_velocidad_giro.a(CyFlash.o)
 .debug_line    0x0000315c      0x244 .\CortexM3\ARM_GCC_541\Debug\Control_velocidad_giro.a(CySpc.o)
 .debug_line    0x000033a0      0x16e .\CortexM3\ARM_GCC_541\Debug\Control_velocidad_giro.a(LCD_I2C_LL_I2C.o)

.debug_frame    0x00000000     0x2b48
 *(.debug_frame)
 .debug_frame   0x00000000       0x9c .\CortexM3\ARM_GCC_541\Debug\main.o
 .debug_frame   0x0000009c      0x38c .\CortexM3\ARM_GCC_541\Debug\LiquidCrystal_I2C.o
 .debug_frame   0x00000428      0x100 .\CortexM3\ARM_GCC_541\Debug\cyfitter_cfg.o
 .debug_frame   0x00000528       0xb8 .\CortexM3\ARM_GCC_541\Debug\Cm3Start.o
 .debug_frame   0x000005e0      0x104 .\CortexM3\ARM_GCC_541\Debug\Control_velocidad_giro.a(isr_Serial.o)
 .debug_frame   0x000006e4      0x738 .\CortexM3\ARM_GCC_541\Debug\Control_velocidad_giro.a(CyLib.o)
 .debug_frame   0x00000e1c      0x1f8 .\CortexM3\ARM_GCC_541\Debug\Control_velocidad_giro.a(cyPm.o)
 .debug_frame   0x00001014      0x250 .\CortexM3\ARM_GCC_541\Debug\Control_velocidad_giro.a(UART_Serial.o)
 .debug_frame   0x00001264       0xe0 .\CortexM3\ARM_GCC_541\Debug\Control_velocidad_giro.a(UART_Serial_IntClock.o)
 .debug_frame   0x00001344       0x94 .\CortexM3\ARM_GCC_541\Debug\Control_velocidad_giro.a(I2C.o)
 .debug_frame   0x000013d8       0x30 .\CortexM3\ARM_GCC_541\Debug\Control_velocidad_giro.a(I2C_INT.o)
 .debug_frame   0x00001408       0x74 .\CortexM3\ARM_GCC_541\Debug\Control_velocidad_giro.a(I2C_PM.o)
 .debug_frame   0x0000147c      0x138 .\CortexM3\ARM_GCC_541\Debug\Control_velocidad_giro.a(I2C_MASTER.o)
 .debug_frame   0x000015b4      0x348 .\CortexM3\ARM_GCC_541\Debug\Control_velocidad_giro.a(LCD_I2C_FUNCS.o)
 .debug_frame   0x000018fc      0x108 .\CortexM3\ARM_GCC_541\Debug\Control_velocidad_giro.a(Timer.o)
 .debug_frame   0x00001a04       0x50 .\CortexM3\ARM_GCC_541\Debug\Control_velocidad_giro.a(outTimer.o)
 .debug_frame   0x00001a54      0x104 .\CortexM3\ARM_GCC_541\Debug\Control_velocidad_giro.a(isr_Timer.o)
 .debug_frame   0x00001b58       0xe0 .\CortexM3\ARM_GCC_541\Debug\Control_velocidad_giro.a(Clock.o)
 .debug_frame   0x00001c38      0x134 .\CortexM3\ARM_GCC_541\Debug\Control_velocidad_giro.a(PWM.o)
 .debug_frame   0x00001d6c       0x50 .\CortexM3\ARM_GCC_541\Debug\Control_velocidad_giro.a(left.o)
 .debug_frame   0x00001dbc       0x50 .\CortexM3\ARM_GCC_541\Debug\Control_velocidad_giro.a(rigth.o)
 .debug_frame   0x00001e0c      0x104 .\CortexM3\ARM_GCC_541\Debug\Control_velocidad_giro.a(isr_Encoder_A.o)
 .debug_frame   0x00001f10      0x194 .\CortexM3\ARM_GCC_541\Debug\Control_velocidad_giro.a(CyFlash.o)
 .debug_frame   0x000020a4      0x180 .\CortexM3\ARM_GCC_541\Debug\Control_velocidad_giro.a(CySpc.o)
 .debug_frame   0x00002224       0x2c .\CortexM3\ARM_GCC_541\Debug\Control_velocidad_giro.a(LCD_I2C_LL_I2C.o)
 .debug_frame   0x00002250       0x40 c:/program files (x86)/cypress/psoc creator/4.4/psoc creator/import/gnu/arm/5.4.1/bin/../lib/gcc/arm-none-eabi/5.4.1/../../../../arm-none-eabi/lib/armv7-m\libm.a(lib_a-w_log.o)
 .debug_frame   0x00002290       0x54 c:/program files (x86)/cypress/psoc creator/4.4/psoc creator/import/gnu/arm/5.4.1/bin/../lib/gcc/arm-none-eabi/5.4.1/../../../../arm-none-eabi/lib/armv7-m\libm.a(lib_a-e_log.o)
 .debug_frame   0x000022e4       0x20 c:/program files (x86)/cypress/psoc creator/4.4/psoc creator/import/gnu/arm/5.4.1/bin/../lib/gcc/arm-none-eabi/5.4.1/../../../../arm-none-eabi/lib/armv7-m\libm.a(lib_a-s_matherr.o)
 .debug_frame   0x00002304       0x20 c:/program files (x86)/cypress/psoc creator/4.4/psoc creator/import/gnu/arm/5.4.1/bin/../lib/gcc/arm-none-eabi/5.4.1/../../../../arm-none-eabi/lib/armv7-m\libm.a(lib_a-s_nan.o)
 .debug_frame   0x00002324       0x20 c:/program files (x86)/cypress/psoc creator/4.4/psoc creator/import/gnu/arm/5.4.1/bin/../lib/gcc/arm-none-eabi/5.4.1/../../../../arm-none-eabi/lib/armv7-m\libg_nano.a(lib_a-errno.o)
 .debug_frame   0x00002344       0x28 c:/program files (x86)/cypress/psoc creator/4.4/psoc creator/import/gnu/arm/5.4.1/bin/../lib/gcc/arm-none-eabi/5.4.1/../../../../arm-none-eabi/lib/armv7-m\libg_nano.a(lib_a-exit.o)
 .debug_frame   0x0000236c       0x2c c:/program files (x86)/cypress/psoc creator/4.4/psoc creator/import/gnu/arm/5.4.1/bin/../lib/gcc/arm-none-eabi/5.4.1/../../../../arm-none-eabi/lib/armv7-m\libg_nano.a(lib_a-init.o)
 .debug_frame   0x00002398       0x28 c:/program files (x86)/cypress/psoc creator/4.4/psoc creator/import/gnu/arm/5.4.1/bin/../lib/gcc/arm-none-eabi/5.4.1/../../../../arm-none-eabi/lib/armv7-m\libg_nano.a(lib_a-memcpy-stub.o)
 .debug_frame   0x000023c0       0x20 c:/program files (x86)/cypress/psoc creator/4.4/psoc creator/import/gnu/arm/5.4.1/bin/../lib/gcc/arm-none-eabi/5.4.1/../../../../arm-none-eabi/lib/armv7-m\libg_nano.a(lib_a-memset.o)
 .debug_frame   0x000023e0       0x8c c:/program files (x86)/cypress/psoc creator/4.4/psoc creator/import/gnu/arm/5.4.1/bin/../lib/gcc/arm-none-eabi/5.4.1/../../../../arm-none-eabi/lib/armv7-m\libg_nano.a(lib_a-nano-vfprintf_float.o)
 .debug_frame   0x0000246c       0x60 c:/program files (x86)/cypress/psoc creator/4.4/psoc creator/import/gnu/arm/5.4.1/bin/../lib/gcc/arm-none-eabi/5.4.1/../../../../arm-none-eabi/lib/armv7-m\libg_nano.a(lib_a-nano-vfprintf_i.o)
 .debug_frame   0x000024cc       0x70 c:/program files (x86)/cypress/psoc creator/4.4/psoc creator/import/gnu/arm/5.4.1/bin/../lib/gcc/arm-none-eabi/5.4.1/../../../../arm-none-eabi/lib/armv7-m\libg_nano.a(lib_a-sprintf.o)
 .debug_frame   0x0000253c       0x6c c:/program files (x86)/cypress/psoc creator/4.4/psoc creator/import/gnu/arm/5.4.1/bin/../lib/gcc/arm-none-eabi/5.4.1/../../../../arm-none-eabi/lib/armv7-m\libg_nano.a(lib_a-dtoa.o)
 .debug_frame   0x000025a8       0x98 c:/program files (x86)/cypress/psoc creator/4.4/psoc creator/import/gnu/arm/5.4.1/bin/../lib/gcc/arm-none-eabi/5.4.1/../../../../arm-none-eabi/lib/armv7-m\libg_nano.a(lib_a-locale.o)
 .debug_frame   0x00002640       0x30 c:/program files (x86)/cypress/psoc creator/4.4/psoc creator/import/gnu/arm/5.4.1/bin/../lib/gcc/arm-none-eabi/5.4.1/../../../../arm-none-eabi/lib/armv7-m\libg_nano.a(lib_a-malloc.o)
 .debug_frame   0x00002670       0x28 c:/program files (x86)/cypress/psoc creator/4.4/psoc creator/import/gnu/arm/5.4.1/bin/../lib/gcc/arm-none-eabi/5.4.1/../../../../arm-none-eabi/lib/armv7-m\libg_nano.a(lib_a-memchr-stub.o)
 .debug_frame   0x00002698      0x234 c:/program files (x86)/cypress/psoc creator/4.4/psoc creator/import/gnu/arm/5.4.1/bin/../lib/gcc/arm-none-eabi/5.4.1/../../../../arm-none-eabi/lib/armv7-m\libg_nano.a(lib_a-mprec.o)
 .debug_frame   0x000028cc       0x2c c:/program files (x86)/cypress/psoc creator/4.4/psoc creator/import/gnu/arm/5.4.1/bin/../lib/gcc/arm-none-eabi/5.4.1/../../../../arm-none-eabi/lib/armv7-m\libg_nano.a(lib_a-nano-callocr.o)
 .debug_frame   0x000028f8       0x38 c:/program files (x86)/cypress/psoc creator/4.4/psoc creator/import/gnu/arm/5.4.1/bin/../lib/gcc/arm-none-eabi/5.4.1/../../../../arm-none-eabi/lib/armv7-m\libg_nano.a(lib_a-nano-freer.o)
 .debug_frame   0x00002930       0x2c c:/program files (x86)/cypress/psoc creator/4.4/psoc creator/import/gnu/arm/5.4.1/bin/../lib/gcc/arm-none-eabi/5.4.1/../../../../arm-none-eabi/lib/armv7-m\libg_nano.a(lib_a-nano-mallocr.o)
 .debug_frame   0x0000295c       0x90 c:/program files (x86)/cypress/psoc creator/4.4/psoc creator/import/gnu/arm/5.4.1/bin/../lib/gcc/arm-none-eabi/5.4.1/../../../../arm-none-eabi/lib/armv7-m\libg_nano.a(lib_a-nano-svfprintf.o)
 .debug_frame   0x000029ec       0x2c c:/program files (x86)/cypress/psoc creator/4.4/psoc creator/import/gnu/arm/5.4.1/bin/../lib/gcc/arm-none-eabi/5.4.1/../../../../arm-none-eabi/lib/armv7-m\libg_nano.a(lib_a-sbrkr.o)
 .debug_frame   0x00002a18       0x20 c:/program files (x86)/cypress/psoc creator/4.4/psoc creator/import/gnu/arm/5.4.1/bin/../lib/gcc/arm-none-eabi/5.4.1/../../../../arm-none-eabi/lib/armv7-m\libg_nano.a(lib_a-strcmp.o)
 .debug_frame   0x00002a38       0x28 c:/program files (x86)/cypress/psoc creator/4.4/psoc creator/import/gnu/arm/5.4.1/bin/../lib/gcc/arm-none-eabi/5.4.1/../../../../arm-none-eabi/lib/armv7-m\libg_nano.a(lib_a-memmove.o)
 .debug_frame   0x00002a60       0x30 c:/program files (x86)/cypress/psoc creator/4.4/psoc creator/import/gnu/arm/5.4.1/bin/../lib/gcc/arm-none-eabi/5.4.1/../../../../arm-none-eabi/lib/armv7-m\libg_nano.a(lib_a-mlock.o)
 .debug_frame   0x00002a90       0x3c c:/program files (x86)/cypress/psoc creator/4.4/psoc creator/import/gnu/arm/5.4.1/bin/../lib/gcc/arm-none-eabi/5.4.1/../../../../arm-none-eabi/lib/armv7-m\libg_nano.a(lib_a-nano-reallocr.o)
 .debug_frame   0x00002acc       0x5c c:/program files (x86)/cypress/psoc creator/4.4/psoc creator/import/gnu/arm/5.4.1/bin/../lib/gcc/arm-none-eabi/5.4.1/../../../../arm-none-eabi/lib/armv7-m\libg_nano.a(lib_a-reent.o)
 .debug_frame   0x00002b28       0x20 c:/program files (x86)/cypress/psoc creator/4.4/psoc creator/import/gnu/arm/5.4.1/bin/../lib/gcc/arm-none-eabi/5.4.1/../../../../arm-none-eabi/lib/armv7-m\libg_nano.a(lib_a-nano-msizer.o)

.debug_str      0x00000000     0x2834
 *(.debug_str)
 .debug_str     0x00000000      0x3fc .\CortexM3\ARM_GCC_541\Debug\main.o
                                0x46d (size before relaxing)
 .debug_str     0x000003fc      0x19d .\CortexM3\ARM_GCC_541\Debug\LiquidCrystal_I2C.o
                                0x49a (size before relaxing)
 .debug_str     0x00000599      0x22d .\CortexM3\ARM_GCC_541\Debug\cyfitter_cfg.o
                                0x3f4 (size before relaxing)
 .debug_str     0x000007c6       0x63 .\CortexM3\ARM_GCC_541\Debug\cymetadata.o
                                0x1e2 (size before relaxing)
 .debug_str     0x00000829      0x13f .\CortexM3\ARM_GCC_541\Debug\Cm3Start.o
                                0x31a (size before relaxing)
 .debug_str     0x00000968      0x131 .\CortexM3\ARM_GCC_541\Debug\Control_velocidad_giro.a(isr_Serial.o)
                                0x2fc (size before relaxing)
 .debug_str     0x00000a99      0x807 .\CortexM3\ARM_GCC_541\Debug\Control_velocidad_giro.a(CyLib.o)
                                0xa57 (size before relaxing)
 .debug_str     0x000012a0      0x365 .\CortexM3\ARM_GCC_541\Debug\Control_velocidad_giro.a(cyPm.o)
                                0x743 (size before relaxing)
 .debug_str     0x00001605      0x306 .\CortexM3\ARM_GCC_541\Debug\Control_velocidad_giro.a(UART_Serial.o)
                                0x55e (size before relaxing)
 .debug_str     0x0000190b      0x1c9 .\CortexM3\ARM_GCC_541\Debug\Control_velocidad_giro.a(UART_Serial_IntClock.o)
                                0x39a (size before relaxing)
 .debug_str     0x00001ad4       0xd4 .\CortexM3\ARM_GCC_541\Debug\Control_velocidad_giro.a(I2C.o)
                                0x2f1 (size before relaxing)
 .debug_str     0x00001ba8       0x86 .\CortexM3\ARM_GCC_541\Debug\Control_velocidad_giro.a(I2C_INT.o)
                                0x26f (size before relaxing)
 .debug_str     0x00001c2e       0x56 .\CortexM3\ARM_GCC_541\Debug\Control_velocidad_giro.a(I2C_PM.o)
                                0x28d (size before relaxing)
 .debug_str     0x00001c84      0x135 .\CortexM3\ARM_GCC_541\Debug\Control_velocidad_giro.a(I2C_MASTER.o)
                                0x3b4 (size before relaxing)
 .debug_str     0x00001db9      0x23d .\CortexM3\ARM_GCC_541\Debug\Control_velocidad_giro.a(LCD_I2C_FUNCS.o)
                                0x4f9 (size before relaxing)
 .debug_str     0x00001ff6      0x124 .\CortexM3\ARM_GCC_541\Debug\Control_velocidad_giro.a(Timer.o)
                                0x305 (size before relaxing)
 .debug_str     0x0000211a       0x58 .\CortexM3\ARM_GCC_541\Debug\Control_velocidad_giro.a(outTimer.o)
                                0x201 (size before relaxing)
 .debug_str     0x00002172      0x10c .\CortexM3\ARM_GCC_541\Debug\Control_velocidad_giro.a(isr_Timer.o)
                                0x2ee (size before relaxing)
 .debug_str     0x0000227e       0x1f .\CortexM3\ARM_GCC_541\Debug\Control_velocidad_giro.a(Clock.o)
                                0x2e6 (size before relaxing)
 .debug_str     0x0000229d      0x138 .\CortexM3\ARM_GCC_541\Debug\Control_velocidad_giro.a(PWM.o)
                                0x348 (size before relaxing)
 .debug_str     0x000023d5       0x4b .\CortexM3\ARM_GCC_541\Debug\Control_velocidad_giro.a(left.o)
                                0x1ed (size before relaxing)
 .debug_str     0x00002420       0x4f .\CortexM3\ARM_GCC_541\Debug\Control_velocidad_giro.a(rigth.o)
                                0x1f2 (size before relaxing)
 .debug_str     0x0000246f      0x140 .\CortexM3\ARM_GCC_541\Debug\Control_velocidad_giro.a(isr_Encoder_A.o)
                                0x326 (size before relaxing)
 .debug_str     0x000025af      0x1b1 .\CortexM3\ARM_GCC_541\Debug\Control_velocidad_giro.a(CyFlash.o)
                                0x3c6 (size before relaxing)
 .debug_str     0x00002760       0xac .\CortexM3\ARM_GCC_541\Debug\Control_velocidad_giro.a(CySpc.o)
                                0x341 (size before relaxing)
 .debug_str     0x0000280c       0x28 .\CortexM3\ARM_GCC_541\Debug\Control_velocidad_giro.a(LCD_I2C_LL_I2C.o)
                                0x23b (size before relaxing)

.debug_loc      0x00000000     0x2c38
 *(.debug_loc)
 .debug_loc     0x00000000       0x60 .\CortexM3\ARM_GCC_541\Debug\main.o
 .debug_loc     0x00000060      0x325 .\CortexM3\ARM_GCC_541\Debug\LiquidCrystal_I2C.o
 .debug_loc     0x00000385      0x2ec .\CortexM3\ARM_GCC_541\Debug\cyfitter_cfg.o
 .debug_loc     0x00000671      0x144 .\CortexM3\ARM_GCC_541\Debug\Cm3Start.o
 .debug_loc     0x000007b5       0x56 .\CortexM3\ARM_GCC_541\Debug\Control_velocidad_giro.a(isr_Serial.o)
 .debug_loc     0x0000080b      0xa11 .\CortexM3\ARM_GCC_541\Debug\Control_velocidad_giro.a(CyLib.o)
 .debug_loc     0x0000121c      0x1e4 .\CortexM3\ARM_GCC_541\Debug\Control_velocidad_giro.a(cyPm.o)
 .debug_loc     0x00001400      0x258 .\CortexM3\ARM_GCC_541\Debug\Control_velocidad_giro.a(UART_Serial.o)
 .debug_loc     0x00001658      0x128 .\CortexM3\ARM_GCC_541\Debug\Control_velocidad_giro.a(UART_Serial_IntClock.o)
 .debug_loc     0x00001780       0x39 .\CortexM3\ARM_GCC_541\Debug\Control_velocidad_giro.a(I2C.o)
 .debug_loc     0x000017b9       0x29 .\CortexM3\ARM_GCC_541\Debug\Control_velocidad_giro.a(I2C_INT.o)
 .debug_loc     0x000017e2       0x13 .\CortexM3\ARM_GCC_541\Debug\Control_velocidad_giro.a(I2C_PM.o)
 .debug_loc     0x000017f5      0x52f .\CortexM3\ARM_GCC_541\Debug\Control_velocidad_giro.a(I2C_MASTER.o)
 .debug_loc     0x00001d24      0x25b .\CortexM3\ARM_GCC_541\Debug\Control_velocidad_giro.a(LCD_I2C_FUNCS.o)
 .debug_loc     0x00001f7f       0x42 .\CortexM3\ARM_GCC_541\Debug\Control_velocidad_giro.a(outTimer.o)
 .debug_loc     0x00001fc1       0x56 .\CortexM3\ARM_GCC_541\Debug\Control_velocidad_giro.a(isr_Timer.o)
 .debug_loc     0x00002017      0x12c .\CortexM3\ARM_GCC_541\Debug\Control_velocidad_giro.a(Clock.o)
 .debug_loc     0x00002143       0x26 .\CortexM3\ARM_GCC_541\Debug\Control_velocidad_giro.a(PWM.o)
 .debug_loc     0x00002169       0x42 .\CortexM3\ARM_GCC_541\Debug\Control_velocidad_giro.a(left.o)
 .debug_loc     0x000021ab       0x42 .\CortexM3\ARM_GCC_541\Debug\Control_velocidad_giro.a(rigth.o)
 .debug_loc     0x000021ed       0x56 .\CortexM3\ARM_GCC_541\Debug\Control_velocidad_giro.a(isr_Encoder_A.o)
 .debug_loc     0x00002243      0x396 .\CortexM3\ARM_GCC_541\Debug\Control_velocidad_giro.a(CyFlash.o)
 .debug_loc     0x000025d9      0x61d .\CortexM3\ARM_GCC_541\Debug\Control_velocidad_giro.a(CySpc.o)
 .debug_loc     0x00002bf6       0x42 .\CortexM3\ARM_GCC_541\Debug\Control_velocidad_giro.a(LCD_I2C_LL_I2C.o)

.debug_macinfo
 *(.debug_macinfo)

.debug_ranges   0x00000000      0xbf8
 *(.debug_ranges)
 .debug_ranges  0x00000000       0x30 .\CortexM3\ARM_GCC_541\Debug\main.o
 .debug_ranges  0x00000030      0x108 .\CortexM3\ARM_GCC_541\Debug\LiquidCrystal_I2C.o
 .debug_ranges  0x00000138       0x50 .\CortexM3\ARM_GCC_541\Debug\cyfitter_cfg.o
 .debug_ranges  0x00000188       0x38 .\CortexM3\ARM_GCC_541\Debug\Cm3Start.o
 .debug_ranges  0x000001c0       0x70 .\CortexM3\ARM_GCC_541\Debug\Control_velocidad_giro.a(isr_Serial.o)
 .debug_ranges  0x00000230      0x290 .\CortexM3\ARM_GCC_541\Debug\Control_velocidad_giro.a(CyLib.o)
 .debug_ranges  0x000004c0       0x88 .\CortexM3\ARM_GCC_541\Debug\Control_velocidad_giro.a(cyPm.o)
 .debug_ranges  0x00000548       0xe0 .\CortexM3\ARM_GCC_541\Debug\Control_velocidad_giro.a(UART_Serial.o)
 .debug_ranges  0x00000628       0x60 .\CortexM3\ARM_GCC_541\Debug\Control_velocidad_giro.a(UART_Serial_IntClock.o)
 .debug_ranges  0x00000688       0x28 .\CortexM3\ARM_GCC_541\Debug\Control_velocidad_giro.a(I2C.o)
 .debug_ranges  0x000006b0       0x10 .\CortexM3\ARM_GCC_541\Debug\Control_velocidad_giro.a(I2C_INT.o)
 .debug_ranges  0x000006c0       0x28 .\CortexM3\ARM_GCC_541\Debug\Control_velocidad_giro.a(I2C_PM.o)
 .debug_ranges  0x000006e8       0x70 .\CortexM3\ARM_GCC_541\Debug\Control_velocidad_giro.a(I2C_MASTER.o)
 .debug_ranges  0x00000758       0xf0 .\CortexM3\ARM_GCC_541\Debug\Control_velocidad_giro.a(LCD_I2C_FUNCS.o)
 .debug_ranges  0x00000848       0x78 .\CortexM3\ARM_GCC_541\Debug\Control_velocidad_giro.a(Timer.o)
 .debug_ranges  0x000008c0       0x28 .\CortexM3\ARM_GCC_541\Debug\Control_velocidad_giro.a(outTimer.o)
 .debug_ranges  0x000008e8       0x70 .\CortexM3\ARM_GCC_541\Debug\Control_velocidad_giro.a(isr_Timer.o)
 .debug_ranges  0x00000958       0x60 .\CortexM3\ARM_GCC_541\Debug\Control_velocidad_giro.a(Clock.o)
 .debug_ranges  0x000009b8       0x88 .\CortexM3\ARM_GCC_541\Debug\Control_velocidad_giro.a(PWM.o)
 .debug_ranges  0x00000a40       0x28 .\CortexM3\ARM_GCC_541\Debug\Control_velocidad_giro.a(left.o)
 .debug_ranges  0x00000a68       0x28 .\CortexM3\ARM_GCC_541\Debug\Control_velocidad_giro.a(rigth.o)
 .debug_ranges  0x00000a90       0x70 .\CortexM3\ARM_GCC_541\Debug\Control_velocidad_giro.a(isr_Encoder_A.o)
 .debug_ranges  0x00000b00       0x78 .\CortexM3\ARM_GCC_541\Debug\Control_velocidad_giro.a(CyFlash.o)
 .debug_ranges  0x00000b78       0x70 .\CortexM3\ARM_GCC_541\Debug\Control_velocidad_giro.a(CySpc.o)
 .debug_ranges  0x00000be8       0x10 .\CortexM3\ARM_GCC_541\Debug\Control_velocidad_giro.a(LCD_I2C_LL_I2C.o)

.comment        0x00000000       0x6e
 .comment       0x00000000       0x6e .\CortexM3\ARM_GCC_541\Debug\main.o
                                 0x6f (size before relaxing)
 .comment       0x0000006e       0x6f .\CortexM3\ARM_GCC_541\Debug\LiquidCrystal_I2C.o
 .comment       0x0000006e       0x6f .\CortexM3\ARM_GCC_541\Debug\cyfitter_cfg.o
 .comment       0x0000006e       0x6f .\CortexM3\ARM_GCC_541\Debug\cymetadata.o
 .comment       0x0000006e       0x6f .\CortexM3\ARM_GCC_541\Debug\Cm3Start.o
 .comment       0x0000006e       0x6f .\CortexM3\ARM_GCC_541\Debug\Control_velocidad_giro.a(isr_Serial.o)
 .comment       0x0000006e       0x6f .\CortexM3\ARM_GCC_541\Debug\Control_velocidad_giro.a(CyLib.o)
 .comment       0x0000006e       0x6f .\CortexM3\ARM_GCC_541\Debug\Control_velocidad_giro.a(cyPm.o)
 .comment       0x0000006e       0x6f .\CortexM3\ARM_GCC_541\Debug\Control_velocidad_giro.a(UART_Serial.o)
 .comment       0x0000006e       0x6f .\CortexM3\ARM_GCC_541\Debug\Control_velocidad_giro.a(UART_Serial_IntClock.o)
 .comment       0x0000006e       0x6f .\CortexM3\ARM_GCC_541\Debug\Control_velocidad_giro.a(I2C.o)
 .comment       0x0000006e       0x6f .\CortexM3\ARM_GCC_541\Debug\Control_velocidad_giro.a(I2C_INT.o)
 .comment       0x0000006e       0x6f .\CortexM3\ARM_GCC_541\Debug\Control_velocidad_giro.a(I2C_PM.o)
 .comment       0x0000006e       0x6f .\CortexM3\ARM_GCC_541\Debug\Control_velocidad_giro.a(I2C_MASTER.o)
 .comment       0x0000006e       0x6f .\CortexM3\ARM_GCC_541\Debug\Control_velocidad_giro.a(LCD_I2C_FUNCS.o)
 .comment       0x0000006e       0x6f .\CortexM3\ARM_GCC_541\Debug\Control_velocidad_giro.a(Timer.o)
 .comment       0x0000006e       0x6f .\CortexM3\ARM_GCC_541\Debug\Control_velocidad_giro.a(outTimer.o)
 .comment       0x0000006e       0x6f .\CortexM3\ARM_GCC_541\Debug\Control_velocidad_giro.a(isr_Timer.o)
 .comment       0x0000006e       0x6f .\CortexM3\ARM_GCC_541\Debug\Control_velocidad_giro.a(Clock.o)
 .comment       0x0000006e       0x6f .\CortexM3\ARM_GCC_541\Debug\Control_velocidad_giro.a(PWM.o)
 .comment       0x0000006e       0x6f .\CortexM3\ARM_GCC_541\Debug\Control_velocidad_giro.a(left.o)
 .comment       0x0000006e       0x6f .\CortexM3\ARM_GCC_541\Debug\Control_velocidad_giro.a(rigth.o)
 .comment       0x0000006e       0x6f .\CortexM3\ARM_GCC_541\Debug\Control_velocidad_giro.a(isr_Encoder_A.o)
 .comment       0x0000006e       0x6f .\CortexM3\ARM_GCC_541\Debug\Control_velocidad_giro.a(CyFlash.o)
 .comment       0x0000006e       0x6f .\CortexM3\ARM_GCC_541\Debug\Control_velocidad_giro.a(CySpc.o)
 .comment       0x0000006e       0x6f .\CortexM3\ARM_GCC_541\Debug\Control_velocidad_giro.a(LCD_I2C_LL_I2C.o)

.debug_weaknames
 *(.debug_weaknames)

.debug_funcnames
 *(.debug_funcnames)

.debug_typenames
 *(.debug_typenames)

.debug_varnames
 *(.debug_varnames)

.note.gnu.arm.ident
 *(.note.gnu.arm.ident)

.ARM.attributes
                0x00000000       0x29
 *(.ARM.attributes)
 .ARM.attributes
                0x00000000       0x1d c:/program files (x86)/cypress/psoc creator/4.4/psoc creator/import/gnu/arm/5.4.1/bin/../lib/gcc/arm-none-eabi/5.4.1/armv7-m/crti.o
 .ARM.attributes
                0x0000001d       0x2d c:/program files (x86)/cypress/psoc creator/4.4/psoc creator/import/gnu/arm/5.4.1/bin/../lib/gcc/arm-none-eabi/5.4.1/armv7-m/crtbegin.o
 .ARM.attributes
                0x0000004a       0x1b c:/program files (x86)/cypress/psoc creator/4.4/psoc creator/import/gnu/arm/5.4.1/bin/../lib/gcc/arm-none-eabi/5.4.1/../../../../arm-none-eabi/lib/armv7-m/crt0.o
 .ARM.attributes
                0x00000065       0x33 .\CortexM3\ARM_GCC_541\Debug\main.o
 .ARM.attributes
                0x00000098       0x33 .\CortexM3\ARM_GCC_541\Debug\LiquidCrystal_I2C.o
 .ARM.attributes
                0x000000cb       0x33 .\CortexM3\ARM_GCC_541\Debug\cyfitter_cfg.o
 .ARM.attributes
                0x000000fe       0x33 .\CortexM3\ARM_GCC_541\Debug\cymetadata.o
 .ARM.attributes
                0x00000131       0x33 .\CortexM3\ARM_GCC_541\Debug\Cm3Start.o
 .ARM.attributes
                0x00000164       0x33 .\CortexM3\ARM_GCC_541\Debug\Control_velocidad_giro.a(isr_Serial.o)
 .ARM.attributes
                0x00000197       0x33 .\CortexM3\ARM_GCC_541\Debug\Control_velocidad_giro.a(CyLib.o)
 .ARM.attributes
                0x000001ca       0x33 .\CortexM3\ARM_GCC_541\Debug\Control_velocidad_giro.a(cyPm.o)
 .ARM.attributes
                0x000001fd       0x33 .\CortexM3\ARM_GCC_541\Debug\Control_velocidad_giro.a(UART_Serial.o)
 .ARM.attributes
                0x00000230       0x33 .\CortexM3\ARM_GCC_541\Debug\Control_velocidad_giro.a(UART_Serial_IntClock.o)
 .ARM.attributes
                0x00000263       0x33 .\CortexM3\ARM_GCC_541\Debug\Control_velocidad_giro.a(I2C.o)
 .ARM.attributes
                0x00000296       0x33 .\CortexM3\ARM_GCC_541\Debug\Control_velocidad_giro.a(I2C_INT.o)
 .ARM.attributes
                0x000002c9       0x33 .\CortexM3\ARM_GCC_541\Debug\Control_velocidad_giro.a(I2C_PM.o)
 .ARM.attributes
                0x000002fc       0x33 .\CortexM3\ARM_GCC_541\Debug\Control_velocidad_giro.a(I2C_MASTER.o)
 .ARM.attributes
                0x0000032f       0x33 .\CortexM3\ARM_GCC_541\Debug\Control_velocidad_giro.a(LCD_I2C_FUNCS.o)
 .ARM.attributes
                0x00000362       0x33 .\CortexM3\ARM_GCC_541\Debug\Control_velocidad_giro.a(Timer.o)
 .ARM.attributes
                0x00000395       0x33 .\CortexM3\ARM_GCC_541\Debug\Control_velocidad_giro.a(outTimer.o)
 .ARM.attributes
                0x000003c8       0x33 .\CortexM3\ARM_GCC_541\Debug\Control_velocidad_giro.a(isr_Timer.o)
 .ARM.attributes
                0x000003fb       0x33 .\CortexM3\ARM_GCC_541\Debug\Control_velocidad_giro.a(Clock.o)
 .ARM.attributes
                0x0000042e       0x33 .\CortexM3\ARM_GCC_541\Debug\Control_velocidad_giro.a(PWM.o)
 .ARM.attributes
                0x00000461       0x33 .\CortexM3\ARM_GCC_541\Debug\Control_velocidad_giro.a(left.o)
 .ARM.attributes
                0x00000494       0x33 .\CortexM3\ARM_GCC_541\Debug\Control_velocidad_giro.a(rigth.o)
 .ARM.attributes
                0x000004c7       0x33 .\CortexM3\ARM_GCC_541\Debug\Control_velocidad_giro.a(isr_Encoder_A.o)
 .ARM.attributes
                0x000004fa       0x21 .\CortexM3\ARM_GCC_541\Debug\Control_velocidad_giro.a(CyBootAsmGnu.o)
 .ARM.attributes
                0x0000051b       0x33 .\CortexM3\ARM_GCC_541\Debug\Control_velocidad_giro.a(CyFlash.o)
 .ARM.attributes
                0x0000054e       0x33 .\CortexM3\ARM_GCC_541\Debug\Control_velocidad_giro.a(CySpc.o)
 .ARM.attributes
                0x00000581       0x33 .\CortexM3\ARM_GCC_541\Debug\Control_velocidad_giro.a(LCD_I2C_LL_I2C.o)
 .ARM.attributes
                0x000005b4       0x2d c:/program files (x86)/cypress/psoc creator/4.4/psoc creator/import/gnu/arm/5.4.1/bin/../lib/gcc/arm-none-eabi/5.4.1/../../../../arm-none-eabi/lib/armv7-m\libm.a(lib_a-w_log.o)
 .ARM.attributes
                0x000005e1       0x2d c:/program files (x86)/cypress/psoc creator/4.4/psoc creator/import/gnu/arm/5.4.1/bin/../lib/gcc/arm-none-eabi/5.4.1/../../../../arm-none-eabi/lib/armv7-m\libm.a(lib_a-e_log.o)
 .ARM.attributes
                0x0000060e       0x2d c:/program files (x86)/cypress/psoc creator/4.4/psoc creator/import/gnu/arm/5.4.1/bin/../lib/gcc/arm-none-eabi/5.4.1/../../../../arm-none-eabi/lib/armv7-m\libm.a(lib_a-s_lib_ver.o)
 .ARM.attributes